Archive member included to satisfy reference by file (symbol)

C:/Users/anass/.pico-sdk/toolchain/13_2_Rel1/bin/../lib/gcc/arm-none-eabi/13.2.1/thumb/v6-m/nofp\libgcc.a(_dvmd_tls.o)
                              CMakeFiles/AnassPad.dir/C_/Users/anass/.pico-sdk/sdk/2.0.0/src/rp2_common/pico_divider/divider_hardware.S.obj (__aeabi_idiv0)
C:/Users/anass/.pico-sdk/toolchain/13_2_Rel1/bin/../lib/gcc/arm-none-eabi/13.2.1/thumb/v6-m/nofp\libg.a(libc_a-calloc.o)
                              CMakeFiles/AnassPad.dir/C_/Users/anass/.pico-sdk/sdk/2.0.0/src/rp2_common/pico_malloc/malloc.c.obj (calloc)
C:/Users/anass/.pico-sdk/toolchain/13_2_Rel1/bin/../lib/gcc/arm-none-eabi/13.2.1/thumb/v6-m/nofp\libg.a(libc_a-callocr.o)
                              C:/Users/anass/.pico-sdk/toolchain/13_2_Rel1/bin/../lib/gcc/arm-none-eabi/13.2.1/thumb/v6-m/nofp\libg.a(libc_a-calloc.o) (_calloc_r)
C:/Users/anass/.pico-sdk/toolchain/13_2_Rel1/bin/../lib/gcc/arm-none-eabi/13.2.1/thumb/v6-m/nofp\libg.a(libc_a-malloc.o)
                              CMakeFiles/AnassPad.dir/C_/Users/anass/.pico-sdk/sdk/2.0.0/src/rp2_common/pico_malloc/malloc.c.obj (malloc)
C:/Users/anass/.pico-sdk/toolchain/13_2_Rel1/bin/../lib/gcc/arm-none-eabi/13.2.1/thumb/v6-m/nofp\libg.a(libc_a-mallocr.o)
                              C:/Users/anass/.pico-sdk/toolchain/13_2_Rel1/bin/../lib/gcc/arm-none-eabi/13.2.1/thumb/v6-m/nofp\libg.a(libc_a-callocr.o) (_malloc_r)
C:/Users/anass/.pico-sdk/toolchain/13_2_Rel1/bin/../lib/gcc/arm-none-eabi/13.2.1/thumb/v6-m/nofp\libg.a(libc_a-mlock.o)
                              C:/Users/anass/.pico-sdk/toolchain/13_2_Rel1/bin/../lib/gcc/arm-none-eabi/13.2.1/thumb/v6-m/nofp\libg.a(libc_a-mallocr.o) (__malloc_lock)
C:/Users/anass/.pico-sdk/toolchain/13_2_Rel1/bin/../lib/gcc/arm-none-eabi/13.2.1/thumb/v6-m/nofp\libg.a(libc_a-realloc.o)
                              CMakeFiles/AnassPad.dir/C_/Users/anass/.pico-sdk/sdk/2.0.0/src/rp2_common/pico_malloc/malloc.c.obj (realloc)
C:/Users/anass/.pico-sdk/toolchain/13_2_Rel1/bin/../lib/gcc/arm-none-eabi/13.2.1/thumb/v6-m/nofp\libg.a(libc_a-reallocr.o)
                              C:/Users/anass/.pico-sdk/toolchain/13_2_Rel1/bin/../lib/gcc/arm-none-eabi/13.2.1/thumb/v6-m/nofp\libg.a(libc_a-realloc.o) (_realloc_r)
C:/Users/anass/.pico-sdk/toolchain/13_2_Rel1/bin/../lib/gcc/arm-none-eabi/13.2.1/thumb/v6-m/nofp\libg.a(libc_a-memcmp.o)
                              CMakeFiles/AnassPad.dir/C_/Users/anass/.pico-sdk/sdk/2.0.0/src/rp2_common/pico_atomic/atomic.c.obj (memcmp)
C:/Users/anass/.pico-sdk/toolchain/13_2_Rel1/bin/../lib/gcc/arm-none-eabi/13.2.1/thumb/v6-m/nofp\libg.a(libc_a-memmove.o)
                              C:/Users/anass/.pico-sdk/toolchain/13_2_Rel1/bin/../lib/gcc/arm-none-eabi/13.2.1/thumb/v6-m/nofp\libg.a(libc_a-reallocr.o) (memmove)
C:/Users/anass/.pico-sdk/toolchain/13_2_Rel1/bin/../lib/gcc/arm-none-eabi/13.2.1/thumb/v6-m/nofp\libg.a(libc_a-lcltime_r.o)
                              CMakeFiles/AnassPad.dir/C_/Users/anass/.pico-sdk/sdk/2.0.0/src/common/pico_util/datetime.c.obj (localtime_r)
C:/Users/anass/.pico-sdk/toolchain/13_2_Rel1/bin/../lib/gcc/arm-none-eabi/13.2.1/thumb/v6-m/nofp\libg.a(libc_a-mktime.o)
                              CMakeFiles/AnassPad.dir/C_/Users/anass/.pico-sdk/sdk/2.0.0/src/common/pico_util/datetime.c.obj (mktime)
C:/Users/anass/.pico-sdk/toolchain/13_2_Rel1/bin/../lib/gcc/arm-none-eabi/13.2.1/thumb/v6-m/nofp\libg.a(libc_a-month_lengths.o)
                              C:/Users/anass/.pico-sdk/toolchain/13_2_Rel1/bin/../lib/gcc/arm-none-eabi/13.2.1/thumb/v6-m/nofp\libg.a(libc_a-lcltime_r.o) (__month_lengths)
C:/Users/anass/.pico-sdk/toolchain/13_2_Rel1/bin/../lib/gcc/arm-none-eabi/13.2.1/thumb/v6-m/nofp\libg.a(libc_a-tzcalc_limits.o)
                              C:/Users/anass/.pico-sdk/toolchain/13_2_Rel1/bin/../lib/gcc/arm-none-eabi/13.2.1/thumb/v6-m/nofp\libg.a(libc_a-lcltime_r.o) (__tzcalc_limits)
C:/Users/anass/.pico-sdk/toolchain/13_2_Rel1/bin/../lib/gcc/arm-none-eabi/13.2.1/thumb/v6-m/nofp\libg.a(libc_a-tzlock.o)
                              C:/Users/anass/.pico-sdk/toolchain/13_2_Rel1/bin/../lib/gcc/arm-none-eabi/13.2.1/thumb/v6-m/nofp\libg.a(libc_a-lcltime_r.o) (__tz_lock)
C:/Users/anass/.pico-sdk/toolchain/13_2_Rel1/bin/../lib/gcc/arm-none-eabi/13.2.1/thumb/v6-m/nofp\libg.a(libc_a-tzset.o)
                              C:/Users/anass/.pico-sdk/toolchain/13_2_Rel1/bin/../lib/gcc/arm-none-eabi/13.2.1/thumb/v6-m/nofp\libg.a(libc_a-lcltime_r.o) (_tzset_unlocked)
C:/Users/anass/.pico-sdk/toolchain/13_2_Rel1/bin/../lib/gcc/arm-none-eabi/13.2.1/thumb/v6-m/nofp\libg.a(libc_a-tzset_r.o)
                              C:/Users/anass/.pico-sdk/toolchain/13_2_Rel1/bin/../lib/gcc/arm-none-eabi/13.2.1/thumb/v6-m/nofp\libg.a(libc_a-tzset.o) (_tzset_unlocked_r)
C:/Users/anass/.pico-sdk/toolchain/13_2_Rel1/bin/../lib/gcc/arm-none-eabi/13.2.1/thumb/v6-m/nofp\libg.a(libc_a-tzvars.o)
[...]
Memory Configuration

Name             Origin             Length             Attributes
FLASH            0x10000000         0x00200000         xr
RAM              0x20000000         0x00040000         xrw
SCRATCH_X        0x20040000         0x00001000         xrw
SCRATCH_Y        0x20041000         0x00001000         xrw
*default*        0x00000000         0xffffffff

Linker script and memory map

LOAD C:/Users/anass/.pico-sdk/toolchain/13_2_Rel1/bin/../lib/gcc/arm-none-eabi/13.2.1/thumb/v6-m/nofp/crti.o
LOAD C:/Users/anass/.pico-sdk/toolchain/13_2_Rel1/bin/../lib/gcc/arm-none-eabi/13.2.1/thumb/v6-m/nofp/crtbegin.o
LOAD C:/Users/anass/.pico-sdk/toolchain/13_2_Rel1/bin/../lib/gcc/arm-none-eabi/13.2.1/thumb/v6-m/nofp/crt0.o

.flash_begin    0x10000000        0x0
                0x10000000                        __flash_binary_start = .

.boot2          0x10000000      0x100
                0x10000000                        __boot2_start__ = .
 *(.boot2)
 .boot2         0x10000000      0x100 C:\Users\anass\AppData\Local\Temp\ccaPfDXT.o
                0x10000100                        __boot2_end__ = .
                0x00000001                        ASSERT (((__boot2_end__ - __boot2_start__) == 0x100), ERROR: Pico second stage bootloader must be 256 bytes in size)

.text           0x10000100     0x67b4
                0x10000100                        __logical_binary_start = .
 *(.vectors)
 .vectors       0x10000100       0xd4 CMakeFiles/AnassPad.dir/C_/Users/anass/.pico-sdk/sdk/2.0.0/src/rp2_common/pico_crt0/crt0.S.obj
                0x10000100                __VECTOR_TABLE
                0x10000100                __vectors
                0x100001c0                isr_invalid
                0x100001c0                __default_isrs_start
                0x100001c2                isr_nmi
                0x100001c4                isr_hardfault
                0x100001c6                isr_svcall
                0x100001c8                isr_pendsv
                0x100001ca                isr_systick
                0x100001cc                isr_irq23
                0x100001cc                isr_irq18
                0x100001cc                isr_irq11
                0x100001cc                isr_irq28
                0x100001cc                isr_irq19
                0x100001cc                isr_irq0
                0x100001cc                isr_irq6
                0x100001cc                isr_irq5
                0x100001cc                isr_irq12
                0x100001cc                isr_irq22
                0x100001cc                isr_irq31
                0x100001cc                isr_irq17
                0x100001cc                isr_irq27
                0x100001cc                isr_irq30
                0x100001cc                isr_irq2
                0x100001cc                isr_irq10
                0x100001cc                isr_irq8
                0x100001cc                isr_irq24
                0x100001cc                isr_irq1
                0x100001cc                isr_irq7
                0x100001cc                isr_irq21
                0x100001cc                isr_irq20
                0x100001cc                isr_irq15
                0x100001cc                isr_irq25
                0x100001cc                isr_irq13
                0x100001cc                __unhandled_user_irq
                0x100001cc                isr_irq4
                0x100001cc                isr_irq16
                0x100001cc                isr_irq29
                0x100001cc                isr_irq26
                0x100001cc                __default_isrs_end
                0x100001cc                isr_irq3
                0x100001cc                isr_irq14
                0x100001cc                isr_irq9
                0x100001d2                unhandled_user_irq_num_in_r0
 *(.binary_info_header)
 .binary_info_header
                0x100001d4       0x14 CMakeFiles/AnassPad.dir/C_/Users/anass/.pico-sdk/sdk/2.0.0/src/rp2_common/pico_crt0/crt0.S.obj
                0x100001e8                        __binary_info_header_end = .
 *(.embedded_block)
                0x100001e8                        __embedded_block_end = .
 *(.reset)
 .reset         0x100001e8       0x9c CMakeFiles/AnassPad.dir/C_/Users/anass/.pico-sdk/sdk/2.0.0/src/rp2_common/pico_crt0/crt0.S.obj
                0x100001e8                _entry_point
 *(.init)
 .init          0x10000284        0x4 C:/Users/anass/.pico-sdk/toolchain/13_2_Rel1/bin/../lib/gcc/arm-none-eabi/13.2.1/thumb/v6-m/nofp/crti.o
                0x10000284                _init
 *(EXCLUDE_FILE(*libm.a: *libc.a:*lib_a-mem*.o *libgcc.a:) .text*)
 .text.register_tm_clones
                0x10000288       0x28 C:/Users/anass/.pico-sdk/toolchain/13_2_Rel1/bin/../lib/gcc/arm-none-eabi/13.2.1/thumb/v6-m/nofp/crtbegin.o
 .text.frame_dummy
                0x100002b0       0x24 C:/Users/anass/.pico-sdk/toolchain/13_2_Rel1/bin/../lib/gcc/arm-none-eabi/13.2.1/thumb/v6-m/nofp/crtbegin.o
 .text.adc_gpio_init
                0x100002d4       0x20 CMakeFiles/AnassPad.dir/AnassPad.c.obj
 .text.startup.main
                0x100002f4       0xa8 CMakeFiles/AnassPad.dir/AnassPad.c.obj
                0x100002f4                main
 .text.gpio_set_function
                0x1000039c       0x34 CMakeFiles/AnassPad.dir/C_/Users/anass/.pico-sdk/sdk/2.0.0/src/rp2_common/hardware_gpio/gpio.c.obj
                0x1000039c                gpio_set_function
 .text.gpio_set_pulls
                0x100003d0       0x28 CMakeFiles/AnassPad.dir/C_/Users/anass/.pico-sdk/sdk/2.0.0/src/rp2_common/hardware_gpio/gpio.c.obj
                0x100003d0                gpio_set_pulls
 .text.gpio_set_input_enabled
                0x100003f8       0x28 CMakeFiles/AnassPad.dir/C_/Users/anass/.pico-sdk/sdk/2.0.0/src/rp2_common/hardware_gpio/gpio.c.obj
                0x100003f8                gpio_set_input_enabled
 .text.rp2040_chip_version
                0x10000420        0xc CMakeFiles/AnassPad.dir/C_/Users/anass/.pico-sdk/sdk/2.0.0/src/rp2040/pico_platform/platform.c.obj
                0x10000420                rp2040_chip_version
 .text.panic    0x1000042c       0x30 CMakeFiles/AnassPad.dir/C_/Users/anass/.pico-sdk/sdk/2.0.0/src/rp2_common/pico_platform_panic/panic.c.obj
                0x1000042c                panic
 .text.hw_claim_or_assert
                0x1000045c       0x44 CMakeFiles/AnassPad.dir/C_/Users/anass/.pico-sdk/sdk/2.0.0/src/common/hardware_claim/claim.c.obj
                0x1000045c                hw_claim_or_assert
 .text.hw_claim_unused_from_range
                0x100004a0       0x9c CMakeFiles/AnassPad.dir/C_/Users/anass/.pico-sdk/sdk/2.0.0/src/common/hardware_claim/claim.c.obj
                0x100004a0                hw_claim_unused_from_range
 .text.next_striped_spin_lock_num
                0x1000053c       0x18 CMakeFiles/AnassPad.dir/C_/Users/anass/.pico-sdk/sdk/2.0.0/src/rp2_common/hardware_sync/sync.c.obj
                0x1000053c                next_striped_spin_lock_num
 .text.spin_lock_claim_unused
                0x10000554       0x24 CMakeFiles/AnassPad.dir/C_/Users/anass/.pico-sdk/sdk/2.0.0/src/rp2_common/hardware_sync/sync.c.obj
                0x10000554                spin_lock_claim_unused
 .text.spin_locks_reset
                0x10000578       0x1c CMakeFiles/AnassPad.dir/C_/Users/anass/.pico-sdk/sdk/2.0.0/src/rp2_common/hardware_sync_spin_lock/sync_spin_lock.c.obj
                0x10000578                spin_locks_reset
 .text.runtime_init_per_core_irq_priorities
                0x10000594       0x24 CMakeFiles/AnassPad.dir/C_/Users/anass/.pico-sdk/sdk/2.0.0/src/rp2_common/hardware_irq/irq.c.obj
                0x10000594                runtime_init_per_core_irq_priorities
 .text.irq_set_enabled
                0x100005b8       0x24 CMakeFiles/AnassPad.dir/C_/Users/anass/.pico-sdk/sdk/2.0.0/src/rp2_common/hardware_irq/irq.c.obj
                0x100005b8                irq_set_enabled
 .text.irq_is_enabled
                0x100005dc       0x18 CMakeFiles/AnassPad.dir/C_/Users/anass/.pico-sdk/sdk/2.0.0/src/rp2_common/hardware_irq/irq.c.obj
                0x100005dc                irq_is_enabled
 .text.irq_set_pending
                0x100005f4       0x10 CMakeFiles/AnassPad.dir/C_/Users/anass/.pico-sdk/sdk/2.0.0/src/rp2_common/hardware_irq/irq.c.obj
                0x100005f4                irq_set_pending
 .text.irq_has_shared_handler
                0x10000604       0x2c CMakeFiles/AnassPad.dir/C_/Users/anass/.pico-sdk/sdk/2.0.0/src/rp2_common/hardware_irq/irq.c.obj
                0x10000604                irq_has_shared_handler
 .text.irq_set_exclusive_handler
                0x10000630       0x54 CMakeFiles/AnassPad.dir/C_/Users/anass/.pico-sdk/sdk/2.0.0/src/rp2_common/hardware_irq/irq.c.obj
                0x10000630                irq_set_exclusive_handler
 .text.irq_add_shared_handler
                0x10000684      0x1f4 CMakeFiles/AnassPad.dir/C_/Users/anass/.pico-sdk/sdk/2.0.0/src/rp2_common/hardware_irq/irq.c.obj
                0x10000684                irq_add_shared_handler
 .text.irq_add_tail_to_free_list
                0x10000878       0xb4 CMakeFiles/AnassPad.dir/C_/Users/anass/.pico-sdk/sdk/2.0.0/src/rp2_common/hardware_irq/irq.c.obj
                0x10000878                irq_add_tail_to_free_list
 .text.user_irq_claim_unused
                0x1000092c       0x2c CMakeFiles/AnassPad.dir/C_/Users/anass/.pico-sdk/sdk/2.0.0/src/rp2_common/hardware_irq/irq.c.obj
                0x1000092c                user_irq_claim_unused
 .text.lock_init
                0x10000958       0x10 CMakeFiles/AnassPad.dir/C_/Users/anass/.pico-sdk/sdk/2.0.0/src/common/pico_sync/lock_core.c.obj
                0x10000958                lock_init
 .text.runtime_init_mutex
                0x10000968       0x50 CMakeFiles/AnassPad.dir/C_/Users/anass/.pico-sdk/sdk/2.0.0/src/common/pico_sync/mutex.c.obj
                0x10000968                runtime_init_mutex
 .text.mutex_init
                0x100009b8       0x1c CMakeFiles/AnassPad.dir/C_/Users/anass/.pico-sdk/sdk/2.0.0/src/common/pico_sync/mutex.c.obj
                0x100009b8                mutex_init
 .text.critical_section_init
                0x100009d4       0x1c CMakeFiles/AnassPad.dir/C_/Users/anass/.pico-sdk/sdk/2.0.0/src/common/pico_sync/critical_section.c.obj
                0x100009d4                critical_section_init
 .text.critical_section_init_with_lock_num
                0x100009f0       0x14 CMakeFiles/AnassPad.dir/C_/Users/anass/.pico-sdk/sdk/2.0.0/src/common/pico_sync/critical_section.c.obj
                0x100009f0                critical_section_init_with_lock_num
 .text.sleep_until_callback
                0x10000a04       0x30 CMakeFiles/AnassPad.dir/C_/Users/anass/.pico-sdk/sdk/2.0.0/src/common/pico_time/time.c.obj
 .text.alarm_pool_irq_handler
                0x10000a34      0x2e4 CMakeFiles/AnassPad.dir/C_/Users/anass/.pico-sdk/sdk/2.0.0/src/common/pico_time/time.c.obj
 .text.runtime_init_default_alarm_pool
                0x10000d18       0xdc CMakeFiles/AnassPad.dir/C_/Users/anass/.pico-sdk/sdk/2.0.0/src/common/pico_time/time.c.obj
                0x10000d18                runtime_init_default_alarm_pool
 .text.alarm_pool_get_default
                0x10000df4        0x8 CMakeFiles/AnassPad.dir/C_/Users/anass/.pico-sdk/sdk/2.0.0/src/common/pico_time/time.c.obj
                0x10000df4                alarm_pool_get_default
 .text.alarm_pool_add_alarm_at
                0x10000dfc       0xd4 CMakeFiles/AnassPad.dir/C_/Users/anass/.pico-sdk/sdk/2.0.0/src/common/pico_time/time.c.obj
                0x10000dfc                alarm_pool_add_alarm_at
 .text.alarm_pool_add_alarm_at_force_in_context
                0x10000ed0       0xb0 CMakeFiles/AnassPad.dir/C_/Users/anass/.pico-sdk/sdk/2.0.0/src/common/pico_time/time.c.obj
                0x10000ed0                alarm_pool_add_alarm_at_force_in_context
 .text.alarm_pool_cancel_alarm
                0x10000f80       0x74 CMakeFiles/AnassPad.dir/C_/Users/anass/.pico-sdk/sdk/2.0.0/src/common/pico_time/time.c.obj
                0x10000f80                alarm_pool_cancel_alarm
 .text.alarm_pool_core_num
                0x10000ff4        0x4 CMakeFiles/AnassPad.dir/C_/Users/anass/.pico-sdk/sdk/2.0.0/src/common/pico_time/time.c.obj
                0x10000ff4                alarm_pool_core_num
 .text.sleep_until
                0x10000ff8       0xd8 CMakeFiles/AnassPad.dir/C_/Users/anass/.pico-sdk/sdk/2.0.0/src/common/pico_time/time.c.obj
                0x10000ff8                sleep_until
 .text.sleep_ms
                0x100010d0       0x38 CMakeFiles/AnassPad.dir/C_/Users/anass/.pico-sdk/sdk/2.0.0/src/common/pico_time/time.c.obj
                0x100010d0                sleep_ms
 .text.best_effort_wfe_or_timeout
                0x10001108      0x134 CMakeFiles/AnassPad.dir/C_/Users/anass/.pico-sdk/sdk/2.0.0/src/common/pico_time/time.c.obj
                0x10001108                best_effort_wfe_or_timeout
 .text.timer_hardware_alarm_claim
                0x1000123c       0x14 CMakeFiles/AnassPad.dir/C_/Users/anass/.pico-sdk/sdk/2.0.0/src/rp2_common/hardware_timer/timer.c.obj
                0x1000123c                timer_hardware_alarm_claim
 .text.timer_time_us_64
                0x10001250       0x10 CMakeFiles/AnassPad.dir/C_/Users/anass/.pico-sdk/sdk/2.0.0/src/rp2_common/hardware_timer/timer.c.obj
                0x10001250                timer_time_us_64
 .text.time_us_64
                0x10001260       0x14 CMakeFiles/AnassPad.dir/C_/Users/anass/.pico-sdk/sdk/2.0.0/src/rp2_common/hardware_timer/timer.c.obj
                0x10001260                time_us_64
 .text.busy_wait_until
                0x10001274       0x20 CMakeFiles/AnassPad.dir/C_/Users/anass/.pico-sdk/sdk/2.0.0/src/rp2_common/hardware_timer/timer.c.obj
                0x10001274                busy_wait_until
 .text.clock_configure_int_divider
                0x10001294       0xf4 CMakeFiles/AnassPad.dir/C_/Users/anass/.pico-sdk/sdk/2.0.0/src/rp2_common/hardware_clocks/clocks.c.obj
                0x10001294                clock_configure_int_divider
 .text.clock_configure_undivided
                0x10001388       0xe8 CMakeFiles/AnassPad.dir/C_/Users/anass/.pico-sdk/sdk/2.0.0/src/rp2_common/hardware_clocks/clocks.c.obj
                0x10001388                clock_configure_undivided
 .text.clock_get_hz
                0x10001470        0xc CMakeFiles/AnassPad.dir/C_/Users/anass/.pico-sdk/sdk/2.0.0/src/rp2_common/hardware_clocks/clocks.c.obj
                0x10001470                clock_get_hz
 .text.pll_init
                0x1000147c       0xa4 CMakeFiles/AnassPad.dir/C_/Users/anass/.pico-sdk/sdk/2.0.0/src/rp2_common/hardware_pll/pll.c.obj
                0x1000147c                pll_init
 .text.watchdog_reboot
                0x10001520       0x9c CMakeFiles/AnassPad.dir/C_/Users/anass/.pico-sdk/sdk/2.0.0/src/rp2_common/hardware_watchdog/watchdog.c.obj
                0x10001520                watchdog_reboot
 .text.tick_start
                0x100015bc       0x10 CMakeFiles/AnassPad.dir/C_/Users/anass/.pico-sdk/sdk/2.0.0/src/rp2_common/hardware_ticks/ticks.c.obj
                0x100015bc                tick_start
 .text.xosc_init
                0x100015cc       0x28 CMakeFiles/AnassPad.dir/C_/Users/anass/.pico-sdk/sdk/2.0.0/src/rp2_common/hardware_xosc/xosc.c.obj
                0x100015cc                xosc_init
 .text.first_per_core_initializer
                0x100015f4        0x4 CMakeFiles/AnassPad.dir/C_/Users/anass/.pico-sdk/sdk/2.0.0/src/rp2_common/pico_runtime/runtime.c.obj
 .text.hard_assertion_failure
                0x100015f8        0xc CMakeFiles/AnassPad.dir/C_/Users/anass/.pico-sdk/sdk/2.0.0/src/rp2_common/pico_runtime/runtime.c.obj
                0x100015f8                hard_assertion_failure
 .text.runtime_run_initializers
                0x10001604       0x28 CMakeFiles/AnassPad.dir/C_/Users/anass/.pico-sdk/sdk/2.0.0/src/rp2_common/pico_runtime/runtime.c.obj
                0x10001604                runtime_run_initializers
 .text.runtime_init_early_resets
                0x1000162c       0x2c CMakeFiles/AnassPad.dir/C_/Users/anass/.pico-sdk/sdk/2.0.0/src/rp2_common/pico_runtime_init/runtime_init.c.obj
                0x1000162c                runtime_init_early_resets
 .text.runtime_init_usb_power_down
                0x10001658       0x1c CMakeFiles/AnassPad.dir/C_/Users/anass/.pico-sdk/sdk/2.0.0/src/rp2_common/pico_runtime_init/runtime_init.c.obj
                0x10001658                runtime_init_usb_power_down
 .text.runtime_init_post_clock_resets
                0x10001674       0x20 CMakeFiles/AnassPad.dir/C_/Users/anass/.pico-sdk/sdk/2.0.0/src/rp2_common/pico_runtime_init/runtime_init.c.obj
                0x10001674                runtime_init_post_clock_resets
 .text.runtime_init_rp2040_gpio_ie_disable
                0x10001694       0x14 CMakeFiles/AnassPad.dir/C_/Users/anass/.pico-sdk/sdk/2.0.0/src/rp2_common/pico_runtime_init/runtime_init.c.obj
                0x10001694                runtime_init_rp2040_gpio_ie_disable
 .text.runtime_init_spin_locks_reset
                0x100016a8        0x8 CMakeFiles/AnassPad.dir/C_/Users/anass/.pico-sdk/sdk/2.0.0/src/rp2_common/pico_runtime_init/runtime_init.c.obj
                0x100016a8                runtime_init_spin_locks_reset
 .text.runtime_init_install_ram_vector_table
                0x100016b0       0x1c CMakeFiles/AnassPad.dir/C_/Users/anass/.pico-sdk/sdk/2.0.0/src/rp2_common/pico_runtime_init/runtime_init.c.obj
                0x100016b0                runtime_init_install_ram_vector_table
 .text.runtime_init_clocks
                0x100016cc       0xd8 CMakeFiles/AnassPad.dir/C_/Users/anass/.pico-sdk/sdk/2.0.0/src/rp2_common/pico_runtime_init/runtime_init_clocks.c.obj
                0x100016cc                runtime_init_clocks
 .text          0x100017a4       0x10 CMakeFiles/AnassPad.dir/C_/Users/anass/.pico-sdk/sdk/2.0.0/src/rp2_common/pico_bit_ops/bit_ops_aeabi.S.obj
 .text.rom_func_lookup
                0x100017b4       0x10 CMakeFiles/AnassPad.dir/C_/Users/anass/.pico-sdk/sdk/2.0.0/src/rp2_common/pico_bootrom/bootrom.c.obj
                0x100017b4                rom_func_lookup
 .text.rom_data_lookup
                0x100017c4       0x10 CMakeFiles/AnassPad.dir/C_/Users/anass/.pico-sdk/sdk/2.0.0/src/rp2_common/pico_bootrom/bootrom.c.obj
                0x100017c4                rom_data_lookup
 .text.rom_funcs_lookup
                0x100017d4       0x44 CMakeFiles/AnassPad.dir/C_/Users/anass/.pico-sdk/sdk/2.0.0/src/rp2_common/pico_bootrom/bootrom.c.obj
                0x100017d4                rom_funcs_lookup
 .text.rom_reset_usb_boot
                0x10001818       0x20 CMakeFiles/AnassPad.dir/C_/Users/anass/.pico-sdk/sdk/2.0.0/src/rp2_common/pico_bootrom/bootrom.c.obj
                0x10001818                rom_reset_usb_boot
 .text.__wrap___aeabi_idiv
                0x10001838       0x50 CMakeFiles/AnassPad.dir/C_/Users/anass/.pico-sdk/sdk/2.0.0/src/rp2_common/pico_divider/divider_hardware.S.obj
                0x10001838                __wrap___aeabi_idivmod
                0x10001838                divmod_s32s32
                0x10001838                div_s32s32
                0x10001838                __wrap___aeabi_idiv
                0x10001840                divmod_s32s32_unsafe
                0x1000186c                divmod_s32s32_savestate
 .text.__wrap___aeabi_uidiv
                0x10001888       0x4c CMakeFiles/AnassPad.dir/C_/Users/anass/.pico-sdk/sdk/2.0.0/src/rp2_common/pico_divider/divider_hardware.S.obj
                0x10001888                __wrap___aeabi_uidiv
                0x10001888                __wrap___aeabi_uidivmod
                0x10001888                div_u32u32
                0x10001888                divmod_u32u32
                0x10001890                divmod_u32u32_unsafe
                0x100018b8                divmod_u32u32_savestate
 .text.__wrap___aeabi_ldiv
                0x100018d4      0x424 CMakeFiles/AnassPad.dir/C_/Users/anass/.pico-sdk/sdk/2.0.0/src/rp2_common/pico_divider/divider_hardware.S.obj
                0x100018d4                div_s64s64
                0x100018d4                divmod_s64s64
                0x100018d4                __wrap___aeabi_ldivmod
                0x10001904                divmod_u64u64
                0x10001904                div_u64u64
                0x10001904                __wrap___aeabi_uldivmod
                0x10001914                divmod_u64u64_savestate
                0x10001934                divmod_s64s64_unsafe
                0x100019bc                divmod_u64u64_unsafe
 .text.__wrap___aeabi_darithmetic
                0x10001cf8       0x80 CMakeFiles/AnassPad.dir/C_/Users/anass/.pico-sdk/sdk/2.0.0/src/rp2_common/pico_double/double_aeabi_rp2040.S.obj
                0x10001cf8                __wrap___aeabi_drsub
                0x10001cfe                __wrap___aeabi_dsub
                0x10001d10                __wrap___aeabi_dadd
                0x10001d22                __wrap___aeabi_ddiv
                0x10001d5e                __wrap___aeabi_dmul
 .text.__wrap___aeabi_cdcmple
                0x10001d78       0x6c CMakeFiles/AnassPad.dir/C_/Users/anass/.pico-sdk/sdk/2.0.0/src/rp2_common/pico_double/double_aeabi_rp2040.S.obj
                0x10001d78                __wrap___aeabi_cdrcmple
                0x10001d88                __wrap___aeabi_cdcmpeq
                0x10001d88                __wrap___aeabi_cdcmple
 .text.__wrap___aeabi_dcmplt
                0x10001de4        0xc CMakeFiles/AnassPad.dir/C_/Users/anass/.pico-sdk/sdk/2.0.0/src/rp2_common/pico_double/double_aeabi_rp2040.S.obj
                0x10001de4                __wrap___aeabi_dcmplt
 .text.__wrap___aeabi_dcmpge
                0x10001df0       0x10 CMakeFiles/AnassPad.dir/C_/Users/anass/.pico-sdk/sdk/2.0.0/src/rp2_common/pico_double/double_aeabi_rp2040.S.obj
                0x10001df0                __wrap___aeabi_dcmpge
 .text.__wrap___aeabi_dcmpgt
                0x10001e00        0xa CMakeFiles/AnassPad.dir/C_/Users/anass/.pico-sdk/sdk/2.0.0/src/rp2_common/pico_double/double_aeabi_rp2040.S.obj
                0x10001e00                __wrap___aeabi_dcmpgt
 .text.__wrap___aeabi_dcmpun
                0x10001e0a       0x18 CMakeFiles/AnassPad.dir/C_/Users/anass/.pico-sdk/sdk/2.0.0/src/rp2_common/pico_double/double_aeabi_rp2040.S.obj
                0x10001e0a                __wrap___aeabi_dcmpun
 *fill*         0x10001e22        0x2 
 .text.__wrap___aeabi_i2d
                0x10001e24       0x38 CMakeFiles/AnassPad.dir/C_/Users/anass/.pico-sdk/sdk/2.0.0/src/rp2_common/pico_double/double_aeabi_rp2040.S.obj
                0x10001e24                __wrap___aeabi_ui2d
                0x10001e2c                __wrap___aeabi_i2d
 .text.__wrap___aeabi_d2iz
                0x10001e5c       0x48 CMakeFiles/AnassPad.dir/C_/Users/anass/.pico-sdk/sdk/2.0.0/src/rp2_common/pico_double/double_aeabi_rp2040.S.obj
                0x10001e5c                double2int_z
                0x10001e5c                __wrap___aeabi_d2iz
 .text.__wrap___aeabi_d2uiz
                0x10001ea4       0x18 CMakeFiles/AnassPad.dir/C_/Users/anass/.pico-sdk/sdk/2.0.0/src/rp2_common/pico_double/double_aeabi_rp2040.S.obj
                0x10001ea4                __wrap___aeabi_d2uiz
                0x10001ea4                double2uint
 .text.__aeabi_double_init
                0x10001ebc       0xa4 CMakeFiles/AnassPad.dir/C_/Users/anass/.pico-sdk/sdk/2.0.0/src/rp2_common/pico_double/double_init_rom_rp2040.c.obj
                0x10001ebc                __aeabi_double_init
 .text.double_table_shim_on_use_helper
                0x10001f60       0x2c CMakeFiles/AnassPad.dir/C_/Users/anass/.pico-sdk/sdk/2.0.0/src/rp2_common/pico_double/double_v1_rom_shim_rp2040.S.obj
                0x10001f60                double_table_shim_on_use_helper
 .text.__wrap___aeabi_dsub
                0x10001f8c       0x10 CMakeFiles/AnassPad.dir/C_/Users/anass/.pico-sdk/sdk/2.0.0/src/rp2_common/pico_double/double_v1_rom_shim_rp2040.S.obj
                0x10001f8c                drsub_shim
                0x10001f92                dsub_shim
 .text.dadd_shim
                0x10001f9c      0x15c CMakeFiles/AnassPad.dir/C_/Users/anass/.pico-sdk/sdk/2.0.0/src/rp2_common/pico_double/double_v1_rom_shim_rp2040.S.obj
                0x10001f9c                dadd_shim
 .text.dmul_shim
                0x100020f8      0x15c CMakeFiles/AnassPad.dir/C_/Users/anass/.pico-sdk/sdk/2.0.0/src/rp2_common/pico_double/double_v1_rom_shim_rp2040.S.obj
                0x100020f8                dmul_shim
 .text.ddiv_shim
                0x10002254      0x1b0 CMakeFiles/AnassPad.dir/C_/Users/anass/.pico-sdk/sdk/2.0.0/src/rp2_common/pico_double/double_v1_rom_shim_rp2040.S.obj
                0x10002254                ddiv_shim
 .text.double2uint_shim
                0x10002404        0xe CMakeFiles/AnassPad.dir/C_/Users/anass/.pico-sdk/sdk/2.0.0/src/rp2_common/pico_double/double_v1_rom_shim_rp2040.S.obj
                0x10002404                double2uint_shim
                0x10002406                double2ufix_shim
 *fill*         0x10002412        0x2 
 .text.double2uint64_shim
                0x10002414       0x70 CMakeFiles/AnassPad.dir/C_/Users/anass/.pico-sdk/sdk/2.0.0/src/rp2_common/pico_double/double_v1_rom_shim_rp2040.S.obj
                0x10002414                double2uint64_shim
                0x10002416                double2ufix64_shim
                0x10002436                d2fix_a
 .text.dunpacks
                0x10002484       0x3c CMakeFiles/AnassPad.dir/C_/Users/anass/.pico-sdk/sdk/2.0.0/src/rp2_common/pico_double/double_v1_rom_shim_rp2040.S.obj
                0x10002484                dunpacks
 .text.__aeabi_lmul
                0x100024c0       0x32 CMakeFiles/AnassPad.dir/C_/Users/anass/.pico-sdk/sdk/2.0.0/src/rp2_common/pico_int64_ops/pico_int64_ops_aeabi.S.obj
                0x100024c0                __wrap___aeabi_lmul
 *fill*         0x100024f2        0x2 
 .text.__aeabi_float_init
                0x100024f4       0x64 CMakeFiles/AnassPad.dir/C_/Users/anass/.pico-sdk/sdk/2.0.0/src/rp2_common/pico_float/float_init_rom_rp2040.c.obj
                0x100024f4                __aeabi_float_init
 .text.float_table_shim_on_use_helper
                0x10002558       0x2c CMakeFiles/AnassPad.dir/C_/Users/anass/.pico-sdk/sdk/2.0.0/src/rp2_common/pico_float/float_v1_rom_shim_rp2040.S.obj
                0x10002558                float_table_shim_on_use_helper
 .text          0x10002584       0x10 CMakeFiles/AnassPad.dir/C_/Users/anass/.pico-sdk/sdk/2.0.0/src/rp2_common/pico_mem_ops/mem_ops_aeabi.S.obj
                0x10002584                __aeabi_mem_init
 .text.memset   0x10002594        0xc CMakeFiles/AnassPad.dir/C_/Users/anass/.pico-sdk/sdk/2.0.0/src/rp2_common/pico_mem_ops/mem_ops_aeabi.S.obj
                0x10002594                __wrap_memset
 .text.memcpy   0x100025a0        0xc CMakeFiles/AnassPad.dir/C_/Users/anass/.pico-sdk/sdk/2.0.0/src/rp2_common/pico_mem_ops/mem_ops_aeabi.S.obj
                0x100025a0                __wrap_memcpy
                0x100025a0                __wrap___aeabi_memcpy
 .text._out_null
                0x100025ac        0x4 CMakeFiles/AnassPad.dir/C_/Users/anass/.pico-sdk/sdk/2.0.0/src/rp2_common/pico_printf/printf.c.obj
 .text._out_rev
                0x100025b0       0xac CMakeFiles/AnassPad.dir/C_/Users/anass/.pico-sdk/sdk/2.0.0/src/rp2_common/pico_printf/printf.c.obj
 .text._ntoa_format
                0x1000265c      0x250 CMakeFiles/AnassPad.dir/C_/Users/anass/.pico-sdk/sdk/2.0.0/src/rp2_common/pico_printf/printf.c.obj
 .text._out_char
                0x100028ac       0x10 CMakeFiles/AnassPad.dir/C_/Users/anass/.pico-sdk/sdk/2.0.0/src/rp2_common/pico_printf/printf.c.obj
 .text._out_fct
                0x100028bc       0x10 CMakeFiles/AnassPad.dir/C_/Users/anass/.pico-sdk/sdk/2.0.0/src/rp2_common/pico_printf/printf.c.obj
 .text._etoa    0x100028cc      0x464 CMakeFiles/AnassPad.dir/C_/Users/anass/.pico-sdk/sdk/2.0.0/src/rp2_common/pico_printf/printf.c.obj
 .text._ftoa    0x10002d30      0x3c0 CMakeFiles/AnassPad.dir/C_/Users/anass/.pico-sdk/sdk/2.0.0/src/rp2_common/pico_printf/printf.c.obj
 .text._vsnprintf
                0x100030f0      0xbc8 CMakeFiles/AnassPad.dir/C_/Users/anass/.pico-sdk/sdk/2.0.0/src/rp2_common/pico_printf/printf.c.obj
 .text.vfctprintf
                0x10003cb8       0x20 CMakeFiles/AnassPad.dir/C_/Users/anass/.pico-sdk/sdk/2.0.0/src/rp2_common/pico_printf/printf.c.obj
                0x10003cb8                vfctprintf
 .text.weak_raw_vprintf
                0x10003cd8       0x30 CMakeFiles/AnassPad.dir/C_/Users/anass/.pico-sdk/sdk/2.0.0/src/rp2_common/pico_printf/printf.c.obj
                0x10003cd8                weak_raw_vprintf
 .text._exit    0x10003d08        0x4 CMakeFiles/AnassPad.dir/C_/Users/anass/.pico-sdk/sdk/2.0.0/src/rp2_common/pico_clib_interface/newlib_interface.c.obj
                0x10003d08                _exit
 .text.exit     0x10003d0c        0x8 CMakeFiles/AnassPad.dir/C_/Users/anass/.pico-sdk/sdk/2.0.0/src/rp2_common/pico_clib_interface/newlib_interface.c.obj
                0x10003d0c                exit
 .text.runtime_init
                0x10003d14       0x2c CMakeFiles/AnassPad.dir/C_/Users/anass/.pico-sdk/sdk/2.0.0/src/rp2_common/pico_clib_interface/newlib_interface.c.obj
                0x10003d14                runtime_init
 .text.stdio_out_chars_no_crlf
                0x10003d40       0x10 CMakeFiles/AnassPad.dir/C_/Users/anass/.pico-sdk/sdk/2.0.0/src/rp2_common/pico_stdio/stdio.c.obj
 .text.stdio_out_chars_crlf
                0x10003d50       0x94 CMakeFiles/AnassPad.dir/C_/Users/anass/.pico-sdk/sdk/2.0.0/src/rp2_common/pico_stdio/stdio.c.obj
 .text.stdio_buffered_printer
                0x10003de4       0x64 CMakeFiles/AnassPad.dir/C_/Users/anass/.pico-sdk/sdk/2.0.0/src/rp2_common/pico_stdio/stdio.c.obj
 .text.stdio_put_string
                0x10003e48      0x100 CMakeFiles/AnassPad.dir/C_/Users/anass/.pico-sdk/sdk/2.0.0/src/rp2_common/pico_stdio/stdio.c.obj
                0x10003e48                stdio_put_string
 .text.stdio_set_driver_enabled
                0x10003f48       0x30 CMakeFiles/AnassPad.dir/C_/Users/anass/.pico-sdk/sdk/2.0.0/src/rp2_common/pico_stdio/stdio.c.obj
                0x10003f48                stdio_set_driver_enabled
 .text.stdio_init_all
                0x10003f78        0x8 CMakeFiles/AnassPad.dir/C_/Users/anass/.pico-sdk/sdk/2.0.0/src/rp2_common/pico_stdio/stdio.c.obj
                0x10003f78                stdio_init_all
 .text.__wrap_putchar
                0x10003f80       0x98 CMakeFiles/AnassPad.dir/C_/Users/anass/.pico-sdk/sdk/2.0.0/src/rp2_common/pico_stdio/stdio.c.obj
                0x10003f80                __wrap_putchar
                0x10003f80                stdio_putchar
 .text.__wrap_puts
                0x10004018       0x3c CMakeFiles/AnassPad.dir/C_/Users/anass/.pico-sdk/sdk/2.0.0/src/rp2_common/pico_stdio/stdio.c.obj
                0x10004018                stdio_puts
                0x10004018                __wrap_puts
 .text.__wrap_vprintf
                0x10004054       0xd4 CMakeFiles/AnassPad.dir/C_/Users/anass/.pico-sdk/sdk/2.0.0/src/rp2_common/pico_stdio/stdio.c.obj
                0x10004054                stdio_vprintf
                0x10004054                __wrap_vprintf
 .text.__wrap_printf
                0x10004128       0x18 CMakeFiles/AnassPad.dir/C_/Users/anass/.pico-sdk/sdk/2.0.0/src/rp2_common/pico_stdio/stdio.c.obj
                0x10004128                __wrap_printf
                0x10004128                stdio_printf
 .text.resetd_init
                0x10004140        0x4 CMakeFiles/AnassPad.dir/C_/Users/anass/.pico-sdk/sdk/2.0.0/src/rp2_common/pico_stdio_usb/reset_interface.c.obj
 .text.resetd_reset
                0x10004144        0xc CMakeFiles/AnassPad.dir/C_/Users/anass/.pico-sdk/sdk/2.0.0/src/rp2_common/pico_stdio_usb/reset_interface.c.obj
 .text.resetd_open
                0x10004150       0x28 CMakeFiles/AnassPad.dir/C_/Users/anass/.pico-sdk/sdk/2.0.0/src/rp2_common/pico_stdio_usb/reset_interface.c.obj
 .text.resetd_xfer_cb
                0x10004178        0x4 CMakeFiles/AnassPad.dir/C_/Users/anass/.pico-sdk/sdk/2.0.0/src/rp2_common/pico_stdio_usb/reset_interface.c.obj
 .text.resetd_control_xfer_cb
                0x1000417c       0x54 CMakeFiles/AnassPad.dir/C_/Users/anass/.pico-sdk/sdk/2.0.0/src/rp2_common/pico_stdio_usb/reset_interface.c.obj
 .text.tud_descriptor_bos_cb
                0x100041d0        0x8 CMakeFiles/AnassPad.dir/C_/Users/anass/.pico-sdk/sdk/2.0.0/src/rp2_common/pico_stdio_usb/reset_interface.c.obj
                0x100041d0                tud_descriptor_bos_cb
 .text.tud_vendor_control_xfer_cb
                0x100041d8       0x34 CMakeFiles/AnassPad.dir/C_/Users/anass/.pico-sdk/sdk/2.0.0/src/rp2_common/pico_stdio_usb/reset_interface.c.obj
                0x100041d8                tud_vendor_control_xfer_cb
 .text.usbd_app_driver_get_cb
                0x1000420c        0xc CMakeFiles/AnassPad.dir/C_/Users/anass/.pico-sdk/sdk/2.0.0/src/rp2_common/pico_stdio_usb/reset_interface.c.obj
                0x1000420c                usbd_app_driver_get_cb
 .text.tud_cdc_line_coding_cb
                0x10004218       0x28 CMakeFiles/AnassPad.dir/C_/Users/anass/.pico-sdk/sdk/2.0.0/src/rp2_common/pico_stdio_usb/reset_interface.c.obj
                0x10004218                tud_cdc_line_coding_cb
 .text.stdio_usb_set_chars_available_callback
                0x10004240       0x14 CMakeFiles/AnassPad.dir/C_/Users/anass/.pico-sdk/sdk/2.0.0/src/rp2_common/pico_stdio_usb/stdio_usb.c.obj
                0x10004240                stdio_usb_set_chars_available_callback
 .text.usb_irq  0x10004254       0x10 CMakeFiles/AnassPad.dir/C_/Users/anass/.pico-sdk/sdk/2.0.0/src/rp2_common/pico_stdio_usb/stdio_usb.c.obj
 .text.timer_task
                0x10004264       0x64 CMakeFiles/AnassPad.dir/C_/Users/anass/.pico-sdk/sdk/2.0.0/src/rp2_common/pico_stdio_usb/stdio_usb.c.obj
 .text.stdio_usb_in_chars
                0x100042c8       0x90 CMakeFiles/AnassPad.dir/C_/Users/anass/.pico-sdk/sdk/2.0.0/src/rp2_common/pico_stdio_usb/stdio_usb.c.obj
                0x100042c8                stdio_usb_in_chars
 .text.stdio_usb_out_flush
                0x10004358       0x50 CMakeFiles/AnassPad.dir/C_/Users/anass/.pico-sdk/sdk/2.0.0/src/rp2_common/pico_stdio_usb/stdio_usb.c.obj
 .text.stdio_usb_out_chars
                0x100043a8      0x104 CMakeFiles/AnassPad.dir/C_/Users/anass/.pico-sdk/sdk/2.0.0/src/rp2_common/pico_stdio_usb/stdio_usb.c.obj
 .text.low_priority_worker_irq
                0x100044ac       0xcc CMakeFiles/AnassPad.dir/C_/Users/anass/.pico-sdk/sdk/2.0.0/src/rp2_common/pico_stdio_usb/stdio_usb.c.obj
 .text.stdio_usb_init
                0x10004578       0xe8 CMakeFiles/AnassPad.dir/C_/Users/anass/.pico-sdk/sdk/2.0.0/src/rp2_common/pico_stdio_usb/stdio_usb.c.obj
                0x10004578                stdio_usb_init
 .text.tud_descriptor_device_cb
                0x10004660        0x8 CMakeFiles/AnassPad.dir/C_/Users/anass/.pico-sdk/sdk/2.0.0/src/rp2_common/pico_stdio_usb/stdio_usb_descriptors.c.obj
                0x10004660                tud_descriptor_device_cb
 .text.tud_descriptor_configuration_cb
                0x10004668        0x8 CMakeFiles/AnassPad.dir/C_/Users/anass/.pico-sdk/sdk/2.0.0/src/rp2_common/pico_stdio_usb/stdio_usb_descriptors.c.obj
                0x10004668                tud_descriptor_configuration_cb
 .text.tud_descriptor_string_cb
                0x10004670       0x78 CMakeFiles/AnassPad.dir/C_/Users/anass/.pico-sdk/sdk/2.0.0/src/rp2_common/pico_stdio_usb/stdio_usb_descriptors.c.obj
                0x10004670                tud_descriptor_string_cb
 .text.startup._retrieve_unique_id_on_boot
                0x100046e8       0x10 CMakeFiles/AnassPad.dir/C_/Users/anass/.pico-sdk/sdk/2.0.0/src/rp2_common/pico_unique_id/unique_id.c.obj
 .text.pico_get_unique_board_id_string
                0x100046f8      0x1a8 CMakeFiles/AnassPad.dir/C_/Users/anass/.pico-sdk/sdk/2.0.0/src/rp2_common/pico_unique_id/unique_id.c.obj
                0x100046f8                pico_get_unique_board_id_string
 .text.flash_get_unique_id
                0x100048a0       0x3c CMakeFiles/AnassPad.dir/C_/Users/anass/.pico-sdk/sdk/2.0.0/src/rp2_common/hardware_flash/flash.c.obj
                0x100048a0                flash_get_unique_id
 .text.dcd_init
                0x100048dc       0x8c CMakeFiles/AnassPad.dir/C_/Users/anass/.pico-sdk/sdk/2.0.0/lib/tinyusb/src/portable/raspberrypi/rp2040/dcd_rp2040.c.obj
                0x100048dc                dcd_init
 .text.dcd_int_enable
                0x10004968        0xc CMakeFiles/AnassPad.dir/C_/Users/anass/.pico-sdk/sdk/2.0.0/lib/tinyusb/src/portable/raspberrypi/rp2040/dcd_rp2040.c.obj
                0x10004968                dcd_int_enable
 .text.dcd_set_address
                0x10004974       0x14 CMakeFiles/AnassPad.dir/C_/Users/anass/.pico-sdk/sdk/2.0.0/lib/tinyusb/src/portable/raspberrypi/rp2040/dcd_rp2040.c.obj
                0x10004974                dcd_set_address
 .text.dcd_sof_enable
                0x10004988       0x1c CMakeFiles/AnassPad.dir/C_/Users/anass/.pico-sdk/sdk/2.0.0/lib/tinyusb/src/portable/raspberrypi/rp2040/dcd_rp2040.c.obj
                0x10004988                dcd_sof_enable
 .text.dcd_edpt0_status_complete
                0x100049a4       0x1c CMakeFiles/AnassPad.dir/C_/Users/anass/.pico-sdk/sdk/2.0.0/lib/tinyusb/src/portable/raspberrypi/rp2040/dcd_rp2040.c.obj
                0x100049a4                dcd_edpt0_status_complete
 .text.dcd_edpt_open
                0x100049c0      0x108 CMakeFiles/AnassPad.dir/C_/Users/anass/.pico-sdk/sdk/2.0.0/lib/tinyusb/src/portable/raspberrypi/rp2040/dcd_rp2040.c.obj
                0x100049c0                dcd_edpt_open
 .text.dcd_edpt_close_all
                0x10004ac8        0x8 CMakeFiles/AnassPad.dir/C_/Users/anass/.pico-sdk/sdk/2.0.0/lib/tinyusb/src/portable/raspberrypi/rp2040/dcd_rp2040.c.obj
                0x10004ac8                dcd_edpt_close_all
 .text.dcd_edpt_xfer
                0x10004ad0       0x24 CMakeFiles/AnassPad.dir/C_/Users/anass/.pico-sdk/sdk/2.0.0/lib/tinyusb/src/portable/raspberrypi/rp2040/dcd_rp2040.c.obj
                0x10004ad0                dcd_edpt_xfer
 .text.dcd_edpt_stall
                0x10004af4       0x34 CMakeFiles/AnassPad.dir/C_/Users/anass/.pico-sdk/sdk/2.0.0/lib/tinyusb/src/portable/raspberrypi/rp2040/dcd_rp2040.c.obj
                0x10004af4                dcd_edpt_stall
 .text.dcd_edpt_clear_stall
                0x10004b28       0x30 CMakeFiles/AnassPad.dir/C_/Users/anass/.pico-sdk/sdk/2.0.0/lib/tinyusb/src/portable/raspberrypi/rp2040/dcd_rp2040.c.obj
                0x10004b28                dcd_edpt_clear_stall
 .text.rp2040_usb_init
                0x10004b58       0x40 CMakeFiles/AnassPad.dir/C_/Users/anass/.pico-sdk/sdk/2.0.0/lib/tinyusb/src/portable/raspberrypi/rp2040/rp2040_usb.c.obj
                0x10004b58                rp2040_usb_init
 .text.hw_endpoint_xfer_start
                0x10004b98       0x40 CMakeFiles/AnassPad.dir/C_/Users/anass/.pico-sdk/sdk/2.0.0/lib/tinyusb/src/portable/raspberrypi/rp2040/rp2040_usb.c.obj
                0x10004b98                hw_endpoint_xfer_start
 .text.tud_event_hook_cb
                0x10004bd8        0x4 CMakeFiles/AnassPad.dir/C_/Users/anass/.pico-sdk/sdk/2.0.0/lib/tinyusb/src/device/usbd.c.obj
                0x10004bd8                tud_event_hook_cb
 .text.tud_sof_cb
                0x10004bdc        0x4 CMakeFiles/AnassPad.dir/C_/Users/anass/.pico-sdk/sdk/2.0.0/lib/tinyusb/src/device/usbd.c.obj
                0x10004bdc                tud_sof_cb
 .text.tud_descriptor_device_qualifier_cb
                0x10004be0        0x4 CMakeFiles/AnassPad.dir/C_/Users/anass/.pico-sdk/sdk/2.0.0/lib/tinyusb/src/device/usbd.c.obj
                0x10004be0                tud_descriptor_device_qualifier_cb
 .text.tud_descriptor_other_speed_configuration_cb
                0x10004be4        0x4 CMakeFiles/AnassPad.dir/C_/Users/anass/.pico-sdk/sdk/2.0.0/lib/tinyusb/src/device/usbd.c.obj
                0x10004be4                tud_descriptor_other_speed_configuration_cb
 .text.tud_mount_cb
                0x10004be8        0x4 CMakeFiles/AnassPad.dir/C_/Users/anass/.pico-sdk/sdk/2.0.0/lib/tinyusb/src/device/usbd.c.obj
                0x10004be8                tud_mount_cb
 .text.tud_umount_cb
                0x10004bec        0x4 CMakeFiles/AnassPad.dir/C_/Users/anass/.pico-sdk/sdk/2.0.0/lib/tinyusb/src/device/usbd.c.obj
                0x10004bec                tud_umount_cb
 .text.tud_suspend_cb
                0x10004bf0        0x4 CMakeFiles/AnassPad.dir/C_/Users/anass/.pico-sdk/sdk/2.0.0/lib/tinyusb/src/device/usbd.c.obj
                0x10004bf0                tud_suspend_cb
 .text.tud_resume_cb
                0x10004bf4        0x4 CMakeFiles/AnassPad.dir/C_/Users/anass/.pico-sdk/sdk/2.0.0/lib/tinyusb/src/device/usbd.c.obj
                0x10004bf4                tud_resume_cb
 .text.tud_mounted
                0x10004bf8       0x10 CMakeFiles/AnassPad.dir/C_/Users/anass/.pico-sdk/sdk/2.0.0/lib/tinyusb/src/device/usbd.c.obj
                0x10004bf8                tud_mounted
 .text.tud_suspended
                0x10004c08       0x10 CMakeFiles/AnassPad.dir/C_/Users/anass/.pico-sdk/sdk/2.0.0/lib/tinyusb/src/device/usbd.c.obj
                0x10004c08                tud_suspended
 .text.tud_init
                0x10004c18       0xe4 CMakeFiles/AnassPad.dir/C_/Users/anass/.pico-sdk/sdk/2.0.0/lib/tinyusb/src/device/usbd.c.obj
                0x10004c18                tud_init
 .text.tud_task_ext
                0x10004cfc      0x800 CMakeFiles/AnassPad.dir/C_/Users/anass/.pico-sdk/sdk/2.0.0/lib/tinyusb/src/device/usbd.c.obj
                0x10004cfc                tud_task_ext
 .text.usbd_open_edpt_pair
                0x100054fc       0x9c CMakeFiles/AnassPad.dir/C_/Users/anass/.pico-sdk/sdk/2.0.0/lib/tinyusb/src/device/usbd.c.obj
                0x100054fc                usbd_open_edpt_pair
 .text.usbd_edpt_open
                0x10005598       0x34 CMakeFiles/AnassPad.dir/C_/Users/anass/.pico-sdk/sdk/2.0.0/lib/tinyusb/src/device/usbd.c.obj
                0x10005598                usbd_edpt_open
 .text.usbd_edpt_claim
                0x100055cc       0x28 CMakeFiles/AnassPad.dir/C_/Users/anass/.pico-sdk/sdk/2.0.0/lib/tinyusb/src/device/usbd.c.obj
                0x100055cc                usbd_edpt_claim
 .text.usbd_edpt_release
                0x100055f4       0x28 CMakeFiles/AnassPad.dir/C_/Users/anass/.pico-sdk/sdk/2.0.0/lib/tinyusb/src/device/usbd.c.obj
                0x100055f4                usbd_edpt_release
 .text.usbd_edpt_xfer
                0x1000561c       0x4c CMakeFiles/AnassPad.dir/C_/Users/anass/.pico-sdk/sdk/2.0.0/lib/tinyusb/src/device/usbd.c.obj
                0x1000561c                usbd_edpt_xfer
 .text.tud_control_status
                0x10005668       0x2c CMakeFiles/AnassPad.dir/C_/Users/anass/.pico-sdk/sdk/2.0.0/lib/tinyusb/src/device/usbd_control.c.obj
                0x10005668                tud_control_status
 .text.tud_control_xfer
                0x10005694       0xac CMakeFiles/AnassPad.dir/C_/Users/anass/.pico-sdk/sdk/2.0.0/lib/tinyusb/src/device/usbd_control.c.obj
                0x10005694                tud_control_xfer
 .text.usbd_control_reset
                0x10005740       0x14 CMakeFiles/AnassPad.dir/C_/Users/anass/.pico-sdk/sdk/2.0.0/lib/tinyusb/src/device/usbd_control.c.obj
                0x10005740                usbd_control_reset
 .text.usbd_control_set_complete_callback
                0x10005754        0xc CMakeFiles/AnassPad.dir/C_/Users/anass/.pico-sdk/sdk/2.0.0/lib/tinyusb/src/device/usbd_control.c.obj
                0x10005754                usbd_control_set_complete_callback
 .text.usbd_control_set_request
                0x10005760       0x1c CMakeFiles/AnassPad.dir/C_/Users/anass/.pico-sdk/sdk/2.0.0/lib/tinyusb/src/device/usbd_control.c.obj
                0x10005760                usbd_control_set_request
 .text.usbd_control_xfer_cb
                0x1000577c       0xec CMakeFiles/AnassPad.dir/C_/Users/anass/.pico-sdk/sdk/2.0.0/lib/tinyusb/src/device/usbd_control.c.obj
                0x1000577c                usbd_control_xfer_cb
 .text._prep_out_transaction.isra.0
                0x10005868       0x5c CMakeFiles/AnassPad.dir/C_/Users/anass/.pico-sdk/sdk/2.0.0/lib/tinyusb/src/class/cdc/cdc_device.c.obj
 .text.tud_cdc_n_connected
                0x100058c4       0x30 CMakeFiles/AnassPad.dir/C_/Users/anass/.pico-sdk/sdk/2.0.0/lib/tinyusb/src/class/cdc/cdc_device.c.obj
                0x100058c4                tud_cdc_n_connected
 .text.tud_cdc_n_available
                0x100058f4       0x18 CMakeFiles/AnassPad.dir/C_/Users/anass/.pico-sdk/sdk/2.0.0/lib/tinyusb/src/class/cdc/cdc_device.c.obj
                0x100058f4                tud_cdc_n_available
 .text.tud_cdc_n_read
                0x1000590c       0x98 CMakeFiles/AnassPad.dir/C_/Users/anass/.pico-sdk/sdk/2.0.0/lib/tinyusb/src/class/cdc/cdc_device.c.obj
                0x1000590c                tud_cdc_n_read
 .text.tud_cdc_n_write_flush
                0x100059a4       0x78 CMakeFiles/AnassPad.dir/C_/Users/anass/.pico-sdk/sdk/2.0.0/lib/tinyusb/src/class/cdc/cdc_device.c.obj
                0x100059a4                tud_cdc_n_write_flush
 .text.tud_cdc_n_write
                0x10005a1c       0x40 CMakeFiles/AnassPad.dir/C_/Users/anass/.pico-sdk/sdk/2.0.0/lib/tinyusb/src/class/cdc/cdc_device.c.obj
                0x10005a1c                tud_cdc_n_write
 .text.tud_cdc_n_write_available
                0x10005a5c       0x18 CMakeFiles/AnassPad.dir/C_/Users/anass/.pico-sdk/sdk/2.0.0/lib/tinyusb/src/class/cdc/cdc_device.c.obj
                0x10005a5c                tud_cdc_n_write_available
 .text.cdcd_init
                0x10005a74       0x7c CMakeFiles/AnassPad.dir/C_/Users/anass/.pico-sdk/sdk/2.0.0/lib/tinyusb/src/class/cdc/cdc_device.c.obj
                0x10005a74                cdcd_init
 .text.cdcd_deinit
                0x10005af0       0x34 CMakeFiles/AnassPad.dir/C_/Users/anass/.pico-sdk/sdk/2.0.0/lib/tinyusb/src/class/cdc/cdc_device.c.obj
                0x10005af0                cdcd_deinit
 .text.cdcd_reset
                0x10005b24       0x4c CMakeFiles/AnassPad.dir/C_/Users/anass/.pico-sdk/sdk/2.0.0/lib/tinyusb/src/class/cdc/cdc_device.c.obj
                0x10005b24                cdcd_reset
 .text.cdcd_open
                0x10005b70       0xb0 CMakeFiles/AnassPad.dir/C_/Users/anass/.pico-sdk/sdk/2.0.0/lib/tinyusb/src/class/cdc/cdc_device.c.obj
                0x10005b70                cdcd_open
 .text.cdcd_control_xfer_cb
                0x10005c20       0xe4 CMakeFiles/AnassPad.dir/C_/Users/anass/.pico-sdk/sdk/2.0.0/lib/tinyusb/src/class/cdc/cdc_device.c.obj
                0x10005c20                cdcd_control_xfer_cb
 .text.cdcd_xfer_cb
                0x10005d04      0x100 CMakeFiles/AnassPad.dir/C_/Users/anass/.pico-sdk/sdk/2.0.0/lib/tinyusb/src/class/cdc/cdc_device.c.obj
                0x10005d04                cdcd_xfer_cb
 .text.tud_vendor_n_write_flush
                0x10005e04       0x78 CMakeFiles/AnassPad.dir/C_/Users/anass/.pico-sdk/sdk/2.0.0/lib/tinyusb/src/class/vendor/vendor_device.c.obj
                0x10005e04                tud_vendor_n_write_flush
 .text.vendord_init
                0x10005e7c       0x64 CMakeFiles/AnassPad.dir/C_/Users/anass/.pico-sdk/sdk/2.0.0/lib/tinyusb/src/class/vendor/vendor_device.c.obj
                0x10005e7c                vendord_init
 .text.vendord_deinit
                0x10005ee0       0x34 CMakeFiles/AnassPad.dir/C_/Users/anass/.pico-sdk/sdk/2.0.0/lib/tinyusb/src/class/vendor/vendor_device.c.obj
                0x10005ee0                vendord_deinit
 .text.vendord_reset
                0x10005f14       0x1c CMakeFiles/AnassPad.dir/C_/Users/anass/.pico-sdk/sdk/2.0.0/lib/tinyusb/src/class/vendor/vendor_device.c.obj
                0x10005f14                vendord_reset
 .text.vendord_open
                0x10005f30       0xd8 CMakeFiles/AnassPad.dir/C_/Users/anass/.pico-sdk/sdk/2.0.0/lib/tinyusb/src/class/vendor/vendor_device.c.obj
                0x10005f30                vendord_open
 .text.vendord_xfer_cb
                0x10006008       0xc8 CMakeFiles/AnassPad.dir/C_/Users/anass/.pico-sdk/sdk/2.0.0/lib/tinyusb/src/class/vendor/vendor_device.c.obj
                0x10006008                vendord_xfer_cb
 .text.tusb_init
                0x100060d0        0xc CMakeFiles/AnassPad.dir/C_/Users/anass/.pico-sdk/sdk/2.0.0/lib/tinyusb/src/tusb.c.obj
                0x100060d0                tusb_init
 .text.tu_edpt_claim
                0x100060dc       0x50 CMakeFiles/AnassPad.dir/C_/Users/anass/.pico-sdk/sdk/2.0.0/lib/tinyusb/src/tusb.c.obj
                0x100060dc                tu_edpt_claim
 .text.tu_edpt_release
                0x1000612c       0x38 CMakeFiles/AnassPad.dir/C_/Users/anass/.pico-sdk/sdk/2.0.0/lib/tinyusb/src/tusb.c.obj
                0x1000612c                tu_edpt_release
 .text.tu_edpt_validate
                0x10006164       0x7c CMakeFiles/AnassPad.dir/C_/Users/anass/.pico-sdk/sdk/2.0.0/lib/tinyusb/src/tusb.c.obj
                0x10006164                tu_edpt_validate
 .text.tu_edpt_bind_driver
                0x100061e0       0x34 CMakeFiles/AnassPad.dir/C_/Users/anass/.pico-sdk/sdk/2.0.0/lib/tinyusb/src/tusb.c.obj
                0x100061e0                tu_edpt_bind_driver
 .text.tu_fifo_config
                0x10006214       0x6c CMakeFiles/AnassPad.dir/C_/Users/anass/.pico-sdk/sdk/2.0.0/lib/tinyusb/src/common/tusb_fifo.c.obj
                0x10006214                tu_fifo_config
 .text.tu_fifo_count
                0x10006280       0x2c CMakeFiles/AnassPad.dir/C_/Users/anass/.pico-sdk/sdk/2.0.0/lib/tinyusb/src/common/tusb_fifo.c.obj
                0x10006280                tu_fifo_count
 .text.tu_fifo_empty
                0x100062ac       0x10 CMakeFiles/AnassPad.dir/C_/Users/anass/.pico-sdk/sdk/2.0.0/lib/tinyusb/src/common/tusb_fifo.c.obj
                0x100062ac                tu_fifo_empty
 .text.tu_fifo_remaining
                0x100062bc       0x2c CMakeFiles/AnassPad.dir/C_/Users/anass/.pico-sdk/sdk/2.0.0/lib/tinyusb/src/common/tusb_fifo.c.obj
                0x100062bc                tu_fifo_remaining
 .text.tu_fifo_read
                0x100062e8       0x9c CMakeFiles/AnassPad.dir/C_/Users/anass/.pico-sdk/sdk/2.0.0/lib/tinyusb/src/common/tusb_fifo.c.obj
                0x100062e8                tu_fifo_read
 .text.tu_fifo_read_n
                0x10006384       0xe8 CMakeFiles/AnassPad.dir/C_/Users/anass/.pico-sdk/sdk/2.0.0/lib/tinyusb/src/common/tusb_fifo.c.obj
                0x10006384                tu_fifo_read_n
 .text.tu_fifo_write
                0x1000646c       0xa8 CMakeFiles/AnassPad.dir/C_/Users/anass/.pico-sdk/sdk/2.0.0/lib/tinyusb/src/common/tusb_fifo.c.obj
                0x1000646c                tu_fifo_write
 .text.tu_fifo_write_n
                0x10006514      0x178 CMakeFiles/AnassPad.dir/C_/Users/anass/.pico-sdk/sdk/2.0.0/lib/tinyusb/src/common/tusb_fifo.c.obj
                0x10006514                tu_fifo_write_n
 .text.tu_fifo_clear
                0x1000668c       0x40 CMakeFiles/AnassPad.dir/C_/Users/anass/.pico-sdk/sdk/2.0.0/lib/tinyusb/src/common/tusb_fifo.c.obj
                0x1000668c                tu_fifo_clear
 .text.tu_fifo_set_overwritable
                0x100066cc       0x48 CMakeFiles/AnassPad.dir/C_/Users/anass/.pico-sdk/sdk/2.0.0/lib/tinyusb/src/common/tusb_fifo.c.obj
                0x100066cc                tu_fifo_set_overwritable
 .text.adc_init
                0x10006714       0x38 CMakeFiles/AnassPad.dir/C_/Users/anass/.pico-sdk/sdk/2.0.0/src/rp2_common/hardware_adc/adc.c.obj
                0x10006714                adc_init
 .text.strlen   0x1000674c       0x5c C:/Users/anass/.pico-sdk/toolchain/13_2_Rel1/bin/../lib/gcc/arm-none-eabi/13.2.1/thumb/v6-m/nofp\libg.a(libc_a-strlen-stub.o)
                0x1000674c                strlen
 *(.fini)
 .fini          0x100067a8        0x4 C:/Users/anass/.pico-sdk/toolchain/13_2_Rel1/bin/../lib/gcc/arm-none-eabi/13.2.1/thumb/v6-m/nofp/crti.o
                0x100067a8                _fini
 *fill*         0x100067ac        0x4 
 .fini.__stub   0x100067b0       0xc0 linker stubs
 *crtbegin.o(.ctors)
 *crtbegin?.o(.ctors)
 *(EXCLUDE_FILE(*crtend.o *crtend?.o) .ctors)
 *(SORT_BY_NAME(.ctors.*))
 *(.ctors)
 *crtbegin.o(.dtors)
 *crtbegin?.o(.dtors)
 *(EXCLUDE_FILE(*crtend.o *crtend?.o) .dtors)
 *(SORT_BY_NAME(.dtors.*))
 *(.dtors)
                0x10006870                        . = ALIGN (0x4)
                0x10006870                        PROVIDE (__preinit_array_start = .)
 *(SORT_BY_NAME(.preinit_array.*))
 .preinit_array.00100
                0x10006870        0x4 CMakeFiles/AnassPad.dir/C_/Users/anass/.pico-sdk/sdk/2.0.0/src/rp2_common/pico_runtime_init/runtime_init.c.obj
                0x10006870                __pre_init_runtime_init_early_resets
 .preinit_array.00101
                0x10006874        0x4 CMakeFiles/AnassPad.dir/C_/Users/anass/.pico-sdk/sdk/2.0.0/src/rp2_common/pico_runtime_init/runtime_init.c.obj
                0x10006874                __pre_init_runtime_init_usb_power_down
 .preinit_array.00275
                0x10006878        0x4 CMakeFiles/AnassPad.dir/C_/Users/anass/.pico-sdk/sdk/2.0.0/src/rp2_common/pico_bit_ops/bit_ops_aeabi.S.obj
 .preinit_array.00300
                0x1000687c        0x4 CMakeFiles/AnassPad.dir/C_/Users/anass/.pico-sdk/sdk/2.0.0/src/rp2_common/pico_mem_ops/mem_ops_aeabi.S.obj
 .preinit_array.00350
                0x10006880        0x4 CMakeFiles/AnassPad.dir/C_/Users/anass/.pico-sdk/sdk/2.0.0/src/rp2_common/pico_double/double_aeabi_rp2040.S.obj
 .preinit_array.00350
                0x10006884        0x4 CMakeFiles/AnassPad.dir/C_/Users/anass/.pico-sdk/sdk/2.0.0/src/rp2_common/pico_float/float_aeabi_rp2040.S.obj
 .preinit_array.00500
                0x10006888        0x4 CMakeFiles/AnassPad.dir/C_/Users/anass/.pico-sdk/sdk/2.0.0/src/rp2_common/pico_runtime_init/runtime_init.c.obj
                0x10006888                __pre_init_runtime_init_clocks
 .preinit_array.00600
                0x1000688c        0x4 CMakeFiles/AnassPad.dir/C_/Users/anass/.pico-sdk/sdk/2.0.0/src/rp2_common/pico_runtime_init/runtime_init.c.obj
                0x1000688c                __pre_init_runtime_init_post_clock_resets
 .preinit_array.00700
                0x10006890        0x4 CMakeFiles/AnassPad.dir/C_/Users/anass/.pico-sdk/sdk/2.0.0/src/rp2_common/pico_runtime_init/runtime_init.c.obj
                0x10006890                __pre_init_runtime_init_rp2040_gpio_ie_disable
 .preinit_array.01000
                0x10006894        0x4 CMakeFiles/AnassPad.dir/C_/Users/anass/.pico-sdk/sdk/2.0.0/src/rp2_common/pico_runtime_init/runtime_init.c.obj
                0x10006894                __pre_init_runtime_init_spin_locks_reset
 .preinit_array.01100
                0x10006898        0x4 CMakeFiles/AnassPad.dir/C_/Users/anass/.pico-sdk/sdk/2.0.0/src/common/pico_sync/mutex.c.obj
                0x10006898                __pre_init_runtime_init_mutex
 .preinit_array.10080
                0x1000689c        0x4 CMakeFiles/AnassPad.dir/C_/Users/anass/.pico-sdk/sdk/2.0.0/src/rp2_common/pico_runtime_init/runtime_init.c.obj
                0x1000689c                __pre_init_runtime_init_install_ram_vector_table
 .preinit_array.11000
                0x100068a0        0x4 CMakeFiles/AnassPad.dir/C_/Users/anass/.pico-sdk/sdk/2.0.0/src/common/pico_time/time.c.obj
                0x100068a0                __pre_init_runtime_init_default_alarm_pool
 .preinit_array.YYYYY
                0x100068a4        0x4 CMakeFiles/AnassPad.dir/C_/Users/anass/.pico-sdk/sdk/2.0.0/src/rp2_common/pico_runtime/runtime.c.obj
                0x100068a4                __pre_init_first_per_core_initializer
 .preinit_array.ZZZZZ.01200
                0x100068a8        0x4 CMakeFiles/AnassPad.dir/C_/Users/anass/.pico-sdk/sdk/2.0.0/src/rp2_common/hardware_irq/irq.c.obj
                0x100068a8                __pre_init_runtime_init_per_core_irq_priorities
 *(.preinit_array)
                0x100068ac                        PROVIDE (__preinit_array_end = .)
                0x100068ac                        . = ALIGN (0x4)
                0x100068ac                        PROVIDE (__init_array_start = .)
 *(SORT_BY_NAME(.init_array.*))
 *(.init_array)
 .init_array    0x100068ac        0x4 C:/Users/anass/.pico-sdk/toolchain/13_2_Rel1/bin/../lib/gcc/arm-none-eabi/13.2.1/thumb/v6-m/nofp/crtbegin.o
 .init_array    0x100068b0        0x4 CMakeFiles/AnassPad.dir/C_/Users/anass/.pico-sdk/sdk/2.0.0/src/rp2_common/pico_unique_id/unique_id.c.obj
                0x100068b4                        PROVIDE (__init_array_end = .)
                0x100068b4                        . = ALIGN (0x4)
                [!provide]                        PROVIDE (__fini_array_start = .)
 *(SORT_BY_NAME(.fini_array.*))
 *(.fini_array)
                [!provide]                        PROVIDE (__fini_array_end = .)
 *(.eh_frame*)
 .eh_frame      0x100068b4        0x0 C:/Users/anass/.pico-sdk/toolchain/13_2_Rel1/bin/../lib/gcc/arm-none-eabi/13.2.1/thumb/v6-m/nofp/crtbegin.o
                0x100068b4                        . = ALIGN (0x4)

.glue_7         0x100068b4        0x0
 .glue_7        0x100068b4        0x0 linker stubs

.glue_7t        0x100068b4        0x0
 .glue_7t       0x100068b4        0x0 linker stubs

.vfp11_veneer   0x100068b4        0x0
 .vfp11_veneer  0x100068b4        0x0 linker stubs

.v4_bx          0x100068b4        0x0
 .v4_bx         0x100068b4        0x0 linker stubs

.iplt           0x100068b4        0x0
 .iplt          0x100068b4        0x0 C:/Users/anass/.pico-sdk/toolchain/13_2_Rel1/bin/../lib/gcc/arm-none-eabi/13.2.1/thumb/v6-m/nofp/crtbegin.o

.rodata         0x100068b8      0x664
 *(EXCLUDE_FILE(*libm.a: *libc.a:*lib_a-mem*.o *libgcc.a:) .rodata*)
 .rodata.main.str1.4
                0x100068b8      0x1c0 CMakeFiles/AnassPad.dir/AnassPad.c.obj
                                 0x5b (size before relaxing)
 .rodata.panic.str1.4
                0x10006a78       0x12 CMakeFiles/AnassPad.dir/C_/Users/anass/.pico-sdk/sdk/2.0.0/src/rp2_common/pico_platform_panic/panic.c.obj
 .rodata.spin_lock_claim_unused.str1.4
                0x10006a78       0x1b CMakeFiles/AnassPad.dir/C_/Users/anass/.pico-sdk/sdk/2.0.0/src/rp2_common/hardware_sync/sync.c.obj
 .rodata.user_irq_claim_unused.str1.4
                0x10006a78       0x1b CMakeFiles/AnassPad.dir/C_/Users/anass/.pico-sdk/sdk/2.0.0/src/rp2_common/hardware_irq/irq.c.obj
 .rodata.timer_hardware_alarm_claim.str1.4
                0x10006a78       0x22 CMakeFiles/AnassPad.dir/C_/Users/anass/.pico-sdk/sdk/2.0.0/src/rp2_common/hardware_timer/timer.c.obj
 .rodata.hard_assertion_failure.str1.4
                0x10006a78        0xc CMakeFiles/AnassPad.dir/C_/Users/anass/.pico-sdk/sdk/2.0.0/src/rp2_common/pico_runtime/runtime.c.obj
 .rodata.str1.4
                0x10006a78       0x34 CMakeFiles/AnassPad.dir/C_/Users/anass/.pico-sdk/sdk/2.0.0/src/rp2_common/pico_standard_binary_info/standard_binary_info.c.obj
 .rodata.__bi_84
                0x10006a78        0xc CMakeFiles/AnassPad.dir/C_/Users/anass/.pico-sdk/sdk/2.0.0/src/rp2_common/pico_standard_binary_info/standard_binary_info.c.obj
 .rodata.__bi_60
                0x10006a84        0xc CMakeFiles/AnassPad.dir/C_/Users/anass/.pico-sdk/sdk/2.0.0/src/rp2_common/pico_standard_binary_info/standard_binary_info.c.obj
 .rodata.__bi_54
                0x10006a90        0xc CMakeFiles/AnassPad.dir/C_/Users/anass/.pico-sdk/sdk/2.0.0/src/rp2_common/pico_standard_binary_info/standard_binary_info.c.obj
 .rodata.__bi_48
                0x10006a9c        0xc CMakeFiles/AnassPad.dir/C_/Users/anass/.pico-sdk/sdk/2.0.0/src/rp2_common/pico_standard_binary_info/standard_binary_info.c.obj
 .rodata.__bi_42
                0x10006aa8        0xc CMakeFiles/AnassPad.dir/C_/Users/anass/.pico-sdk/sdk/2.0.0/src/rp2_common/pico_standard_binary_info/standard_binary_info.c.obj
 .rodata.__bi_34
                0x10006ab4        0xc CMakeFiles/AnassPad.dir/C_/Users/anass/.pico-sdk/sdk/2.0.0/src/rp2_common/pico_standard_binary_info/standard_binary_info.c.obj
 .rodata.__bi_26
                0x10006ac0        0xc CMakeFiles/AnassPad.dir/C_/Users/anass/.pico-sdk/sdk/2.0.0/src/rp2_common/pico_standard_binary_info/standard_binary_info.c.obj
 .rodata._ftoa.str1.4
                0x10006acc       0x15 CMakeFiles/AnassPad.dir/C_/Users/anass/.pico-sdk/sdk/2.0.0/src/rp2_common/pico_printf/printf.c.obj
 .rodata._vsnprintf
                0x10006acc      0x19c CMakeFiles/AnassPad.dir/C_/Users/anass/.pico-sdk/sdk/2.0.0/src/rp2_common/pico_printf/printf.c.obj
 .rodata.pow10.0
                0x10006c68       0x50 CMakeFiles/AnassPad.dir/C_/Users/anass/.pico-sdk/sdk/2.0.0/src/rp2_common/pico_printf/printf.c.obj
 .rodata.crlf_str.0
                0x10006cb8        0x2 CMakeFiles/AnassPad.dir/C_/Users/anass/.pico-sdk/sdk/2.0.0/src/rp2_common/pico_stdio/stdio.c.obj
 *fill*         0x10006cba        0x2 
 .rodata._resetd_driver
                0x10006cbc       0x20 CMakeFiles/AnassPad.dir/C_/Users/anass/.pico-sdk/sdk/2.0.0/src/rp2_common/pico_stdio_usb/reset_interface.c.obj
 .rodata.desc_ms_os_20
                0x10006cdc       0xa6 CMakeFiles/AnassPad.dir/C_/Users/anass/.pico-sdk/sdk/2.0.0/src/rp2_common/pico_stdio_usb/reset_interface.c.obj
 *fill*         0x10006d82        0x2 
 .rodata.desc_bos
                0x10006d84       0x21 CMakeFiles/AnassPad.dir/C_/Users/anass/.pico-sdk/sdk/2.0.0/src/rp2_common/pico_stdio_usb/reset_interface.c.obj
                0x10006d84                desc_bos
 .rodata.str1.4
                0x10006da5       0x13 CMakeFiles/AnassPad.dir/C_/Users/anass/.pico-sdk/sdk/2.0.0/src/rp2_common/pico_stdio_usb/stdio_usb.c.obj
 *fill*         0x10006da5        0x3 
 .rodata.__bi_197.0
                0x10006da8        0xc CMakeFiles/AnassPad.dir/C_/Users/anass/.pico-sdk/sdk/2.0.0/src/rp2_common/pico_stdio_usb/stdio_usb.c.obj
 .rodata.str1.4
                0x10006db4       0x2a CMakeFiles/AnassPad.dir/C_/Users/anass/.pico-sdk/sdk/2.0.0/src/rp2_common/pico_stdio_usb/stdio_usb_descriptors.c.obj
 .rodata.usbd_desc_str
                0x10006db4       0x18 CMakeFiles/AnassPad.dir/C_/Users/anass/.pico-sdk/sdk/2.0.0/src/rp2_common/pico_stdio_usb/stdio_usb_descriptors.c.obj
 .rodata.usbd_desc_cfg
                0x10006dcc       0x54 CMakeFiles/AnassPad.dir/C_/Users/anass/.pico-sdk/sdk/2.0.0/src/rp2_common/pico_stdio_usb/stdio_usb_descriptors.c.obj
 .rodata.usbd_desc_device
                0x10006e20       0x12 CMakeFiles/AnassPad.dir/C_/Users/anass/.pico-sdk/sdk/2.0.0/src/rp2_common/pico_stdio_usb/stdio_usb_descriptors.c.obj
 .rodata.str1.4
                0x10006e32       0x14 CMakeFiles/AnassPad.dir/C_/Users/anass/.pico-sdk/sdk/2.0.0/lib/tinyusb/src/portable/raspberrypi/rp2040/dcd_rp2040.c.obj
 .rodata.str1.4
                0x10006e32       0x48 CMakeFiles/AnassPad.dir/C_/Users/anass/.pico-sdk/sdk/2.0.0/lib/tinyusb/src/portable/raspberrypi/rp2040/rp2040_usb.c.obj
 *fill*         0x10006e32        0x2 
 .rodata.tud_task_ext
                0x10006e34       0x8c CMakeFiles/AnassPad.dir/C_/Users/anass/.pico-sdk/sdk/2.0.0/lib/tinyusb/src/device/usbd.c.obj
 .rodata        0x10006ec0       0x1c CMakeFiles/AnassPad.dir/C_/Users/anass/.pico-sdk/sdk/2.0.0/lib/tinyusb/src/device/usbd.c.obj
 .rodata._usbd_driver
                0x10006edc       0x40 CMakeFiles/AnassPad.dir/C_/Users/anass/.pico-sdk/sdk/2.0.0/lib/tinyusb/src/device/usbd.c.obj
                0x10006f1c                        . = ALIGN (0x4)
 *(SORT_BY_ALIGNMENT(SORT_BY_NAME(.flashdata*)))
                0x10006f1c                        . = ALIGN (0x4)

.ARM.extab
 *(.ARM.extab* .gnu.linkonce.armextab.*)
                0x10006f1c                        __exidx_start = .

.ARM.exidx
 *(.ARM.exidx* .gnu.linkonce.armexidx.*)
                0x10006f1c                        __exidx_end = .
                0x10006f1c                        . = ALIGN (0x4)
                0x10006f1c                        __binary_info_start = .

.binary_info    0x10006f1c       0x20
 *(.binary_info.keep.*)
 .binary_info.keep.__bi_ptr84
                0x10006f1c        0x4 CMakeFiles/AnassPad.dir/C_/Users/anass/.pico-sdk/sdk/2.0.0/src/rp2_common/pico_standard_binary_info/standard_binary_info.c.obj
 .binary_info.keep.__bi_ptr60
                0x10006f20        0x4 CMakeFiles/AnassPad.dir/C_/Users/anass/.pico-sdk/sdk/2.0.0/src/rp2_common/pico_standard_binary_info/standard_binary_info.c.obj
 .binary_info.keep.__bi_ptr54
                0x10006f24        0x4 CMakeFiles/AnassPad.dir/C_/Users/anass/.pico-sdk/sdk/2.0.0/src/rp2_common/pico_standard_binary_info/standard_binary_info.c.obj
 .binary_info.keep.__bi_ptr48
                0x10006f28        0x4 CMakeFiles/AnassPad.dir/C_/Users/anass/.pico-sdk/sdk/2.0.0/src/rp2_common/pico_standard_binary_info/standard_binary_info.c.obj
 .binary_info.keep.__bi_ptr42
                0x10006f2c        0x4 CMakeFiles/AnassPad.dir/C_/Users/anass/.pico-sdk/sdk/2.0.0/src/rp2_common/pico_standard_binary_info/standard_binary_info.c.obj
 .binary_info.keep.__bi_ptr34
                0x10006f30        0x4 CMakeFiles/AnassPad.dir/C_/Users/anass/.pico-sdk/sdk/2.0.0/src/rp2_common/pico_standard_binary_info/standard_binary_info.c.obj
 .binary_info.keep.__bi_ptr26
                0x10006f34        0x4 CMakeFiles/AnassPad.dir/C_/Users/anass/.pico-sdk/sdk/2.0.0/src/rp2_common/pico_standard_binary_info/standard_binary_info.c.obj
 *(.binary_info.*)
 .binary_info.__bi_ptr197
                0x10006f38        0x4 CMakeFiles/AnassPad.dir/C_/Users/anass/.pico-sdk/sdk/2.0.0/src/rp2_common/pico_stdio_usb/stdio_usb.c.obj
                0x10006f3c                        __binary_info_end = .

.rel.dyn        0x10006f3c        0x0
 .rel.iplt      0x10006f3c        0x0 C:/Users/anass/.pico-sdk/toolchain/13_2_Rel1/bin/../lib/gcc/arm-none-eabi/13.2.1/thumb/v6-m/nofp/crtbegin.o
                0x10006f3c                        . = ALIGN (0x4)

.ram_vector_table
                0x20000000       0xc0
 *(.ram_vector_table)
 .ram_vector_table
                0x20000000       0xc0 CMakeFiles/AnassPad.dir/C_/Users/anass/.pico-sdk/sdk/2.0.0/src/rp2_common/pico_runtime_init/runtime_init.c.obj
                0x20000000                ram_vector_table

.uninitialized_data
                0x200000c0        0x0
                0x200000c0                        . = ALIGN (0x4)
 *(.uninitialized_data*)

.data           0x200000c0      0xfa0 load address 0x10006f3c
                0x200000c0                        __data_start__ = .
 *(vtable)
 *(.time_critical*)
 .time_critical.mutex_try_enter
                0x200000c0       0x40 CMakeFiles/AnassPad.dir/C_/Users/anass/.pico-sdk/sdk/2.0.0/src/common/pico_sync/mutex.c.obj
                0x200000c0                mutex_try_enter
 .time_critical.mutex_try_enter_block_until
                0x20000100       0x9c CMakeFiles/AnassPad.dir/C_/Users/anass/.pico-sdk/sdk/2.0.0/src/common/pico_sync/mutex.c.obj
                0x20000100                mutex_try_enter_block_until
 .time_critical.mutex_enter_timeout_ms
                0x2000019c       0x90 CMakeFiles/AnassPad.dir/C_/Users/anass/.pico-sdk/sdk/2.0.0/src/common/pico_sync/mutex.c.obj
                0x2000019c                mutex_enter_timeout_ms
 .time_critical.mutex_exit
                0x2000022c       0x28 CMakeFiles/AnassPad.dir/C_/Users/anass/.pico-sdk/sdk/2.0.0/src/common/pico_sync/mutex.c.obj
                0x2000022c                mutex_exit
 .time_critical.flash_init_boot2_copyout
                0x20000254       0x30 CMakeFiles/AnassPad.dir/C_/Users/anass/.pico-sdk/sdk/2.0.0/src/rp2_common/hardware_flash/flash.c.obj
 .time_critical.flash_enable_xip_via_boot2
                0x20000284        0xc CMakeFiles/AnassPad.dir/C_/Users/anass/.pico-sdk/sdk/2.0.0/src/rp2_common/hardware_flash/flash.c.obj
 .time_critical.flash_cs_force
                0x20000290       0x38 CMakeFiles/AnassPad.dir/C_/Users/anass/.pico-sdk/sdk/2.0.0/src/rp2_common/hardware_flash/flash.c.obj
 .time_critical.flash_do_cmd
                0x200002c8       0xc0 CMakeFiles/AnassPad.dir/C_/Users/anass/.pico-sdk/sdk/2.0.0/src/rp2_common/hardware_flash/flash.c.obj
                0x200002c8                flash_do_cmd
 .time_critical.reset_non_control_endpoints
                0x20000388       0x68 CMakeFiles/AnassPad.dir/C_/Users/anass/.pico-sdk/sdk/2.0.0/lib/tinyusb/src/portable/raspberrypi/rp2040/dcd_rp2040.c.obj
 .time_critical.hw_handle_buff_status
                0x200003f0       0xb0 CMakeFiles/AnassPad.dir/C_/Users/anass/.pico-sdk/sdk/2.0.0/lib/tinyusb/src/portable/raspberrypi/rp2040/dcd_rp2040.c.obj
 .time_critical.dcd_rp2040_irq
                0x200004a0      0x578 CMakeFiles/AnassPad.dir/C_/Users/anass/.pico-sdk/sdk/2.0.0/lib/tinyusb/src/portable/raspberrypi/rp2040/dcd_rp2040.c.obj
 .time_critical.prepare_ep_buffer
                0x20000a18       0xe0 CMakeFiles/AnassPad.dir/C_/Users/anass/.pico-sdk/sdk/2.0.0/lib/tinyusb/src/portable/raspberrypi/rp2040/rp2040_usb.c.obj
 .time_critical.sync_ep_buffer
                0x20000af8       0xa8 CMakeFiles/AnassPad.dir/C_/Users/anass/.pico-sdk/sdk/2.0.0/lib/tinyusb/src/portable/raspberrypi/rp2040/rp2040_usb.c.obj
 .time_critical._hw_endpoint_xfer_sync
                0x20000ba0       0x28 CMakeFiles/AnassPad.dir/C_/Users/anass/.pico-sdk/sdk/2.0.0/lib/tinyusb/src/portable/raspberrypi/rp2040/rp2040_usb.c.obj
 .time_critical.e15_is_bulkin_ep
                0x20000bc8       0x28 CMakeFiles/AnassPad.dir/C_/Users/anass/.pico-sdk/sdk/2.0.0/lib/tinyusb/src/portable/raspberrypi/rp2040/rp2040_usb.c.obj
 .time_critical.e15_is_critical_frame_period
                0x20000bf0       0x34 CMakeFiles/AnassPad.dir/C_/Users/anass/.pico-sdk/sdk/2.0.0/lib/tinyusb/src/portable/raspberrypi/rp2040/rp2040_usb.c.obj
 .time_critical.hw_endpoint_reset_transfer
                0x20000c24        0xc CMakeFiles/AnassPad.dir/C_/Users/anass/.pico-sdk/sdk/2.0.0/lib/tinyusb/src/portable/raspberrypi/rp2040/rp2040_usb.c.obj
                0x20000c24                hw_endpoint_reset_transfer
 .time_critical._hw_endpoint_buffer_control_update32
                0x20000c30       0x50 CMakeFiles/AnassPad.dir/C_/Users/anass/.pico-sdk/sdk/2.0.0/lib/tinyusb/src/portable/raspberrypi/rp2040/rp2040_usb.c.obj
                0x20000c30                _hw_endpoint_buffer_control_update32
 .time_critical.hw_endpoint_start_next_buffer
                0x20000c80       0x6c CMakeFiles/AnassPad.dir/C_/Users/anass/.pico-sdk/sdk/2.0.0/lib/tinyusb/src/portable/raspberrypi/rp2040/rp2040_usb.c.obj
                0x20000c80                hw_endpoint_start_next_buffer
 .time_critical.hw_endpoint_xfer_continue
                0x20000cec       0x40 CMakeFiles/AnassPad.dir/C_/Users/anass/.pico-sdk/sdk/2.0.0/lib/tinyusb/src/portable/raspberrypi/rp2040/rp2040_usb.c.obj
                0x20000cec                hw_endpoint_xfer_continue
 .time_critical.tinyusb
                0x20000d2c      0x1e4 CMakeFiles/AnassPad.dir/C_/Users/anass/.pico-sdk/sdk/2.0.0/lib/tinyusb/src/device/usbd.c.obj
                0x20000d2c                dcd_event_handler
 *(.text*)
 .text          0x20000f10        0x4 C:/Users/anass/.pico-sdk/toolchain/13_2_Rel1/bin/../lib/gcc/arm-none-eabi/13.2.1/thumb/v6-m/nofp\libgcc.a(_dvmd_tls.o)
                0x20000f10                __aeabi_idiv0
                0x20000f10                __aeabi_ldiv0
 *fill*         0x20000f14        0x4 
 .text.__stub   0x20000f18       0x80 linker stubs
                0x20000f98                        . = ALIGN (0x4)
 *(.rodata*)
                0x20000f98                        . = ALIGN (0x4)
 *(.data*)
 .data.striped_spin_lock_num
                0x20000f98        0x1 CMakeFiles/AnassPad.dir/C_/Users/anass/.pico-sdk/sdk/2.0.0/src/rp2_common/hardware_sync/sync.c.obj
 *fill*         0x20000f99        0x3 
 .data          0x20000f9c       0x48 CMakeFiles/AnassPad.dir/C_/Users/anass/.pico-sdk/sdk/2.0.0/src/rp2_common/hardware_irq/irq_handler_chain.S.obj
                0x20000f9c                irq_handler_chain_slots
                0x20000fcc                irq_handler_chain_first_slot
                0x20000fd6                irq_handler_chain_remove_tail
 .data.default_alarm_pool
                0x20000fe4       0x18 CMakeFiles/AnassPad.dir/C_/Users/anass/.pico-sdk/sdk/2.0.0/src/common/pico_time/time.c.obj
 *fill*         0x20000ffc        0x4 
 .data.aeabi_bits_funcs
                0x20001000       0x10 CMakeFiles/AnassPad.dir/C_/Users/anass/.pico-sdk/sdk/2.0.0/src/rp2_common/pico_bit_ops/bit_ops_aeabi.S.obj
                0x20001000                aeabi_bits_funcs
                0x20001010                aeabi_bits_funcs_end
 .data.aeabi_mem_funcs
                0x20001010       0x10 CMakeFiles/AnassPad.dir/C_/Users/anass/.pico-sdk/sdk/2.0.0/src/rp2_common/pico_mem_ops/mem_ops_aeabi.S.obj
                0x20001010                aeabi_mem_funcs
                0x20001020                aeabi_mem_funcs_end
 .data.stdio_usb
                0x20001020       0x18 CMakeFiles/AnassPad.dir/C_/Users/anass/.pico-sdk/sdk/2.0.0/src/rp2_common/pico_stdio_usb/stdio_usb.c.obj
                0x20001020                stdio_usb
 .data._usbd_qdef
                0x20001038       0x1c CMakeFiles/AnassPad.dir/C_/Users/anass/.pico-sdk/sdk/2.0.0/lib/tinyusb/src/device/usbd.c.obj
                0x20001038                _usbd_qdef
 .data._usbd_rhport
                0x20001054        0x1 CMakeFiles/AnassPad.dir/C_/Users/anass/.pico-sdk/sdk/2.0.0/lib/tinyusb/src/device/usbd.c.obj
                0x20001058                        . = ALIGN (0x4)
 *fill*         0x20001055        0x3 
 *(.after_data.*)
                0x20001058                        . = ALIGN (0x4)
                0x20001058                        PROVIDE (__mutex_array_start = .)
 *(SORT_BY_NAME(.mutex_array.*))
 *(.mutex_array)
 .mutex_array   0x20001058        0x8 CMakeFiles/AnassPad.dir/C_/Users/anass/.pico-sdk/sdk/2.0.0/src/rp2_common/pico_stdio/stdio.c.obj
                0x20001060                        PROVIDE (__mutex_array_end = .)
                0x20001060                        . = ALIGN (0x4)
 *(.jcr)
                0x20001060                        . = ALIGN (0x4)

.tm_clone_table
                0x20001060        0x0 load address 0x10007edc
 .tm_clone_table
                0x20001060        0x0 C:/Users/anass/.pico-sdk/toolchain/13_2_Rel1/bin/../lib/gcc/arm-none-eabi/13.2.1/thumb/v6-m/nofp/crtbegin.o
 .tm_clone_table
                0x20001060        0x0 C:/Users/anass/.pico-sdk/toolchain/13_2_Rel1/bin/../lib/gcc/arm-none-eabi/13.2.1/thumb/v6-m/nofp/crtend.o

.igot.plt       0x20001060        0x0 load address 0x10007edc
 .igot.plt      0x20001060        0x0 C:/Users/anass/.pico-sdk/toolchain/13_2_Rel1/bin/../lib/gcc/arm-none-eabi/13.2.1/thumb/v6-m/nofp/crtbegin.o

.tdata          0x20001060        0x0 load address 0x10007edc
                0x20001060                        . = ALIGN (0x4)
 *(.tdata .tdata.* .gnu.linkonce.td.*)
                0x20001060                        __tdata_end = .
                0x20001060                        PROVIDE (__data_end__ = .)
                0x10006f3c                        __etext = LOADADDR (.data)

.tbss           0x20001060        0x0 load address 0x10007edc
                0x20001060                        . = ALIGN (0x4)
                0x20001060                        __bss_start__ = .
                0x20001060                        __tls_base = .
 *(.tbss .tbss.* .gnu.linkonce.tb.*)
 *(.tcommon)
                0x20001060                        __tls_end = .

.bss            0x20001060     0x106c load address 0x10007edc
                0x20001060                        . = ALIGN (0x4)
                0x20001060                        __tbss_end = .
 *(SORT_BY_ALIGNMENT(SORT_BY_NAME(.bss*)))
 .bss._vendord_itf
                0x20001060      0x2bc CMakeFiles/AnassPad.dir/C_/Users/anass/.pico-sdk/sdk/2.0.0/lib/tinyusb/src/class/vendor/vendor_device.c.obj
 *fill*         0x2000131c        0x4 
 .bss.default_alarm_pool_entries
                0x20001320      0x180 CMakeFiles/AnassPad.dir/C_/Users/anass/.pico-sdk/sdk/2.0.0/src/common/pico_time/time.c.obj
 .bss.last_avail_time.1
                0x200014a0        0x8 CMakeFiles/AnassPad.dir/C_/Users/anass/.pico-sdk/sdk/2.0.0/src/rp2_common/pico_stdio_usb/stdio_usb.c.obj
 .bss.sd_table  0x200014a8      0x100 CMakeFiles/AnassPad.dir/C_/Users/anass/.pico-sdk/sdk/2.0.0/src/rp2_common/pico_double/double_init_rom_rp2040.c.obj
                0x200014a8                sd_table
 .bss.sf_table  0x200015a8      0x100 CMakeFiles/AnassPad.dir/C_/Users/anass/.pico-sdk/sdk/2.0.0/src/rp2_common/pico_float/float_init_rom_rp2040.c.obj
                0x200015a8                sf_table
 .bss._app_driver
                0x200016a8        0x4 CMakeFiles/AnassPad.dir/C_/Users/anass/.pico-sdk/sdk/2.0.0/lib/tinyusb/src/device/usbd.c.obj
 .bss._cdcd_fifo_cfg
                0x200016ac        0x1 CMakeFiles/AnassPad.dir/C_/Users/anass/.pico-sdk/sdk/2.0.0/lib/tinyusb/src/class/cdc/cdc_device.c.obj
 *fill*         0x200016ad        0x3 
 .bss._cdcd_itf
                0x200016b0      0x2c8 CMakeFiles/AnassPad.dir/C_/Users/anass/.pico-sdk/sdk/2.0.0/lib/tinyusb/src/class/cdc/cdc_device.c.obj
 .bss._ctrl_xfer
                0x20001978       0x14 CMakeFiles/AnassPad.dir/C_/Users/anass/.pico-sdk/sdk/2.0.0/lib/tinyusb/src/device/usbd_control.c.obj
 .bss._ubsd_mutexdef
                0x2000198c        0x8 CMakeFiles/AnassPad.dir/C_/Users/anass/.pico-sdk/sdk/2.0.0/lib/tinyusb/src/device/usbd.c.obj
 .bss._usbd_ctrl_buf
                0x20001994       0x40 CMakeFiles/AnassPad.dir/C_/Users/anass/.pico-sdk/sdk/2.0.0/lib/tinyusb/src/device/usbd_control.c.obj
 .bss._usbd_dev
                0x200019d4       0x54 CMakeFiles/AnassPad.dir/C_/Users/anass/.pico-sdk/sdk/2.0.0/lib/tinyusb/src/device/usbd.c.obj
 .bss._usbd_mutex
                0x20001a28        0x4 CMakeFiles/AnassPad.dir/C_/Users/anass/.pico-sdk/sdk/2.0.0/lib/tinyusb/src/device/usbd.c.obj
 .bss._usbd_q   0x20001a2c        0x4 CMakeFiles/AnassPad.dir/C_/Users/anass/.pico-sdk/sdk/2.0.0/lib/tinyusb/src/device/usbd.c.obj
 .bss._usbd_qdef_buf
                0x20001a30       0xc0 CMakeFiles/AnassPad.dir/C_/Users/anass/.pico-sdk/sdk/2.0.0/lib/tinyusb/src/device/usbd.c.obj
                0x20001a30                _usbd_qdef_buf
 .bss.boot2_copyout
                0x20001af0      0x100 CMakeFiles/AnassPad.dir/C_/Users/anass/.pico-sdk/sdk/2.0.0/src/rp2_common/hardware_flash/flash.c.obj
 .bss.chars_available_callback
                0x20001bf0        0x4 CMakeFiles/AnassPad.dir/C_/Users/anass/.pico-sdk/sdk/2.0.0/src/rp2_common/pico_stdio_usb/stdio_usb.c.obj
 .bss.chars_available_param
                0x20001bf4        0x4 CMakeFiles/AnassPad.dir/C_/Users/anass/.pico-sdk/sdk/2.0.0/src/rp2_common/pico_stdio_usb/stdio_usb.c.obj
 .bss.claimed   0x20001bf8        0x4 CMakeFiles/AnassPad.dir/C_/Users/anass/.pico-sdk/sdk/2.0.0/src/rp2_common/hardware_sync/sync.c.obj
 .bss.claimed   0x20001bfc        0x1 CMakeFiles/AnassPad.dir/C_/Users/anass/.pico-sdk/sdk/2.0.0/src/rp2_common/hardware_timer/timer.c.obj
 *fill*         0x20001bfd        0x3 
 .bss.configured_freq
                0x20001c00       0x28 CMakeFiles/AnassPad.dir/C_/Users/anass/.pico-sdk/sdk/2.0.0/src/rp2_common/hardware_clocks/clocks.c.obj
 .bss.desc_str.0
                0x20001c28       0x28 CMakeFiles/AnassPad.dir/C_/Users/anass/.pico-sdk/sdk/2.0.0/src/rp2_common/pico_stdio_usb/stdio_usb_descriptors.c.obj
 .bss.drivers   0x20001c50        0x4 CMakeFiles/AnassPad.dir/C_/Users/anass/.pico-sdk/sdk/2.0.0/src/rp2_common/pico_stdio/stdio.c.obj
 .bss.e15_last_sof
                0x20001c54        0x4 CMakeFiles/AnassPad.dir/C_/Users/anass/.pico-sdk/sdk/2.0.0/lib/tinyusb/src/portable/raspberrypi/rp2040/rp2040_usb.c.obj
                0x20001c54                e15_last_sof
 .bss.filter    0x20001c58        0x4 CMakeFiles/AnassPad.dir/C_/Users/anass/.pico-sdk/sdk/2.0.0/src/rp2_common/pico_stdio/stdio.c.obj
 .bss.hw_endpoints
                0x20001c5c      0x400 CMakeFiles/AnassPad.dir/C_/Users/anass/.pico-sdk/sdk/2.0.0/lib/tinyusb/src/portable/raspberrypi/rp2040/dcd_rp2040.c.obj
 .bss.lazy_vsnprintf
                0x2000205c        0x4 CMakeFiles/AnassPad.dir/C_/Users/anass/.pico-sdk/sdk/2.0.0/src/rp2_common/pico_printf/printf.c.obj
 .bss.load_value
                0x20002060        0x4 CMakeFiles/AnassPad.dir/C_/Users/anass/.pico-sdk/sdk/2.0.0/src/rp2_common/hardware_watchdog/watchdog.c.obj
 .bss.next_buffer_ptr
                0x20002064        0x4 CMakeFiles/AnassPad.dir/C_/Users/anass/.pico-sdk/sdk/2.0.0/lib/tinyusb/src/portable/raspberrypi/rp2040/dcd_rp2040.c.obj
 .bss.object.0  0x20002068       0x18 C:/Users/anass/.pico-sdk/toolchain/13_2_Rel1/bin/../lib/gcc/arm-none-eabi/13.2.1/thumb/v6-m/nofp/crtbegin.o
 .bss.one_shot_timer_crit_sec
                0x20002080        0x8 CMakeFiles/AnassPad.dir/C_/Users/anass/.pico-sdk/sdk/2.0.0/src/rp2_common/pico_stdio_usb/stdio_usb.c.obj
 .bss.pools     0x20002088       0x10 CMakeFiles/AnassPad.dir/C_/Users/anass/.pico-sdk/sdk/2.0.0/src/common/pico_time/time.c.obj
 .bss.retrieved_id
                0x20002098        0x8 CMakeFiles/AnassPad.dir/C_/Users/anass/.pico-sdk/sdk/2.0.0/src/rp2_common/pico_unique_id/unique_id.c.obj
 .bss.sf_clz_func
                0x200020a0        0x4 CMakeFiles/AnassPad.dir/C_/Users/anass/.pico-sdk/sdk/2.0.0/src/rp2_common/pico_double/double_init_rom_rp2040.c.obj
                0x200020a0                sf_clz_func
 .bss.sleep_notifier
                0x200020a4        0x4 CMakeFiles/AnassPad.dir/C_/Users/anass/.pico-sdk/sdk/2.0.0/src/common/pico_time/time.c.obj
 .bss.stdio_usb_mutex
                0x200020a8        0x8 CMakeFiles/AnassPad.dir/C_/Users/anass/.pico-sdk/sdk/2.0.0/src/rp2_common/pico_stdio_usb/stdio_usb.c.obj
 .bss.usbd_serial_str
                0x200020b0       0x11 CMakeFiles/AnassPad.dir/C_/Users/anass/.pico-sdk/sdk/2.0.0/src/rp2_common/pico_stdio_usb/stdio_usb_descriptors.c.obj
 .bss._app_driver_count
                0x200020c1        0x1 CMakeFiles/AnassPad.dir/C_/Users/anass/.pico-sdk/sdk/2.0.0/lib/tinyusb/src/device/usbd.c.obj
 .bss._sof_enable
                0x200020c2        0x1 CMakeFiles/AnassPad.dir/C_/Users/anass/.pico-sdk/sdk/2.0.0/lib/tinyusb/src/portable/raspberrypi/rp2040/dcd_rp2040.c.obj
 .bss._usbd_queued_setup
                0x200020c3        0x1 CMakeFiles/AnassPad.dir/C_/Users/anass/.pico-sdk/sdk/2.0.0/lib/tinyusb/src/device/usbd.c.obj
 .bss.boot2_copyout_valid
                0x200020c4        0x1 CMakeFiles/AnassPad.dir/C_/Users/anass/.pico-sdk/sdk/2.0.0/src/rp2_common/hardware_flash/flash.c.obj
 .bss.irq_handler_chain_free_slot_head
                0x200020c5        0x1 CMakeFiles/AnassPad.dir/C_/Users/anass/.pico-sdk/sdk/2.0.0/src/rp2_common/hardware_irq/irq.c.obj
 .bss.itf_num   0x200020c6        0x1 CMakeFiles/AnassPad.dir/C_/Users/anass/.pico-sdk/sdk/2.0.0/src/rp2_common/pico_stdio_usb/reset_interface.c.obj
 .bss.low_priority_irq_num
                0x200020c7        0x1 CMakeFiles/AnassPad.dir/C_/Users/anass/.pico-sdk/sdk/2.0.0/src/rp2_common/pico_stdio_usb/stdio_usb.c.obj
 .bss.one_shot_timer_pending
                0x200020c8        0x1 CMakeFiles/AnassPad.dir/C_/Users/anass/.pico-sdk/sdk/2.0.0/src/rp2_common/pico_stdio_usb/stdio_usb.c.obj
 .bss.user_irq_claimed
                0x200020c9        0x1 CMakeFiles/AnassPad.dir/C_/Users/anass/.pico-sdk/sdk/2.0.0/src/rp2_common/hardware_irq/irq.c.obj
 *(COMMON)
                0x200020cc                        . = ALIGN (0x4)
 *fill*         0x200020ca        0x2 
                0x200020cc                        __bss_end__ = .

.heap           0x200020cc    0x3df34 load address 0x10007edc
                0x200020cc                        __end__ = .
                0x200020cc                        end = __end__
 *(.heap*)
 .heap          0x200020cc      0x800 CMakeFiles/AnassPad.dir/C_/Users/anass/.pico-sdk/sdk/2.0.0/src/rp2_common/pico_crt0/crt0.S.obj
                0x20040000                        . = (ORIGIN (RAM) + LENGTH (RAM))
 *fill*         0x200028cc    0x3d734 
                0x20040000                        __HeapLimit = .

.scratch_x      0x20040000        0x0 load address 0x10007edc
                0x20040000                        __scratch_x_start__ = .
 *(.scratch_x.*)
                0x20040000                        . = ALIGN (0x4)
                0x20040000                        __scratch_x_end__ = .
                0x10007edc                        __scratch_x_source__ = LOADADDR (.scratch_x)

.scratch_y      0x20041000        0x0 load address 0x10007edc
                0x20041000                        __scratch_y_start__ = .
 *(.scratch_y.*)
                0x20041000                        . = ALIGN (0x4)
                0x20041000                        __scratch_y_end__ = .
                0x10007edc                        __scratch_y_source__ = LOADADDR (.scratch_y)

.stack1_dummy
 *(.stack1*)

.stack_dummy    0x20041000      0x800
 *(.stack*)
 .stack         0x20041000      0x800 CMakeFiles/AnassPad.dir/C_/Users/anass/.pico-sdk/sdk/2.0.0/src/rp2_common/pico_crt0/crt0.S.obj

.flash_end      0x10007edc        0x0
 *(.embedded_end_block*)
                0x10007edc                        PROVIDE (__flash_binary_end = .)
                0x20040000                        __StackLimit = (ORIGIN (RAM) + LENGTH (RAM))
                0x20041000                        __StackOneTop = (ORIGIN (SCRATCH_X) + LENGTH (SCRATCH_X))
                0x20042000                        __StackTop = (ORIGIN (SCRATCH_Y) + LENGTH (SCRATCH_Y))
                0x20041000                        __StackOneBottom = (__StackOneTop - SIZEOF (.stack1_dummy))
                0x20041800                        __StackBottom = (__StackTop - SIZEOF (.stack_dummy))
                0x20042000                        PROVIDE (__stack = __StackTop)
                [!provide]                        PROVIDE (__heap_start = __end__)
                [!provide]                        PROVIDE (__heap_end = __HeapLimit)
                [!provide]                        PROVIDE (__tls_align = MAX (ALIGNOF (.tdata), ALIGNOF (.tbss)))
                [!provide]                        PROVIDE (__tls_size_align = (((__tls_size + __tls_align) - 0x1) & ~ ((__tls_align - 0x1))))
                [!provide]                        PROVIDE (__arm32_tls_tcb_offset = MAX (0x8, __tls_align))
                [!provide]                        PROVIDE (_end = __end__)
                [!provide]                        PROVIDE (__llvm_libc_heap_limit = __HeapLimit)
                0x00000001                        ASSERT ((__StackLimit >= __HeapLimit), region RAM overflowed)
                0x00000001                        ASSERT (((__binary_info_header_end - __logical_binary_start) <= 0x100), Binary info must be in first 256 bytes of the binary)
LOAD CMakeFiles/AnassPad.dir/AnassPad.c.obj
LOAD CMakeFiles/AnassPad.dir/C_/Users/anass/.pico-sdk/sdk/2.0.0/src/rp2_common/pico_stdlib/stdlib.c.obj
LOAD CMakeFiles/AnassPad.dir/C_/Users/anass/.pico-sdk/sdk/2.0.0/src/rp2_common/hardware_gpio/gpio.c.obj
LOAD CMakeFiles/AnassPad.dir/C_/Users/anass/.pico-sdk/sdk/2.0.0/src/rp2040/pico_platform/platform.c.obj
LOAD CMakeFiles/AnassPad.dir/C_/Users/anass/.pico-sdk/sdk/2.0.0/src/rp2_common/pico_platform_panic/panic.c.obj
LOAD CMakeFiles/AnassPad.dir/C_/Users/anass/.pico-sdk/sdk/2.0.0/src/common/hardware_claim/claim.c.obj
LOAD CMakeFiles/AnassPad.dir/C_/Users/anass/.pico-sdk/sdk/2.0.0/src/rp2_common/hardware_sync/sync.c.obj
LOAD CMakeFiles/AnassPad.dir/C_/Users/anass/.pico-sdk/sdk/2.0.0/src/rp2_common/hardware_sync_spin_lock/sync_spin_lock.c.obj
LOAD CMakeFiles/AnassPad.dir/C_/Users/anass/.pico-sdk/sdk/2.0.0/src/rp2_common/hardware_irq/irq.c.obj
LOAD CMakeFiles/AnassPad.dir/C_/Users/anass/.pico-sdk/sdk/2.0.0/src/rp2_common/hardware_irq/irq_handler_chain.S.obj
LOAD CMakeFiles/AnassPad.dir/C_/Users/anass/.pico-sdk/sdk/2.0.0/src/common/pico_sync/sem.c.obj
LOAD CMakeFiles/AnassPad.dir/C_/Users/anass/.pico-sdk/sdk/2.0.0/src/common/pico_sync/lock_core.c.obj
LOAD CMakeFiles/AnassPad.dir/C_/Users/anass/.pico-sdk/sdk/2.0.0/src/common/pico_sync/mutex.c.obj
LOAD CMakeFiles/AnassPad.dir/C_/Users/anass/.pico-sdk/sdk/2.0.0/src/common/pico_sync/critical_section.c.obj
LOAD CMakeFiles/AnassPad.dir/C_/Users/anass/.pico-sdk/sdk/2.0.0/src/common/pico_time/time.c.obj
LOAD CMakeFiles/AnassPad.dir/C_/Users/anass/.pico-sdk/sdk/2.0.0/src/common/pico_time/timeout_helper.c.obj
LOAD CMakeFiles/AnassPad.dir/C_/Users/anass/.pico-sdk/sdk/2.0.0/src/rp2_common/hardware_timer/timer.c.obj
LOAD CMakeFiles/AnassPad.dir/C_/Users/anass/.pico-sdk/sdk/2.0.0/src/common/pico_util/datetime.c.obj
LOAD CMakeFiles/AnassPad.dir/C_/Users/anass/.pico-sdk/sdk/2.0.0/src/common/pico_util/pheap.c.obj
LOAD CMakeFiles/AnassPad.dir/C_/Users/anass/.pico-sdk/sdk/2.0.0/src/common/pico_util/queue.c.obj
LOAD CMakeFiles/AnassPad.dir/C_/Users/anass/.pico-sdk/sdk/2.0.0/src/rp2_common/hardware_uart/uart.c.obj
LOAD CMakeFiles/AnassPad.dir/C_/Users/anass/.pico-sdk/sdk/2.0.0/src/rp2_common/hardware_clocks/clocks.c.obj
LOAD CMakeFiles/AnassPad.dir/C_/Users/anass/.pico-sdk/sdk/2.0.0/src/rp2_common/hardware_pll/pll.c.obj
LOAD CMakeFiles/AnassPad.dir/C_/Users/anass/.pico-sdk/sdk/2.0.0/src/rp2_common/hardware_vreg/vreg.c.obj
LOAD CMakeFiles/AnassPad.dir/C_/Users/anass/.pico-sdk/sdk/2.0.0/src/rp2_common/hardware_watchdog/watchdog.c.obj
LOAD CMakeFiles/AnassPad.dir/C_/Users/anass/.pico-sdk/sdk/2.0.0/src/rp2_common/hardware_ticks/ticks.c.obj
LOAD CMakeFiles/AnassPad.dir/C_/Users/anass/.pico-sdk/sdk/2.0.0/src/rp2_common/hardware_xosc/xosc.c.obj
LOAD CMakeFiles/AnassPad.dir/C_/Users/anass/.pico-sdk/sdk/2.0.0/src/rp2_common/hardware_divider/divider.S.obj
LOAD CMakeFiles/AnassPad.dir/C_/Users/anass/.pico-sdk/sdk/2.0.0/src/rp2_common/pico_runtime/runtime.c.obj
LOAD CMakeFiles/AnassPad.dir/C_/Users/anass/.pico-sdk/sdk/2.0.0/src/rp2_common/pico_runtime_init/runtime_init.c.obj
LOAD CMakeFiles/AnassPad.dir/C_/Users/anass/.pico-sdk/sdk/2.0.0/src/rp2_common/pico_runtime_init/runtime_init_clocks.c.obj
LOAD CMakeFiles/AnassPad.dir/C_/Users/anass/.pico-sdk/sdk/2.0.0/src/rp2_common/pico_runtime_init/runtime_init_stack_guard.c.obj
LOAD CMakeFiles/AnassPad.dir/C_/Users/anass/.pico-sdk/sdk/2.0.0/src/rp2_common/pico_bit_ops/bit_ops_aeabi.S.obj
LOAD CMakeFiles/AnassPad.dir/C_/Users/anass/.pico-sdk/sdk/2.0.0/src/rp2_common/pico_bootrom/bootrom.c.obj
LOAD CMakeFiles/AnassPad.dir/C_/Users/anass/.pico-sdk/sdk/2.0.0/src/rp2_common/pico_bootrom/bootrom_lock.c.obj
LOAD CMakeFiles/AnassPad.dir/C_/Users/anass/.pico-sdk/sdk/2.0.0/src/rp2_common/hardware_boot_lock/boot_lock.c.obj
LOAD CMakeFiles/AnassPad.dir/C_/Users/anass/.pico-sdk/sdk/2.0.0/src/rp2_common/pico_divider/divider_hardware.S.obj
LOAD CMakeFiles/AnassPad.dir/C_/Users/anass/.pico-sdk/sdk/2.0.0/src/rp2_common/pico_double/double_aeabi_rp2040.S.obj
LOAD CMakeFiles/AnassPad.dir/C_/Users/anass/.pico-sdk/sdk/2.0.0/src/rp2_common/pico_double/double_init_rom_rp2040.c.obj
LOAD CMakeFiles/AnassPad.dir/C_/Users/anass/.pico-sdk/sdk/2.0.0/src/rp2_common/pico_double/double_math.c.obj
LOAD CMakeFiles/AnassPad.dir/C_/Users/anass/.pico-sdk/sdk/2.0.0/src/rp2_common/pico_double/double_v1_rom_shim_rp2040.S.obj
LOAD CMakeFiles/AnassPad.dir/C_/Users/anass/.pico-sdk/sdk/2.0.0/src/rp2_common/pico_int64_ops/pico_int64_ops_aeabi.S.obj
LOAD CMakeFiles/AnassPad.dir/C_/Users/anass/.pico-sdk/sdk/2.0.0/src/rp2_common/pico_float/float_aeabi_rp2040.S.obj
LOAD CMakeFiles/AnassPad.dir/C_/Users/anass/.pico-sdk/sdk/2.0.0/src/rp2_common/pico_float/float_init_rom_rp2040.c.obj
LOAD CMakeFiles/AnassPad.dir/C_/Users/anass/.pico-sdk/sdk/2.0.0/src/rp2_common/pico_float/float_math.c.obj
LOAD CMakeFiles/AnassPad.dir/C_/Users/anass/.pico-sdk/sdk/2.0.0/src/rp2_common/pico_float/float_v1_rom_shim_rp2040.S.obj
LOAD CMakeFiles/AnassPad.dir/C_/Users/anass/.pico-sdk/sdk/2.0.0/src/rp2_common/pico_malloc/malloc.c.obj
LOAD CMakeFiles/AnassPad.dir/C_/Users/anass/.pico-sdk/sdk/2.0.0/src/rp2_common/pico_mem_ops/mem_ops_aeabi.S.obj
LOAD CMakeFiles/AnassPad.dir/C_/Users/anass/.pico-sdk/sdk/2.0.0/src/rp2_common/pico_atomic/atomic.c.obj
LOAD CMakeFiles/AnassPad.dir/C_/Users/anass/.pico-sdk/sdk/2.0.0/src/rp2_common/pico_cxx_options/new_delete.cpp.obj
LOAD CMakeFiles/AnassPad.dir/C_/Users/anass/.pico-sdk/sdk/2.0.0/src/rp2_common/pico_standard_binary_info/standard_binary_info.c.obj
LOAD CMakeFiles/AnassPad.dir/C_/Users/anass/.pico-sdk/sdk/2.0.0/src/rp2_common/pico_printf/printf.c.obj
LOAD CMakeFiles/AnassPad.dir/C_/Users/anass/.pico-sdk/sdk/2.0.0/src/rp2_common/pico_crt0/crt0.S.obj
LOAD CMakeFiles/AnassPad.dir/C_/Users/anass/.pico-sdk/sdk/2.0.0/src/rp2_common/pico_clib_interface/newlib_interface.c.obj
LOAD CMakeFiles/AnassPad.dir/C_/Users/anass/.pico-sdk/sdk/2.0.0/src/rp2_common/pico_stdio/stdio.c.obj
LOAD CMakeFiles/AnassPad.dir/C_/Users/anass/.pico-sdk/sdk/2.0.0/src/rp2_common/pico_stdio_usb/reset_interface.c.obj
LOAD CMakeFiles/AnassPad.dir/C_/Users/anass/.pico-sdk/sdk/2.0.0/src/rp2_common/pico_stdio_usb/stdio_usb.c.obj
LOAD CMakeFiles/AnassPad.dir/C_/Users/anass/.pico-sdk/sdk/2.0.0/src/rp2_common/pico_stdio_usb/stdio_usb_descriptors.c.obj
LOAD CMakeFiles/AnassPad.dir/C_/Users/anass/.pico-sdk/sdk/2.0.0/src/rp2_common/pico_unique_id/unique_id.c.obj
LOAD CMakeFiles/AnassPad.dir/C_/Users/anass/.pico-sdk/sdk/2.0.0/src/rp2_common/hardware_flash/flash.c.obj
LOAD CMakeFiles/AnassPad.dir/C_/Users/anass/.pico-sdk/sdk/2.0.0/lib/tinyusb/src/portable/raspberrypi/rp2040/dcd_rp2040.c.obj
LOAD CMakeFiles/AnassPad.dir/C_/Users/anass/.pico-sdk/sdk/2.0.0/lib/tinyusb/src/portable/raspberrypi/rp2040/rp2040_usb.c.obj
LOAD CMakeFiles/AnassPad.dir/C_/Users/anass/.pico-sdk/sdk/2.0.0/lib/tinyusb/src/device/usbd.c.obj
LOAD CMakeFiles/AnassPad.dir/C_/Users/anass/.pico-sdk/sdk/2.0.0/lib/tinyusb/src/device/usbd_control.c.obj
LOAD CMakeFiles/AnassPad.dir/C_/Users/anass/.pico-sdk/sdk/2.0.0/lib/tinyusb/src/class/audio/audio_device.c.obj
LOAD CMakeFiles/AnassPad.dir/C_/Users/anass/.pico-sdk/sdk/2.0.0/lib/tinyusb/src/class/cdc/cdc_device.c.obj
LOAD CMakeFiles/AnassPad.dir/C_/Users/anass/.pico-sdk/sdk/2.0.0/lib/tinyusb/src/class/dfu/dfu_device.c.obj
LOAD CMakeFiles/AnassPad.dir/C_/Users/anass/.pico-sdk/sdk/2.0.0/lib/tinyusb/src/class/dfu/dfu_rt_device.c.obj