Archive member included to satisfy reference by file (symbol)

C:/Users/anass/.pico-sdk/toolchain/13_2_Rel1/bin/../lib/gcc/arm-none-eabi/13.2.1/thumb/v6-m/nofp\libgcc.a(_dvmd_tls.o)
                              CMakeFiles/AnassPad.dir/C_/Users/anass/.pico-sdk/sdk/2.0.0/src/rp2_common/pico_divider/divider_hardware.S.obj (__aeabi_idiv0)
C:/Users/anass/.pico-sdk/toolchain/13_2_Rel1/bin/../lib/gcc/arm-none-eabi/13.2.1/thumb/v6-m/nofp\libg.a(libc_a-calloc.o)
                              CMakeFiles/AnassPad.dir/C_/Users/anass/.pico-sdk/sdk/2.0.0/src/rp2_common/pico_malloc/malloc.c.obj (calloc)
C:/Users/anass/.pico-sdk/toolchain/13_2_Rel1/bin/../lib/gcc/arm-none-eabi/13.2.1/thumb/v6-m/nofp\libg.a(libc_a-callocr.o)
                              C:/Users/anass/.pico-sdk/toolchain/13_2_Rel1/bin/../lib/gcc/arm-none-eabi/13.2.1/thumb/v6-m/nofp\libg.a(libc_a-calloc.o) (_calloc_r)
C:/Users/anass/.pico-sdk/toolchain/13_2_Rel1/bin/../lib/gcc/arm-none-eabi/13.2.1/thumb/v6-m/nofp\libg.a(libc_a-malloc.o)
                              CMakeFiles/AnassPad.dir/C_/Users/anass/.pico-sdk/sdk/2.0.0/src/rp2_common/pico_malloc/malloc.c.obj (malloc)
C:/Users/anass/.pico-sdk/toolchain/13_2_Rel1/bin/../lib/gcc/arm-none-eabi/13.2.1/thumb/v6-m/nofp\libg.a(libc_a-mallocr.o)
                              C:/Users/anass/.pico-sdk/toolchain/13_2_Rel1/bin/../lib/gcc/arm-none-eabi/13.2.1/thumb/v6-m/nofp\libg.a(libc_a-callocr.o) (_malloc_r)
C:/Users/anass/.pico-sdk/toolchain/13_2_Rel1/bin/../lib/gcc/arm-none-eabi/13.2.1/thumb/v6-m/nofp\libg.a(libc_a-mlock.o)
                              C:/Users/anass/.pico-sdk/toolchain/13_2_Rel1/bin/../lib/gcc/arm-none-eabi/13.2.1/thumb/v6-m/nofp\libg.a(libc_a-mallocr.o) (__malloc_lock)
C:/Users/anass/.pico-sdk/toolchain/13_2_Rel1/bin/../lib/gcc/arm-none-eabi/13.2.1/thumb/v6-m/nofp\libg.a(libc_a-realloc.o)
                              CMakeFiles/AnassPad.dir/C_/Users/anass/.pico-sdk/sdk/2.0.0/src/rp2_common/pico_malloc/malloc.c.obj (realloc)
C:/Users/anass/.pico-sdk/toolchain/13_2_Rel1/bin/../lib/gcc/arm-none-eabi/13.2.1/thumb/v6-m/nofp\libg.a(libc_a-reallocr.o)
                              C:/Users/anass/.pico-sdk/toolchain/13_2_Rel1/bin/../lib/gcc/arm-none-eabi/13.2.1/thumb/v6-m/nofp\libg.a(libc_a-realloc.o) (_realloc_r)
C:/Users/anass/.pico-sdk/toolchain/13_2_Rel1/bin/../lib/gcc/arm-none-eabi/13.2.1/thumb/v6-m/nofp\libg.a(libc_a-memcmp.o)
                              CMakeFiles/AnassPad.dir/C_/Users/anass/.pico-sdk/sdk/2.0.0/src/rp2_common/pico_atomic/atomic.c.obj (memcmp)
C:/Users/anass/.pico-sdk/toolchain/13_2_Rel1/bin/../lib/gcc/arm-none-eabi/13.2.1/thumb/v6-m/nofp\libg.a(libc_a-memmove.o)
                              C:/Users/anass/.pico-sdk/toolchain/13_2_Rel1/bin/../lib/gcc/arm-none-eabi/13.2.1/thumb/v6-m/nofp\libg.a(libc_a-reallocr.o) (memmove)
C:/Users/anass/.pico-sdk/toolchain/13_2_Rel1/bin/../lib/gcc/arm-none-eabi/13.2.1/thumb/v6-m/nofp\libg.a(libc_a-lcltime_r.o)
                              CMakeFiles/AnassPad.dir/C_/Users/anass/.pico-sdk/sdk/2.0.0/src/common/pico_util/datetime.c.obj (localtime_r)
C:/Users/anass/.pico-sdk/toolchain/13_2_Rel1/bin/../lib/gcc/arm-none-eabi/13.2.1/thumb/v6-m/nofp\libg.a(libc_a-mktime.o)
                              CMakeFiles/AnassPad.dir/C_/Users/anass/.pico-sdk/sdk/2.0.0/src/common/pico_util/datetime.c.obj (mktime)
C:/Users/anass/.pico-sdk/toolchain/13_2_Rel1/bin/../lib/gcc/arm-none-eabi/13.2.1/thumb/v6-m/nofp\libg.a(libc_a-month_lengths.o)
                              C:/Users/anass/.pico-sdk/toolchain/13_2_Rel1/bin/../lib/gcc/arm-none-eabi/13.2.1/thumb/v6-m/nofp\libg.a(libc_a-lcltime_r.o) (__month_lengths)
C:/Users/anass/.pico-sdk/toolchain/13_2_Rel1/bin/../lib/gcc/arm-none-eabi/13.2.1/thumb/v6-m/nofp\libg.a(libc_a-tzcalc_limits.o)
                              C:/Users/anass/.pico-sdk/toolchain/13_2_Rel1/bin/../lib/gcc/arm-none-eabi/13.2.1/thumb/v6-m/nofp\libg.a(libc_a-lcltime_r.o) (__tzcalc_limits)
C:/Users/anass/.pico-sdk/toolchain/13_2_Rel1/bin/../lib/gcc/arm-none-eabi/13.2.1/thumb/v6-m/nofp\libg.a(libc_a-tzlock.o)
                              C:/Users/anass/.pico-sdk/toolchain/13_2_Rel1/bin/../lib/gcc/arm-none-eabi/13.2.1/thumb/v6-m/nofp\libg.a(libc_a-lcltime_r.o) (__tz_lock)
C:/Users/anass/.pico-sdk/toolchain/13_2_Rel1/bin/../lib/gcc/arm-none-eabi/13.2.1/thumb/v6-m/nofp\libg.a(libc_a-tzset.o)
                              C:/Users/anass/.pico-sdk/toolchain/13_2_Rel1/bin/../lib/gcc/arm-none-eabi/13.2.1/thumb/v6-m/nofp\libg.a(libc_a-lcltime_r.o) (_tzset_unlocked)
C:/Users/anass/.pico-sdk/toolchain/13_2_Rel1/bin/../lib/gcc/arm-none-eabi/13.2.1/thumb/v6-m/nofp\libg.a(libc_a-tzset_r.o)
                              C:/Users/anass/.pico-sdk/toolchain/13_2_Rel1/bin/../lib/gcc/arm-none-eabi/13.2.1/thumb/v6-m/nofp\libg.a(libc_a-tzset.o) (_tzset_unlocked_r)
C:/Users/anass/.pico-sdk/toolchain/13_2_Rel1/bin/../lib/gcc/arm-none-eabi/13.2.1/thumb/v6-m/nofp\libg.a(libc_a-tzvars.o)
[...]
Memory Configuration

Name             Origin             Length             Attributes
FLASH            0x10000000         0x00200000         xr
RAM              0x20000000         0x00040000         xrw
SCRATCH_X        0x20040000         0x00001000         xrw
SCRATCH_Y        0x20041000         0x00001000         xrw
*default*        0x00000000         0xffffffff

Linker script and memory map

LOAD C:/Users/anass/.pico-sdk/toolchain/13_2_Rel1/bin/../lib/gcc/arm-none-eabi/13.2.1/thumb/v6-m/nofp/crti.o
LOAD C:/Users/anass/.pico-sdk/toolchain/13_2_Rel1/bin/../lib/gcc/arm-none-eabi/13.2.1/thumb/v6-m/nofp/crtbegin.o
LOAD C:/Users/anass/.pico-sdk/toolchain/13_2_Rel1/bin/../lib/gcc/arm-none-eabi/13.2.1/thumb/v6-m/nofp/crt0.o

.flash_begin    0x10000000        0x0
                0x10000000                        __flash_binary_start = .

.boot2          0x10000000      0x100
                0x10000000                        __boot2_start__ = .
 *(.boot2)
 .boot2         0x10000000      0x100 C:\Users\anass\AppData\Local\Temp\cc19igPm.o
                0x10000100                        __boot2_end__ = .
                0x00000001                        ASSERT (((__boot2_end__ - __boot2_start__) == 0x100), ERROR: Pico second stage bootloader must be 256 bytes in size)

.text           0x10000100     0x6bbc
                0x10000100                        __logical_binary_start = .
 *(.vectors)
 .vectors       0x10000100       0xd4 CMakeFiles/AnassPad.dir/C_/Users/anass/.pico-sdk/sdk/2.0.0/src/rp2_common/pico_crt0/crt0.S.obj
                0x10000100                __VECTOR_TABLE
                0x10000100                __vectors
                0x100001c0                isr_invalid
                0x100001c0                __default_isrs_start
                0x100001c2                isr_nmi
                0x100001c4                isr_hardfault
                0x100001c6                isr_svcall
                0x100001c8                isr_pendsv
                0x100001ca                isr_systick
                0x100001cc                isr_irq23
                0x100001cc                isr_irq18
                0x100001cc                isr_irq11
                0x100001cc                isr_irq28
                0x100001cc                isr_irq19
                0x100001cc                isr_irq0
                0x100001cc                isr_irq6
                0x100001cc                isr_irq5
                0x100001cc                isr_irq12
                0x100001cc                isr_irq22
                0x100001cc                isr_irq31
                0x100001cc                isr_irq17
                0x100001cc                isr_irq27
                0x100001cc                isr_irq30
                0x100001cc                isr_irq2
                0x100001cc                isr_irq10
                0x100001cc                isr_irq8
                0x100001cc                isr_irq24
                0x100001cc                isr_irq1
                0x100001cc                isr_irq7
                0x100001cc                isr_irq21
                0x100001cc                isr_irq20
                0x100001cc                isr_irq15
                0x100001cc                isr_irq25
                0x100001cc                isr_irq13
                0x100001cc                __unhandled_user_irq
                0x100001cc                isr_irq4
                0x100001cc                isr_irq16
                0x100001cc                isr_irq29
                0x100001cc                isr_irq26
                0x100001cc                __default_isrs_end
                0x100001cc                isr_irq3
                0x100001cc                isr_irq14
                0x100001cc                isr_irq9
                0x100001d2                unhandled_user_irq_num_in_r0
 *(.binary_info_header)
 .binary_info_header
                0x100001d4       0x14 CMakeFiles/AnassPad.dir/C_/Users/anass/.pico-sdk/sdk/2.0.0/src/rp2_common/pico_crt0/crt0.S.obj
                0x100001e8                        __binary_info_header_end = .
 *(.embedded_block)
                0x100001e8                        __embedded_block_end = .
 *(.reset)
 .reset         0x100001e8       0x9c CMakeFiles/AnassPad.dir/C_/Users/anass/.pico-sdk/sdk/2.0.0/src/rp2_common/pico_crt0/crt0.S.obj
                0x100001e8                _entry_point
 *(.init)
 .init          0x10000284        0x4 C:/Users/anass/.pico-sdk/toolchain/13_2_Rel1/bin/../lib/gcc/arm-none-eabi/13.2.1/thumb/v6-m/nofp/crti.o
                0x10000284                _init
 *(EXCLUDE_FILE(*libm.a: *libc.a:*lib_a-mem*.o *libgcc.a:) .text*)
 .text.register_tm_clones
                0x10000288       0x28 C:/Users/anass/.pico-sdk/toolchain/13_2_Rel1/bin/../lib/gcc/arm-none-eabi/13.2.1/thumb/v6-m/nofp/crtbegin.o
 .text.frame_dummy
                0x100002b0       0x24 C:/Users/anass/.pico-sdk/toolchain/13_2_Rel1/bin/../lib/gcc/arm-none-eabi/13.2.1/thumb/v6-m/nofp/crtbegin.o
 .text.init_gpio
                0x100002d4       0x3c CMakeFiles/AnassPad.dir/AnassPad.c.obj
                0x100002d4                init_gpio
 .text.init_keys_config
                0x10000310      0x170 CMakeFiles/AnassPad.dir/AnassPad.c.obj
                0x10000310                init_keys_config
 .text.startup.main
                0x10000480      0x328 CMakeFiles/AnassPad.dir/AnassPad.c.obj
                0x10000480                main
 .text.gpio_set_function
                0x100007a8       0x34 CMakeFiles/AnassPad.dir/C_/Users/anass/.pico-sdk/sdk/2.0.0/src/rp2_common/hardware_gpio/gpio.c.obj
                0x100007a8                gpio_set_function
 .text.gpio_set_pulls
                0x100007dc       0x28 CMakeFiles/AnassPad.dir/C_/Users/anass/.pico-sdk/sdk/2.0.0/src/rp2_common/hardware_gpio/gpio.c.obj
                0x100007dc                gpio_set_pulls
 .text.gpio_set_input_enabled
                0x10000804       0x28 CMakeFiles/AnassPad.dir/C_/Users/anass/.pico-sdk/sdk/2.0.0/src/rp2_common/hardware_gpio/gpio.c.obj
                0x10000804                gpio_set_input_enabled
 .text.rp2040_chip_version
                0x1000082c        0xc CMakeFiles/AnassPad.dir/C_/Users/anass/.pico-sdk/sdk/2.0.0/src/rp2040/pico_platform/platform.c.obj
                0x1000082c                rp2040_chip_version
 .text.panic    0x10000838       0x30 CMakeFiles/AnassPad.dir/C_/Users/anass/.pico-sdk/sdk/2.0.0/src/rp2_common/pico_platform_panic/panic.c.obj
                0x10000838                panic
 .text.hw_claim_or_assert
                0x10000868       0x44 CMakeFiles/AnassPad.dir/C_/Users/anass/.pico-sdk/sdk/2.0.0/src/common/hardware_claim/claim.c.obj
                0x10000868                hw_claim_or_assert
 .text.hw_claim_unused_from_range
                0x100008ac       0x9c CMakeFiles/AnassPad.dir/C_/Users/anass/.pico-sdk/sdk/2.0.0/src/common/hardware_claim/claim.c.obj
                0x100008ac                hw_claim_unused_from_range
 .text.next_striped_spin_lock_num
                0x10000948       0x18 CMakeFiles/AnassPad.dir/C_/Users/anass/.pico-sdk/sdk/2.0.0/src/rp2_common/hardware_sync/sync.c.obj
                0x10000948                next_striped_spin_lock_num
 .text.spin_lock_claim_unused
                0x10000960       0x24 CMakeFiles/AnassPad.dir/C_/Users/anass/.pico-sdk/sdk/2.0.0/src/rp2_common/hardware_sync/sync.c.obj
                0x10000960                spin_lock_claim_unused
 .text.spin_locks_reset
                0x10000984       0x1c CMakeFiles/AnassPad.dir/C_/Users/anass/.pico-sdk/sdk/2.0.0/src/rp2_common/hardware_sync_spin_lock/sync_spin_lock.c.obj
                0x10000984                spin_locks_reset
 .text.runtime_init_per_core_irq_priorities
                0x100009a0       0x24 CMakeFiles/AnassPad.dir/C_/Users/anass/.pico-sdk/sdk/2.0.0/src/rp2_common/hardware_irq/irq.c.obj
                0x100009a0                runtime_init_per_core_irq_priorities
 .text.irq_set_enabled
                0x100009c4       0x24 CMakeFiles/AnassPad.dir/C_/Users/anass/.pico-sdk/sdk/2.0.0/src/rp2_common/hardware_irq/irq.c.obj
                0x100009c4                irq_set_enabled
 .text.irq_is_enabled
                0x100009e8       0x18 CMakeFiles/AnassPad.dir/C_/Users/anass/.pico-sdk/sdk/2.0.0/src/rp2_common/hardware_irq/irq.c.obj
                0x100009e8                irq_is_enabled
 .text.irq_set_pending
                0x10000a00       0x10 CMakeFiles/AnassPad.dir/C_/Users/anass/.pico-sdk/sdk/2.0.0/src/rp2_common/hardware_irq/irq.c.obj
                0x10000a00                irq_set_pending
 .text.irq_has_shared_handler
                0x10000a10       0x2c CMakeFiles/AnassPad.dir/C_/Users/anass/.pico-sdk/sdk/2.0.0/src/rp2_common/hardware_irq/irq.c.obj
                0x10000a10                irq_has_shared_handler
 .text.irq_set_exclusive_handler
                0x10000a3c       0x54 CMakeFiles/AnassPad.dir/C_/Users/anass/.pico-sdk/sdk/2.0.0/src/rp2_common/hardware_irq/irq.c.obj
                0x10000a3c                irq_set_exclusive_handler
 .text.irq_add_shared_handler
                0x10000a90      0x1f4 CMakeFiles/AnassPad.dir/C_/Users/anass/.pico-sdk/sdk/2.0.0/src/rp2_common/hardware_irq/irq.c.obj
                0x10000a90                irq_add_shared_handler
 .text.irq_add_tail_to_free_list
                0x10000c84       0xb4 CMakeFiles/AnassPad.dir/C_/Users/anass/.pico-sdk/sdk/2.0.0/src/rp2_common/hardware_irq/irq.c.obj
                0x10000c84                irq_add_tail_to_free_list
 .text.user_irq_claim_unused
                0x10000d38       0x2c CMakeFiles/AnassPad.dir/C_/Users/anass/.pico-sdk/sdk/2.0.0/src/rp2_common/hardware_irq/irq.c.obj
                0x10000d38                user_irq_claim_unused
 .text.lock_init
                0x10000d64       0x10 CMakeFiles/AnassPad.dir/C_/Users/anass/.pico-sdk/sdk/2.0.0/src/common/pico_sync/lock_core.c.obj
                0x10000d64                lock_init
 .text.runtime_init_mutex
                0x10000d74       0x50 CMakeFiles/AnassPad.dir/C_/Users/anass/.pico-sdk/sdk/2.0.0/src/common/pico_sync/mutex.c.obj
                0x10000d74                runtime_init_mutex
 .text.mutex_init
                0x10000dc4       0x1c CMakeFiles/AnassPad.dir/C_/Users/anass/.pico-sdk/sdk/2.0.0/src/common/pico_sync/mutex.c.obj
                0x10000dc4                mutex_init
 .text.critical_section_init
                0x10000de0       0x1c CMakeFiles/AnassPad.dir/C_/Users/anass/.pico-sdk/sdk/2.0.0/src/common/pico_sync/critical_section.c.obj
                0x10000de0                critical_section_init
 .text.critical_section_init_with_lock_num
                0x10000dfc       0x14 CMakeFiles/AnassPad.dir/C_/Users/anass/.pico-sdk/sdk/2.0.0/src/common/pico_sync/critical_section.c.obj
                0x10000dfc                critical_section_init_with_lock_num
 .text.sleep_until_callback
                0x10000e10       0x30 CMakeFiles/AnassPad.dir/C_/Users/anass/.pico-sdk/sdk/2.0.0/src/common/pico_time/time.c.obj
 .text.alarm_pool_irq_handler
                0x10000e40      0x2e4 CMakeFiles/AnassPad.dir/C_/Users/anass/.pico-sdk/sdk/2.0.0/src/common/pico_time/time.c.obj
 .text.runtime_init_default_alarm_pool
                0x10001124       0xdc CMakeFiles/AnassPad.dir/C_/Users/anass/.pico-sdk/sdk/2.0.0/src/common/pico_time/time.c.obj
                0x10001124                runtime_init_default_alarm_pool
 .text.alarm_pool_get_default
                0x10001200        0x8 CMakeFiles/AnassPad.dir/C_/Users/anass/.pico-sdk/sdk/2.0.0/src/common/pico_time/time.c.obj
                0x10001200                alarm_pool_get_default
 .text.alarm_pool_add_alarm_at
                0x10001208       0xd4 CMakeFiles/AnassPad.dir/C_/Users/anass/.pico-sdk/sdk/2.0.0/src/common/pico_time/time.c.obj
                0x10001208                alarm_pool_add_alarm_at
 .text.alarm_pool_add_alarm_at_force_in_context
                0x100012dc       0xb0 CMakeFiles/AnassPad.dir/C_/Users/anass/.pico-sdk/sdk/2.0.0/src/common/pico_time/time.c.obj
                0x100012dc                alarm_pool_add_alarm_at_force_in_context
 .text.alarm_pool_cancel_alarm
                0x1000138c       0x74 CMakeFiles/AnassPad.dir/C_/Users/anass/.pico-sdk/sdk/2.0.0/src/common/pico_time/time.c.obj
                0x1000138c                alarm_pool_cancel_alarm
 .text.alarm_pool_core_num
                0x10001400        0x4 CMakeFiles/AnassPad.dir/C_/Users/anass/.pico-sdk/sdk/2.0.0/src/common/pico_time/time.c.obj
                0x10001400                alarm_pool_core_num
 .text.sleep_until
                0x10001404       0xd8 CMakeFiles/AnassPad.dir/C_/Users/anass/.pico-sdk/sdk/2.0.0/src/common/pico_time/time.c.obj
                0x10001404                sleep_until
 .text.sleep_ms
                0x100014dc       0x38 CMakeFiles/AnassPad.dir/C_/Users/anass/.pico-sdk/sdk/2.0.0/src/common/pico_time/time.c.obj
                0x100014dc                sleep_ms
 .text.best_effort_wfe_or_timeout
                0x10001514      0x134 CMakeFiles/AnassPad.dir/C_/Users/anass/.pico-sdk/sdk/2.0.0/src/common/pico_time/time.c.obj
                0x10001514                best_effort_wfe_or_timeout
 .text.timer_hardware_alarm_claim
                0x10001648       0x14 CMakeFiles/AnassPad.dir/C_/Users/anass/.pico-sdk/sdk/2.0.0/src/rp2_common/hardware_timer/timer.c.obj
                0x10001648                timer_hardware_alarm_claim
 .text.timer_time_us_64
                0x1000165c       0x10 CMakeFiles/AnassPad.dir/C_/Users/anass/.pico-sdk/sdk/2.0.0/src/rp2_common/hardware_timer/timer.c.obj
                0x1000165c                timer_time_us_64
 .text.time_us_64
                0x1000166c       0x14 CMakeFiles/AnassPad.dir/C_/Users/anass/.pico-sdk/sdk/2.0.0/src/rp2_common/hardware_timer/timer.c.obj
                0x1000166c                time_us_64
 .text.busy_wait_until
                0x10001680       0x20 CMakeFiles/AnassPad.dir/C_/Users/anass/.pico-sdk/sdk/2.0.0/src/rp2_common/hardware_timer/timer.c.obj
                0x10001680                busy_wait_until
 .text.clock_configure_int_divider
                0x100016a0       0xf4 CMakeFiles/AnassPad.dir/C_/Users/anass/.pico-sdk/sdk/2.0.0/src/rp2_common/hardware_clocks/clocks.c.obj
                0x100016a0                clock_configure_int_divider
 .text.clock_configure_undivided
                0x10001794       0xe8 CMakeFiles/AnassPad.dir/C_/Users/anass/.pico-sdk/sdk/2.0.0/src/rp2_common/hardware_clocks/clocks.c.obj
                0x10001794                clock_configure_undivided
 .text.clock_get_hz
                0x1000187c        0xc CMakeFiles/AnassPad.dir/C_/Users/anass/.pico-sdk/sdk/2.0.0/src/rp2_common/hardware_clocks/clocks.c.obj
                0x1000187c                clock_get_hz
 .text.pll_init
                0x10001888       0xa4 CMakeFiles/AnassPad.dir/C_/Users/anass/.pico-sdk/sdk/2.0.0/src/rp2_common/hardware_pll/pll.c.obj
                0x10001888                pll_init
 .text.watchdog_reboot
                0x1000192c       0x9c CMakeFiles/AnassPad.dir/C_/Users/anass/.pico-sdk/sdk/2.0.0/src/rp2_common/hardware_watchdog/watchdog.c.obj
                0x1000192c                watchdog_reboot
 .text.tick_start
                0x100019c8       0x10 CMakeFiles/AnassPad.dir/C_/Users/anass/.pico-sdk/sdk/2.0.0/src/rp2_common/hardware_ticks/ticks.c.obj
                0x100019c8                tick_start
 .text.xosc_init
                0x100019d8       0x28 CMakeFiles/AnassPad.dir/C_/Users/anass/.pico-sdk/sdk/2.0.0/src/rp2_common/hardware_xosc/xosc.c.obj
                0x100019d8                xosc_init
 .text.first_per_core_initializer
                0x10001a00        0x4 CMakeFiles/AnassPad.dir/C_/Users/anass/.pico-sdk/sdk/2.0.0/src/rp2_common/pico_runtime/runtime.c.obj
 .text.hard_assertion_failure
                0x10001a04        0xc CMakeFiles/AnassPad.dir/C_/Users/anass/.pico-sdk/sdk/2.0.0/src/rp2_common/pico_runtime/runtime.c.obj
                0x10001a04                hard_assertion_failure
 .text.runtime_run_initializers
                0x10001a10       0x28 CMakeFiles/AnassPad.dir/C_/Users/anass/.pico-sdk/sdk/2.0.0/src/rp2_common/pico_runtime/runtime.c.obj
                0x10001a10                runtime_run_initializers
 .text.runtime_init_early_resets
                0x10001a38       0x2c CMakeFiles/AnassPad.dir/C_/Users/anass/.pico-sdk/sdk/2.0.0/src/rp2_common/pico_runtime_init/runtime_init.c.obj
                0x10001a38                runtime_init_early_resets
 .text.runtime_init_usb_power_down
                0x10001a64       0x1c CMakeFiles/AnassPad.dir/C_/Users/anass/.pico-sdk/sdk/2.0.0/src/rp2_common/pico_runtime_init/runtime_init.c.obj
                0x10001a64                runtime_init_usb_power_down
 .text.runtime_init_post_clock_resets
                0x10001a80       0x20 CMakeFiles/AnassPad.dir/C_/Users/anass/.pico-sdk/sdk/2.0.0/src/rp2_common/pico_runtime_init/runtime_init.c.obj
                0x10001a80                runtime_init_post_clock_resets
 .text.runtime_init_rp2040_gpio_ie_disable
                0x10001aa0       0x14 CMakeFiles/AnassPad.dir/C_/Users/anass/.pico-sdk/sdk/2.0.0/src/rp2_common/pico_runtime_init/runtime_init.c.obj
                0x10001aa0                runtime_init_rp2040_gpio_ie_disable
 .text.runtime_init_spin_locks_reset
                0x10001ab4        0x8 CMakeFiles/AnassPad.dir/C_/Users/anass/.pico-sdk/sdk/2.0.0/src/rp2_common/pico_runtime_init/runtime_init.c.obj
                0x10001ab4                runtime_init_spin_locks_reset
 .text.runtime_init_install_ram_vector_table
                0x10001abc       0x1c CMakeFiles/AnassPad.dir/C_/Users/anass/.pico-sdk/sdk/2.0.0/src/rp2_common/pico_runtime_init/runtime_init.c.obj
                0x10001abc                runtime_init_install_ram_vector_table
 .text.runtime_init_clocks
                0x10001ad8       0xd8 CMakeFiles/AnassPad.dir/C_/Users/anass/.pico-sdk/sdk/2.0.0/src/rp2_common/pico_runtime_init/runtime_init_clocks.c.obj
                0x10001ad8                runtime_init_clocks
 .text          0x10001bb0       0x10 CMakeFiles/AnassPad.dir/C_/Users/anass/.pico-sdk/sdk/2.0.0/src/rp2_common/pico_bit_ops/bit_ops_aeabi.S.obj
 .text.rom_func_lookup
                0x10001bc0       0x10 CMakeFiles/AnassPad.dir/C_/Users/anass/.pico-sdk/sdk/2.0.0/src/rp2_common/pico_bootrom/bootrom.c.obj
                0x10001bc0                rom_func_lookup
 .text.rom_data_lookup
                0x10001bd0       0x10 CMakeFiles/AnassPad.dir/C_/Users/anass/.pico-sdk/sdk/2.0.0/src/rp2_common/pico_bootrom/bootrom.c.obj
                0x10001bd0                rom_data_lookup
 .text.rom_funcs_lookup
                0x10001be0       0x44 CMakeFiles/AnassPad.dir/C_/Users/anass/.pico-sdk/sdk/2.0.0/src/rp2_common/pico_bootrom/bootrom.c.obj
                0x10001be0                rom_funcs_lookup
 .text.rom_reset_usb_boot
                0x10001c24       0x20 CMakeFiles/AnassPad.dir/C_/Users/anass/.pico-sdk/sdk/2.0.0/src/rp2_common/pico_bootrom/bootrom.c.obj
                0x10001c24                rom_reset_usb_boot
 .text.__wrap___aeabi_idiv
                0x10001c44       0x50 CMakeFiles/AnassPad.dir/C_/Users/anass/.pico-sdk/sdk/2.0.0/src/rp2_common/pico_divider/divider_hardware.S.obj
                0x10001c44                __wrap___aeabi_idivmod
                0x10001c44                divmod_s32s32
                0x10001c44                div_s32s32
                0x10001c44                __wrap___aeabi_idiv
                0x10001c4c                divmod_s32s32_unsafe
                0x10001c78                divmod_s32s32_savestate
 .text.__wrap___aeabi_uidiv
                0x10001c94       0x4c CMakeFiles/AnassPad.dir/C_/Users/anass/.pico-sdk/sdk/2.0.0/src/rp2_common/pico_divider/divider_hardware.S.obj
                0x10001c94                __wrap___aeabi_uidiv
                0x10001c94                __wrap___aeabi_uidivmod
                0x10001c94                div_u32u32
                0x10001c94                divmod_u32u32
                0x10001c9c                divmod_u32u32_unsafe
                0x10001cc4                divmod_u32u32_savestate
 .text.__wrap___aeabi_ldiv
                0x10001ce0      0x424 CMakeFiles/AnassPad.dir/C_/Users/anass/.pico-sdk/sdk/2.0.0/src/rp2_common/pico_divider/divider_hardware.S.obj
                0x10001ce0                div_s64s64
                0x10001ce0                divmod_s64s64
                0x10001ce0                __wrap___aeabi_ldivmod
                0x10001d10                divmod_u64u64
                0x10001d10                div_u64u64
                0x10001d10                __wrap___aeabi_uldivmod
                0x10001d20                divmod_u64u64_savestate
                0x10001d40                divmod_s64s64_unsafe
                0x10001dc8                divmod_u64u64_unsafe
 .text.__wrap___aeabi_darithmetic
                0x10002104       0x80 CMakeFiles/AnassPad.dir/C_/Users/anass/.pico-sdk/sdk/2.0.0/src/rp2_common/pico_double/double_aeabi_rp2040.S.obj
                0x10002104                __wrap___aeabi_drsub
                0x1000210a                __wrap___aeabi_dsub
                0x1000211c                __wrap___aeabi_dadd
                0x1000212e                __wrap___aeabi_ddiv
                0x1000216a                __wrap___aeabi_dmul
 .text.__wrap___aeabi_cdcmple
                0x10002184       0x6c CMakeFiles/AnassPad.dir/C_/Users/anass/.pico-sdk/sdk/2.0.0/src/rp2_common/pico_double/double_aeabi_rp2040.S.obj
                0x10002184                __wrap___aeabi_cdrcmple
                0x10002194                __wrap___aeabi_cdcmpeq
                0x10002194                __wrap___aeabi_cdcmple
 .text.__wrap___aeabi_dcmplt
                0x100021f0        0xc CMakeFiles/AnassPad.dir/C_/Users/anass/.pico-sdk/sdk/2.0.0/src/rp2_common/pico_double/double_aeabi_rp2040.S.obj
                0x100021f0                __wrap___aeabi_dcmplt
 .text.__wrap___aeabi_dcmpge
                0x100021fc       0x10 CMakeFiles/AnassPad.dir/C_/Users/anass/.pico-sdk/sdk/2.0.0/src/rp2_common/pico_double/double_aeabi_rp2040.S.obj
                0x100021fc                __wrap___aeabi_dcmpge
 .text.__wrap___aeabi_dcmpgt
                0x1000220c        0xa CMakeFiles/AnassPad.dir/C_/Users/anass/.pico-sdk/sdk/2.0.0/src/rp2_common/pico_double/double_aeabi_rp2040.S.obj
                0x1000220c                __wrap___aeabi_dcmpgt
 .text.__wrap___aeabi_dcmpun
                0x10002216       0x18 CMakeFiles/AnassPad.dir/C_/Users/anass/.pico-sdk/sdk/2.0.0/src/rp2_common/pico_double/double_aeabi_rp2040.S.obj
                0x10002216                __wrap___aeabi_dcmpun
 *fill*         0x1000222e        0x2 
 .text.__wrap___aeabi_i2d
                0x10002230       0x38 CMakeFiles/AnassPad.dir/C_/Users/anass/.pico-sdk/sdk/2.0.0/src/rp2_common/pico_double/double_aeabi_rp2040.S.obj
                0x10002230                __wrap___aeabi_ui2d
                0x10002238                __wrap___aeabi_i2d
 .text.__wrap___aeabi_d2iz
                0x10002268       0x48 CMakeFiles/AnassPad.dir/C_/Users/anass/.pico-sdk/sdk/2.0.0/src/rp2_common/pico_double/double_aeabi_rp2040.S.obj
                0x10002268                double2int_z
                0x10002268                __wrap___aeabi_d2iz
 .text.__wrap___aeabi_d2uiz
                0x100022b0       0x18 CMakeFiles/AnassPad.dir/C_/Users/anass/.pico-sdk/sdk/2.0.0/src/rp2_common/pico_double/double_aeabi_rp2040.S.obj
                0x100022b0                __wrap___aeabi_d2uiz
                0x100022b0                double2uint
 .text.__aeabi_double_init
                0x100022c8       0xa4 CMakeFiles/AnassPad.dir/C_/Users/anass/.pico-sdk/sdk/2.0.0/src/rp2_common/pico_double/double_init_rom_rp2040.c.obj
                0x100022c8                __aeabi_double_init
 .text.double_table_shim_on_use_helper
                0x1000236c       0x2c CMakeFiles/AnassPad.dir/C_/Users/anass/.pico-sdk/sdk/2.0.0/src/rp2_common/pico_double/double_v1_rom_shim_rp2040.S.obj
                0x1000236c                double_table_shim_on_use_helper
 .text.__wrap___aeabi_dsub
                0x10002398       0x10 CMakeFiles/AnassPad.dir/C_/Users/anass/.pico-sdk/sdk/2.0.0/src/rp2_common/pico_double/double_v1_rom_shim_rp2040.S.obj
                0x10002398                drsub_shim
                0x1000239e                dsub_shim
 .text.dadd_shim
                0x100023a8      0x15c CMakeFiles/AnassPad.dir/C_/Users/anass/.pico-sdk/sdk/2.0.0/src/rp2_common/pico_double/double_v1_rom_shim_rp2040.S.obj
                0x100023a8                dadd_shim
 .text.dmul_shim
                0x10002504      0x15c CMakeFiles/AnassPad.dir/C_/Users/anass/.pico-sdk/sdk/2.0.0/src/rp2_common/pico_double/double_v1_rom_shim_rp2040.S.obj
                0x10002504                dmul_shim
 .text.ddiv_shim
                0x10002660      0x1b0 CMakeFiles/AnassPad.dir/C_/Users/anass/.pico-sdk/sdk/2.0.0/src/rp2_common/pico_double/double_v1_rom_shim_rp2040.S.obj
                0x10002660                ddiv_shim
 .text.double2uint_shim
                0x10002810        0xe CMakeFiles/AnassPad.dir/C_/Users/anass/.pico-sdk/sdk/2.0.0/src/rp2_common/pico_double/double_v1_rom_shim_rp2040.S.obj
                0x10002810                double2uint_shim
                0x10002812                double2ufix_shim
 *fill*         0x1000281e        0x2 
 .text.double2uint64_shim
                0x10002820       0x70 CMakeFiles/AnassPad.dir/C_/Users/anass/.pico-sdk/sdk/2.0.0/src/rp2_common/pico_double/double_v1_rom_shim_rp2040.S.obj
                0x10002820                double2uint64_shim
                0x10002822                double2ufix64_shim
                0x10002842                d2fix_a
 .text.dunpacks
                0x10002890       0x3c CMakeFiles/AnassPad.dir/C_/Users/anass/.pico-sdk/sdk/2.0.0/src/rp2_common/pico_double/double_v1_rom_shim_rp2040.S.obj
                0x10002890                dunpacks
 .text.__aeabi_lmul
                0x100028cc       0x32 CMakeFiles/AnassPad.dir/C_/Users/anass/.pico-sdk/sdk/2.0.0/src/rp2_common/pico_int64_ops/pico_int64_ops_aeabi.S.obj
                0x100028cc                __wrap___aeabi_lmul
 *fill*         0x100028fe        0x2 
 .text.__aeabi_float_init
                0x10002900       0x64 CMakeFiles/AnassPad.dir/C_/Users/anass/.pico-sdk/sdk/2.0.0/src/rp2_common/pico_float/float_init_rom_rp2040.c.obj
                0x10002900                __aeabi_float_init
 .text.float_table_shim_on_use_helper
                0x10002964       0x2c CMakeFiles/AnassPad.dir/C_/Users/anass/.pico-sdk/sdk/2.0.0/src/rp2_common/pico_float/float_v1_rom_shim_rp2040.S.obj
                0x10002964                float_table_shim_on_use_helper
 .text          0x10002990       0x10 CMakeFiles/AnassPad.dir/C_/Users/anass/.pico-sdk/sdk/2.0.0/src/rp2_common/pico_mem_ops/mem_ops_aeabi.S.obj
                0x10002990                __aeabi_mem_init
 .text.memset   0x100029a0        0xc CMakeFiles/AnassPad.dir/C_/Users/anass/.pico-sdk/sdk/2.0.0/src/rp2_common/pico_mem_ops/mem_ops_aeabi.S.obj
                0x100029a0                __wrap_memset
 .text.memcpy   0x100029ac        0xc CMakeFiles/AnassPad.dir/C_/Users/anass/.pico-sdk/sdk/2.0.0/src/rp2_common/pico_mem_ops/mem_ops_aeabi.S.obj
                0x100029ac                __wrap_memcpy
                0x100029ac                __wrap___aeabi_memcpy
 .text._out_null
                0x100029b8        0x4 CMakeFiles/AnassPad.dir/C_/Users/anass/.pico-sdk/sdk/2.0.0/src/rp2_common/pico_printf/printf.c.obj
 .text._out_rev
                0x100029bc       0xac CMakeFiles/AnassPad.dir/C_/Users/anass/.pico-sdk/sdk/2.0.0/src/rp2_common/pico_printf/printf.c.obj
 .text._ntoa_format
                0x10002a68      0x250 CMakeFiles/AnassPad.dir/C_/Users/anass/.pico-sdk/sdk/2.0.0/src/rp2_common/pico_printf/printf.c.obj
 .text._out_char
                0x10002cb8       0x10 CMakeFiles/AnassPad.dir/C_/Users/anass/.pico-sdk/sdk/2.0.0/src/rp2_common/pico_printf/printf.c.obj
 .text._out_fct
                0x10002cc8       0x10 CMakeFiles/AnassPad.dir/C_/Users/anass/.pico-sdk/sdk/2.0.0/src/rp2_common/pico_printf/printf.c.obj
 .text._etoa    0x10002cd8      0x464 CMakeFiles/AnassPad.dir/C_/Users/anass/.pico-sdk/sdk/2.0.0/src/rp2_common/pico_printf/printf.c.obj
 .text._ftoa    0x1000313c      0x3c0 CMakeFiles/AnassPad.dir/C_/Users/anass/.pico-sdk/sdk/2.0.0/src/rp2_common/pico_printf/printf.c.obj
 .text._vsnprintf
                0x100034fc      0xbc8 CMakeFiles/AnassPad.dir/C_/Users/anass/.pico-sdk/sdk/2.0.0/src/rp2_common/pico_printf/printf.c.obj
 .text.vfctprintf
                0x100040c4       0x20 CMakeFiles/AnassPad.dir/C_/Users/anass/.pico-sdk/sdk/2.0.0/src/rp2_common/pico_printf/printf.c.obj
                0x100040c4                vfctprintf
 .text.weak_raw_vprintf
                0x100040e4       0x30 CMakeFiles/AnassPad.dir/C_/Users/anass/.pico-sdk/sdk/2.0.0/src/rp2_common/pico_printf/printf.c.obj
                0x100040e4                weak_raw_vprintf
 .text._exit    0x10004114        0x4 CMakeFiles/AnassPad.dir/C_/Users/anass/.pico-sdk/sdk/2.0.0/src/rp2_common/pico_clib_interface/newlib_interface.c.obj
                0x10004114                _exit
 .text.exit     0x10004118        0x8 CMakeFiles/AnassPad.dir/C_/Users/anass/.pico-sdk/sdk/2.0.0/src/rp2_common/pico_clib_interface/newlib_interface.c.obj
                0x10004118                exit
 .text.runtime_init
                0x10004120       0x2c CMakeFiles/AnassPad.dir/C_/Users/anass/.pico-sdk/sdk/2.0.0/src/rp2_common/pico_clib_interface/newlib_interface.c.obj
                0x10004120                runtime_init
 .text.stdio_out_chars_no_crlf
                0x1000414c       0x10 CMakeFiles/AnassPad.dir/C_/Users/anass/.pico-sdk/sdk/2.0.0/src/rp2_common/pico_stdio/stdio.c.obj
 .text.stdio_out_chars_crlf
                0x1000415c       0x94 CMakeFiles/AnassPad.dir/C_/Users/anass/.pico-sdk/sdk/2.0.0/src/rp2_common/pico_stdio/stdio.c.obj
 .text.stdio_buffered_printer
                0x100041f0       0x64 CMakeFiles/AnassPad.dir/C_/Users/anass/.pico-sdk/sdk/2.0.0/src/rp2_common/pico_stdio/stdio.c.obj
 .text.stdio_put_string
                0x10004254      0x100 CMakeFiles/AnassPad.dir/C_/Users/anass/.pico-sdk/sdk/2.0.0/src/rp2_common/pico_stdio/stdio.c.obj
                0x10004254                stdio_put_string
 .text.stdio_set_driver_enabled
                0x10004354       0x30 CMakeFiles/AnassPad.dir/C_/Users/anass/.pico-sdk/sdk/2.0.0/src/rp2_common/pico_stdio/stdio.c.obj
                0x10004354                stdio_set_driver_enabled
 .text.stdio_init_all
                0x10004384        0x8 CMakeFiles/AnassPad.dir/C_/Users/anass/.pico-sdk/sdk/2.0.0/src/rp2_common/pico_stdio/stdio.c.obj
                0x10004384                stdio_init_all
 .text.__wrap_putchar
                0x1000438c       0x98 CMakeFiles/AnassPad.dir/C_/Users/anass/.pico-sdk/sdk/2.0.0/src/rp2_common/pico_stdio/stdio.c.obj
                0x1000438c                __wrap_putchar
                0x1000438c                stdio_putchar
 .text.__wrap_puts
                0x10004424       0x3c CMakeFiles/AnassPad.dir/C_/Users/anass/.pico-sdk/sdk/2.0.0/src/rp2_common/pico_stdio/stdio.c.obj
                0x10004424                stdio_puts
                0x10004424                __wrap_puts
 .text.__wrap_vprintf
                0x10004460       0xd4 CMakeFiles/AnassPad.dir/C_/Users/anass/.pico-sdk/sdk/2.0.0/src/rp2_common/pico_stdio/stdio.c.obj
                0x10004460                stdio_vprintf
                0x10004460                __wrap_vprintf
 .text.__wrap_printf
                0x10004534       0x18 CMakeFiles/AnassPad.dir/C_/Users/anass/.pico-sdk/sdk/2.0.0/src/rp2_common/pico_stdio/stdio.c.obj
                0x10004534                __wrap_printf
                0x10004534                stdio_printf
 .text.resetd_init
                0x1000454c        0x4 CMakeFiles/AnassPad.dir/C_/Users/anass/.pico-sdk/sdk/2.0.0/src/rp2_common/pico_stdio_usb/reset_interface.c.obj
 .text.resetd_reset
                0x10004550        0xc CMakeFiles/AnassPad.dir/C_/Users/anass/.pico-sdk/sdk/2.0.0/src/rp2_common/pico_stdio_usb/reset_interface.c.obj
 .text.resetd_open
                0x1000455c       0x28 CMakeFiles/AnassPad.dir/C_/Users/anass/.pico-sdk/sdk/2.0.0/src/rp2_common/pico_stdio_usb/reset_interface.c.obj
 .text.resetd_xfer_cb
                0x10004584        0x4 CMakeFiles/AnassPad.dir/C_/Users/anass/.pico-sdk/sdk/2.0.0/src/rp2_common/pico_stdio_usb/reset_interface.c.obj
 .text.resetd_control_xfer_cb
                0x10004588       0x54 CMakeFiles/AnassPad.dir/C_/Users/anass/.pico-sdk/sdk/2.0.0/src/rp2_common/pico_stdio_usb/reset_interface.c.obj
 .text.tud_descriptor_bos_cb
                0x100045dc        0x8 CMakeFiles/AnassPad.dir/C_/Users/anass/.pico-sdk/sdk/2.0.0/src/rp2_common/pico_stdio_usb/reset_interface.c.obj
                0x100045dc                tud_descriptor_bos_cb
 .text.tud_vendor_control_xfer_cb
                0x100045e4       0x34 CMakeFiles/AnassPad.dir/C_/Users/anass/.pico-sdk/sdk/2.0.0/src/rp2_common/pico_stdio_usb/reset_interface.c.obj
                0x100045e4                tud_vendor_control_xfer_cb
 .text.usbd_app_driver_get_cb
                0x10004618        0xc CMakeFiles/AnassPad.dir/C_/Users/anass/.pico-sdk/sdk/2.0.0/src/rp2_common/pico_stdio_usb/reset_interface.c.obj
                0x10004618                usbd_app_driver_get_cb
 .text.tud_cdc_line_coding_cb
                0x10004624       0x28 CMakeFiles/AnassPad.dir/C_/Users/anass/.pico-sdk/sdk/2.0.0/src/rp2_common/pico_stdio_usb/reset_interface.c.obj
                0x10004624                tud_cdc_line_coding_cb
 .text.stdio_usb_set_chars_available_callback
                0x1000464c       0x14 CMakeFiles/AnassPad.dir/C_/Users/anass/.pico-sdk/sdk/2.0.0/src/rp2_common/pico_stdio_usb/stdio_usb.c.obj
                0x1000464c                stdio_usb_set_chars_available_callback
 .text.usb_irq  0x10004660       0x10 CMakeFiles/AnassPad.dir/C_/Users/anass/.pico-sdk/sdk/2.0.0/src/rp2_common/pico_stdio_usb/stdio_usb.c.obj
 .text.timer_task
                0x10004670       0x64 CMakeFiles/AnassPad.dir/C_/Users/anass/.pico-sdk/sdk/2.0.0/src/rp2_common/pico_stdio_usb/stdio_usb.c.obj
 .text.stdio_usb_in_chars
                0x100046d4       0x90 CMakeFiles/AnassPad.dir/C_/Users/anass/.pico-sdk/sdk/2.0.0/src/rp2_common/pico_stdio_usb/stdio_usb.c.obj
                0x100046d4                stdio_usb_in_chars
 .text.stdio_usb_out_flush
                0x10004764       0x50 CMakeFiles/AnassPad.dir/C_/Users/anass/.pico-sdk/sdk/2.0.0/src/rp2_common/pico_stdio_usb/stdio_usb.c.obj
 .text.stdio_usb_out_chars
                0x100047b4      0x104 CMakeFiles/AnassPad.dir/C_/Users/anass/.pico-sdk/sdk/2.0.0/src/rp2_common/pico_stdio_usb/stdio_usb.c.obj
 .text.low_priority_worker_irq
                0x100048b8       0xcc CMakeFiles/AnassPad.dir/C_/Users/anass/.pico-sdk/sdk/2.0.0/src/rp2_common/pico_stdio_usb/stdio_usb.c.obj
 .text.stdio_usb_init
                0x10004984       0xe8 CMakeFiles/AnassPad.dir/C_/Users/anass/.pico-sdk/sdk/2.0.0/src/rp2_common/pico_stdio_usb/stdio_usb.c.obj
                0x10004984                stdio_usb_init
 .text.tud_descriptor_device_cb
                0x10004a6c        0x8 CMakeFiles/AnassPad.dir/C_/Users/anass/.pico-sdk/sdk/2.0.0/src/rp2_common/pico_stdio_usb/stdio_usb_descriptors.c.obj
                0x10004a6c                tud_descriptor_device_cb
 .text.tud_descriptor_configuration_cb
                0x10004a74        0x8 CMakeFiles/AnassPad.dir/C_/Users/anass/.pico-sdk/sdk/2.0.0/src/rp2_common/pico_stdio_usb/stdio_usb_descriptors.c.obj
                0x10004a74                tud_descriptor_configuration_cb
 .text.tud_descriptor_string_cb
                0x10004a7c       0x78 CMakeFiles/AnassPad.dir/C_/Users/anass/.pico-sdk/sdk/2.0.0/src/rp2_common/pico_stdio_usb/stdio_usb_descriptors.c.obj
                0x10004a7c                tud_descriptor_string_cb
 .text.startup._retrieve_unique_id_on_boot
                0x10004af4       0x10 CMakeFiles/AnassPad.dir/C_/Users/anass/.pico-sdk/sdk/2.0.0/src/rp2_common/pico_unique_id/unique_id.c.obj
 .text.pico_get_unique_board_id_string
                0x10004b04      0x1a8 CMakeFiles/AnassPad.dir/C_/Users/anass/.pico-sdk/sdk/2.0.0/src/rp2_common/pico_unique_id/unique_id.c.obj
                0x10004b04                pico_get_unique_board_id_string
 .text.flash_get_unique_id
                0x10004cac       0x3c CMakeFiles/AnassPad.dir/C_/Users/anass/.pico-sdk/sdk/2.0.0/src/rp2_common/hardware_flash/flash.c.obj
                0x10004cac                flash_get_unique_id
 .text.dcd_init
                0x10004ce8       0x8c CMakeFiles/AnassPad.dir/C_/Users/anass/.pico-sdk/sdk/2.0.0/lib/tinyusb/src/portable/raspberrypi/rp2040/dcd_rp2040.c.obj
                0x10004ce8                dcd_init
 .text.dcd_int_enable
                0x10004d74        0xc CMakeFiles/AnassPad.dir/C_/Users/anass/.pico-sdk/sdk/2.0.0/lib/tinyusb/src/portable/raspberrypi/rp2040/dcd_rp2040.c.obj
                0x10004d74                dcd_int_enable
 .text.dcd_set_address
                0x10004d80       0x14 CMakeFiles/AnassPad.dir/C_/Users/anass/.pico-sdk/sdk/2.0.0/lib/tinyusb/src/portable/raspberrypi/rp2040/dcd_rp2040.c.obj
                0x10004d80                dcd_set_address
 .text.dcd_sof_enable
                0x10004d94       0x1c CMakeFiles/AnassPad.dir/C_/Users/anass/.pico-sdk/sdk/2.0.0/lib/tinyusb/src/portable/raspberrypi/rp2040/dcd_rp2040.c.obj
                0x10004d94                dcd_sof_enable
 .text.dcd_edpt0_status_complete
                0x10004db0       0x1c CMakeFiles/AnassPad.dir/C_/Users/anass/.pico-sdk/sdk/2.0.0/lib/tinyusb/src/portable/raspberrypi/rp2040/dcd_rp2040.c.obj
                0x10004db0                dcd_edpt0_status_complete
 .text.dcd_edpt_open
                0x10004dcc      0x108 CMakeFiles/AnassPad.dir/C_/Users/anass/.pico-sdk/sdk/2.0.0/lib/tinyusb/src/portable/raspberrypi/rp2040/dcd_rp2040.c.obj
                0x10004dcc                dcd_edpt_open
 .text.dcd_edpt_close_all
                0x10004ed4        0x8 CMakeFiles/AnassPad.dir/C_/Users/anass/.pico-sdk/sdk/2.0.0/lib/tinyusb/src/portable/raspberrypi/rp2040/dcd_rp2040.c.obj
                0x10004ed4                dcd_edpt_close_all
 .text.dcd_edpt_xfer
                0x10004edc       0x24 CMakeFiles/AnassPad.dir/C_/Users/anass/.pico-sdk/sdk/2.0.0/lib/tinyusb/src/portable/raspberrypi/rp2040/dcd_rp2040.c.obj
                0x10004edc                dcd_edpt_xfer
 .text.dcd_edpt_stall
                0x10004f00       0x34 CMakeFiles/AnassPad.dir/C_/Users/anass/.pico-sdk/sdk/2.0.0/lib/tinyusb/src/portable/raspberrypi/rp2040/dcd_rp2040.c.obj
                0x10004f00                dcd_edpt_stall
 .text.dcd_edpt_clear_stall
                0x10004f34       0x30 CMakeFiles/AnassPad.dir/C_/Users/anass/.pico-sdk/sdk/2.0.0/lib/tinyusb/src/portable/raspberrypi/rp2040/dcd_rp2040.c.obj
                0x10004f34                dcd_edpt_clear_stall
 .text.rp2040_usb_init
                0x10004f64       0x40 CMakeFiles/AnassPad.dir/C_/Users/anass/.pico-sdk/sdk/2.0.0/lib/tinyusb/src/portable/raspberrypi/rp2040/rp2040_usb.c.obj
                0x10004f64                rp2040_usb_init
 .text.hw_endpoint_xfer_start
                0x10004fa4       0x40 CMakeFiles/AnassPad.dir/C_/Users/anass/.pico-sdk/sdk/2.0.0/lib/tinyusb/src/portable/raspberrypi/rp2040/rp2040_usb.c.obj
                0x10004fa4                hw_endpoint_xfer_start
 .text.tud_event_hook_cb
                0x10004fe4        0x4 CMakeFiles/AnassPad.dir/C_/Users/anass/.pico-sdk/sdk/2.0.0/lib/tinyusb/src/device/usbd.c.obj
                0x10004fe4                tud_event_hook_cb
 .text.tud_sof_cb
                0x10004fe8        0x4 CMakeFiles/AnassPad.dir/C_/Users/anass/.pico-sdk/sdk/2.0.0/lib/tinyusb/src/device/usbd.c.obj
                0x10004fe8                tud_sof_cb
 .text.tud_descriptor_device_qualifier_cb
                0x10004fec        0x4 CMakeFiles/AnassPad.dir/C_/Users/anass/.pico-sdk/sdk/2.0.0/lib/tinyusb/src/device/usbd.c.obj
                0x10004fec                tud_descriptor_device_qualifier_cb
 .text.tud_descriptor_other_speed_configuration_cb
                0x10004ff0        0x4 CMakeFiles/AnassPad.dir/C_/Users/anass/.pico-sdk/sdk/2.0.0/lib/tinyusb/src/device/usbd.c.obj
                0x10004ff0                tud_descriptor_other_speed_configuration_cb
 .text.tud_mount_cb
                0x10004ff4        0x4 CMakeFiles/AnassPad.dir/C_/Users/anass/.pico-sdk/sdk/2.0.0/lib/tinyusb/src/device/usbd.c.obj
                0x10004ff4                tud_mount_cb
 .text.tud_umount_cb
                0x10004ff8        0x4 CMakeFiles/AnassPad.dir/C_/Users/anass/.pico-sdk/sdk/2.0.0/lib/tinyusb/src/device/usbd.c.obj
                0x10004ff8                tud_umount_cb
 .text.tud_suspend_cb
                0x10004ffc        0x4 CMakeFiles/AnassPad.dir/C_/Users/anass/.pico-sdk/sdk/2.0.0/lib/tinyusb/src/device/usbd.c.obj
                0x10004ffc                tud_suspend_cb
 .text.tud_resume_cb
                0x10005000        0x4 CMakeFiles/AnassPad.dir/C_/Users/anass/.pico-sdk/sdk/2.0.0/lib/tinyusb/src/device/usbd.c.obj
                0x10005000                tud_resume_cb
 .text.tud_mounted
                0x10005004       0x10 CMakeFiles/AnassPad.dir/C_/Users/anass/.pico-sdk/sdk/2.0.0/lib/tinyusb/src/device/usbd.c.obj
                0x10005004                tud_mounted
 .text.tud_suspended
                0x10005014       0x10 CMakeFiles/AnassPad.dir/C_/Users/anass/.pico-sdk/sdk/2.0.0/lib/tinyusb/src/device/usbd.c.obj
                0x10005014                tud_suspended
 .text.tud_init
                0x10005024       0xe4 CMakeFiles/AnassPad.dir/C_/Users/anass/.pico-sdk/sdk/2.0.0/lib/tinyusb/src/device/usbd.c.obj
                0x10005024                tud_init
 .text.tud_task_ext
                0x10005108      0x800 CMakeFiles/AnassPad.dir/C_/Users/anass/.pico-sdk/sdk/2.0.0/lib/tinyusb/src/device/usbd.c.obj
                0x10005108                tud_task_ext
 .text.usbd_open_edpt_pair
                0x10005908       0x9c CMakeFiles/AnassPad.dir/C_/Users/anass/.pico-sdk/sdk/2.0.0/lib/tinyusb/src/device/usbd.c.obj
                0x10005908                usbd_open_edpt_pair
 .text.usbd_edpt_open
                0x100059a4       0x34 CMakeFiles/AnassPad.dir/C_/Users/anass/.pico-sdk/sdk/2.0.0/lib/tinyusb/src/device/usbd.c.obj
                0x100059a4                usbd_edpt_open
 .text.usbd_edpt_claim
                0x100059d8       0x28 CMakeFiles/AnassPad.dir/C_/Users/anass/.pico-sdk/sdk/2.0.0/lib/tinyusb/src/device/usbd.c.obj
                0x100059d8                usbd_edpt_claim
 .text.usbd_edpt_release
                0x10005a00       0x28 CMakeFiles/AnassPad.dir/C_/Users/anass/.pico-sdk/sdk/2.0.0/lib/tinyusb/src/device/usbd.c.obj
                0x10005a00                usbd_edpt_release
 .text.usbd_edpt_xfer
                0x10005a28       0x4c CMakeFiles/AnassPad.dir/C_/Users/anass/.pico-sdk/sdk/2.0.0/lib/tinyusb/src/device/usbd.c.obj
                0x10005a28                usbd_edpt_xfer
 .text.tud_control_status
                0x10005a74       0x2c CMakeFiles/AnassPad.dir/C_/Users/anass/.pico-sdk/sdk/2.0.0/lib/tinyusb/src/device/usbd_control.c.obj
                0x10005a74                tud_control_status
 .text.tud_control_xfer
                0x10005aa0       0xac CMakeFiles/AnassPad.dir/C_/Users/anass/.pico-sdk/sdk/2.0.0/lib/tinyusb/src/device/usbd_control.c.obj
                0x10005aa0                tud_control_xfer
 .text.usbd_control_reset
                0x10005b4c       0x14 CMakeFiles/AnassPad.dir/C_/Users/anass/.pico-sdk/sdk/2.0.0/lib/tinyusb/src/device/usbd_control.c.obj
                0x10005b4c                usbd_control_reset
 .text.usbd_control_set_complete_callback
                0x10005b60        0xc CMakeFiles/AnassPad.dir/C_/Users/anass/.pico-sdk/sdk/2.0.0/lib/tinyusb/src/device/usbd_control.c.obj
                0x10005b60                usbd_control_set_complete_callback
 .text.usbd_control_set_request
                0x10005b6c       0x1c CMakeFiles/AnassPad.dir/C_/Users/anass/.pico-sdk/sdk/2.0.0/lib/tinyusb/src/device/usbd_control.c.obj
                0x10005b6c                usbd_control_set_request
 .text.usbd_control_xfer_cb
                0x10005b88       0xec CMakeFiles/AnassPad.dir/C_/Users/anass/.pico-sdk/sdk/2.0.0/lib/tinyusb/src/device/usbd_control.c.obj
                0x10005b88                usbd_control_xfer_cb
 .text._prep_out_transaction.isra.0
                0x10005c74       0x5c CMakeFiles/AnassPad.dir/C_/Users/anass/.pico-sdk/sdk/2.0.0/lib/tinyusb/src/class/cdc/cdc_device.c.obj
 .text.tud_cdc_n_connected
                0x10005cd0       0x30 CMakeFiles/AnassPad.dir/C_/Users/anass/.pico-sdk/sdk/2.0.0/lib/tinyusb/src/class/cdc/cdc_device.c.obj
                0x10005cd0                tud_cdc_n_connected
 .text.tud_cdc_n_available
                0x10005d00       0x18 CMakeFiles/AnassPad.dir/C_/Users/anass/.pico-sdk/sdk/2.0.0/lib/tinyusb/src/class/cdc/cdc_device.c.obj
                0x10005d00                tud_cdc_n_available
 .text.tud_cdc_n_read
                0x10005d18       0x98 CMakeFiles/AnassPad.dir/C_/Users/anass/.pico-sdk/sdk/2.0.0/lib/tinyusb/src/class/cdc/cdc_device.c.obj
                0x10005d18                tud_cdc_n_read
 .text.tud_cdc_n_write_flush
                0x10005db0       0x78 CMakeFiles/AnassPad.dir/C_/Users/anass/.pico-sdk/sdk/2.0.0/lib/tinyusb/src/class/cdc/cdc_device.c.obj
                0x10005db0                tud_cdc_n_write_flush
 .text.tud_cdc_n_write
                0x10005e28       0x40 CMakeFiles/AnassPad.dir/C_/Users/anass/.pico-sdk/sdk/2.0.0/lib/tinyusb/src/class/cdc/cdc_device.c.obj
                0x10005e28                tud_cdc_n_write
 .text.tud_cdc_n_write_available
                0x10005e68       0x18 CMakeFiles/AnassPad.dir/C_/Users/anass/.pico-sdk/sdk/2.0.0/lib/tinyusb/src/class/cdc/cdc_device.c.obj
                0x10005e68                tud_cdc_n_write_available
 .text.cdcd_init
                0x10005e80       0x7c CMakeFiles/AnassPad.dir/C_/Users/anass/.pico-sdk/sdk/2.0.0/lib/tinyusb/src/class/cdc/cdc_device.c.obj
                0x10005e80                cdcd_init
 .text.cdcd_deinit
                0x10005efc       0x34 CMakeFiles/AnassPad.dir/C_/Users/anass/.pico-sdk/sdk/2.0.0/lib/tinyusb/src/class/cdc/cdc_device.c.obj
                0x10005efc                cdcd_deinit
 .text.cdcd_reset
                0x10005f30       0x4c CMakeFiles/AnassPad.dir/C_/Users/anass/.pico-sdk/sdk/2.0.0/lib/tinyusb/src/class/cdc/cdc_device.c.obj
                0x10005f30                cdcd_reset
 .text.cdcd_open
                0x10005f7c       0xb0 CMakeFiles/AnassPad.dir/C_/Users/anass/.pico-sdk/sdk/2.0.0/lib/tinyusb/src/class/cdc/cdc_device.c.obj
                0x10005f7c                cdcd_open
 .text.cdcd_control_xfer_cb
                0x1000602c       0xe4 CMakeFiles/AnassPad.dir/C_/Users/anass/.pico-sdk/sdk/2.0.0/lib/tinyusb/src/class/cdc/cdc_device.c.obj
                0x1000602c                cdcd_control_xfer_cb
 .text.cdcd_xfer_cb
                0x10006110      0x100 CMakeFiles/AnassPad.dir/C_/Users/anass/.pico-sdk/sdk/2.0.0/lib/tinyusb/src/class/cdc/cdc_device.c.obj
                0x10006110                cdcd_xfer_cb
 .text.tud_vendor_n_write_flush
                0x10006210       0x78 CMakeFiles/AnassPad.dir/C_/Users/anass/.pico-sdk/sdk/2.0.0/lib/tinyusb/src/class/vendor/vendor_device.c.obj
                0x10006210                tud_vendor_n_write_flush
 .text.vendord_init
                0x10006288       0x64 CMakeFiles/AnassPad.dir/C_/Users/anass/.pico-sdk/sdk/2.0.0/lib/tinyusb/src/class/vendor/vendor_device.c.obj
                0x10006288                vendord_init
 .text.vendord_deinit
                0x100062ec       0x34 CMakeFiles/AnassPad.dir/C_/Users/anass/.pico-sdk/sdk/2.0.0/lib/tinyusb/src/class/vendor/vendor_device.c.obj
                0x100062ec                vendord_deinit
 .text.vendord_reset
                0x10006320       0x1c CMakeFiles/AnassPad.dir/C_/Users/anass/.pico-sdk/sdk/2.0.0/lib/tinyusb/src/class/vendor/vendor_device.c.obj
                0x10006320                vendord_reset
 .text.vendord_open
                0x1000633c       0xd8 CMakeFiles/AnassPad.dir/C_/Users/anass/.pico-sdk/sdk/2.0.0/lib/tinyusb/src/class/vendor/vendor_device.c.obj
                0x1000633c                vendord_open
 .text.vendord_xfer_cb
                0x10006414       0xc8 CMakeFiles/AnassPad.dir/C_/Users/anass/.pico-sdk/sdk/2.0.0/lib/tinyusb/src/class/vendor/vendor_device.c.obj
                0x10006414                vendord_xfer_cb
 .text.tusb_init
                0x100064dc        0xc CMakeFiles/AnassPad.dir/C_/Users/anass/.pico-sdk/sdk/2.0.0/lib/tinyusb/src/tusb.c.obj
                0x100064dc                tusb_init
 .text.tu_edpt_claim
                0x100064e8       0x50 CMakeFiles/AnassPad.dir/C_/Users/anass/.pico-sdk/sdk/2.0.0/lib/tinyusb/src/tusb.c.obj
                0x100064e8                tu_edpt_claim
 .text.tu_edpt_release
                0x10006538       0x38 CMakeFiles/AnassPad.dir/C_/Users/anass/.pico-sdk/sdk/2.0.0/lib/tinyusb/src/tusb.c.obj
                0x10006538                tu_edpt_release
 .text.tu_edpt_validate
                0x10006570       0x7c CMakeFiles/AnassPad.dir/C_/Users/anass/.pico-sdk/sdk/2.0.0/lib/tinyusb/src/tusb.c.obj
                0x10006570                tu_edpt_validate
 .text.tu_edpt_bind_driver
                0x100065ec       0x34 CMakeFiles/AnassPad.dir/C_/Users/anass/.pico-sdk/sdk/2.0.0/lib/tinyusb/src/tusb.c.obj
                0x100065ec                tu_edpt_bind_driver
 .text.tu_fifo_config
                0x10006620       0x6c CMakeFiles/AnassPad.dir/C_/Users/anass/.pico-sdk/sdk/2.0.0/lib/tinyusb/src/common/tusb_fifo.c.obj
                0x10006620                tu_fifo_config
 .text.tu_fifo_count
                0x1000668c       0x2c CMakeFiles/AnassPad.dir/C_/Users/anass/.pico-sdk/sdk/2.0.0/lib/tinyusb/src/common/tusb_fifo.c.obj
                0x1000668c                tu_fifo_count
 .text.tu_fifo_empty
                0x100066b8       0x10 CMakeFiles/AnassPad.dir/C_/Users/anass/.pico-sdk/sdk/2.0.0/lib/tinyusb/src/common/tusb_fifo.c.obj
                0x100066b8                tu_fifo_empty
 .text.tu_fifo_remaining
                0x100066c8       0x2c CMakeFiles/AnassPad.dir/C_/Users/anass/.pico-sdk/sdk/2.0.0/lib/tinyusb/src/common/tusb_fifo.c.obj
                0x100066c8                tu_fifo_remaining
 .text.tu_fifo_read
                0x100066f4       0x9c CMakeFiles/AnassPad.dir/C_/Users/anass/.pico-sdk/sdk/2.0.0/lib/tinyusb/src/common/tusb_fifo.c.obj
                0x100066f4                tu_fifo_read
 .text.tu_fifo_read_n
                0x10006790       0xe8 CMakeFiles/AnassPad.dir/C_/Users/anass/.pico-sdk/sdk/2.0.0/lib/tinyusb/src/common/tusb_fifo.c.obj
                0x10006790                tu_fifo_read_n
 .text.tu_fifo_write
                0x10006878       0xa8 CMakeFiles/AnassPad.dir/C_/Users/anass/.pico-sdk/sdk/2.0.0/lib/tinyusb/src/common/tusb_fifo.c.obj
                0x10006878                tu_fifo_write
 .text.tu_fifo_write_n
                0x10006920      0x178 CMakeFiles/AnassPad.dir/C_/Users/anass/.pico-sdk/sdk/2.0.0/lib/tinyusb/src/common/tusb_fifo.c.obj
                0x10006920                tu_fifo_write_n
 .text.tu_fifo_clear
                0x10006a98       0x40 CMakeFiles/AnassPad.dir/C_/Users/anass/.pico-sdk/sdk/2.0.0/lib/tinyusb/src/common/tusb_fifo.c.obj
                0x10006a98                tu_fifo_clear
 .text.tu_fifo_set_overwritable
                0x10006ad8       0x48 CMakeFiles/AnassPad.dir/C_/Users/anass/.pico-sdk/sdk/2.0.0/lib/tinyusb/src/common/tusb_fifo.c.obj
                0x10006ad8                tu_fifo_set_overwritable
 .text.adc_init
                0x10006b20       0x38 CMakeFiles/AnassPad.dir/C_/Users/anass/.pico-sdk/sdk/2.0.0/src/rp2_common/hardware_adc/adc.c.obj
                0x10006b20                adc_init
 .text.strlen   0x10006b58       0x5c C:/Users/anass/.pico-sdk/toolchain/13_2_Rel1/bin/../lib/gcc/arm-none-eabi/13.2.1/thumb/v6-m/nofp\libg.a(libc_a-strlen-stub.o)
                0x10006b58                strlen
 *(.fini)
 .fini          0x10006bb4        0x4 C:/Users/anass/.pico-sdk/toolchain/13_2_Rel1/bin/../lib/gcc/arm-none-eabi/13.2.1/thumb/v6-m/nofp/crti.o
                0x10006bb4                _fini
 .fini.__stub   0x10006bb8       0xc0 linker stubs
 *crtbegin.o(.ctors)
 *crtbegin?.o(.ctors)
 *(EXCLUDE_FILE(*crtend.o *crtend?.o) .ctors)
 *(SORT_BY_NAME(.ctors.*))
 *(.ctors)
 *crtbegin.o(.dtors)
 *crtbegin?.o(.dtors)
 *(EXCLUDE_FILE(*crtend.o *crtend?.o) .dtors)
 *(SORT_BY_NAME(.dtors.*))
 *(.dtors)
                0x10006c78                        . = ALIGN (0x4)
                0x10006c78                        PROVIDE (__preinit_array_start = .)
 *(SORT_BY_NAME(.preinit_array.*))
 .preinit_array.00100
                0x10006c78        0x4 CMakeFiles/AnassPad.dir/C_/Users/anass/.pico-sdk/sdk/2.0.0/src/rp2_common/pico_runtime_init/runtime_init.c.obj
                0x10006c78                __pre_init_runtime_init_early_resets
 .preinit_array.00101
                0x10006c7c        0x4 CMakeFiles/AnassPad.dir/C_/Users/anass/.pico-sdk/sdk/2.0.0/src/rp2_common/pico_runtime_init/runtime_init.c.obj
                0x10006c7c                __pre_init_runtime_init_usb_power_down
 .preinit_array.00275
                0x10006c80        0x4 CMakeFiles/AnassPad.dir/C_/Users/anass/.pico-sdk/sdk/2.0.0/src/rp2_common/pico_bit_ops/bit_ops_aeabi.S.obj
 .preinit_array.00300
                0x10006c84        0x4 CMakeFiles/AnassPad.dir/C_/Users/anass/.pico-sdk/sdk/2.0.0/src/rp2_common/pico_mem_ops/mem_ops_aeabi.S.obj
 .preinit_array.00350
                0x10006c88        0x4 CMakeFiles/AnassPad.dir/C_/Users/anass/.pico-sdk/sdk/2.0.0/src/rp2_common/pico_double/double_aeabi_rp2040.S.obj
 .preinit_array.00350
                0x10006c8c        0x4 CMakeFiles/AnassPad.dir/C_/Users/anass/.pico-sdk/sdk/2.0.0/src/rp2_common/pico_float/float_aeabi_rp2040.S.obj
 .preinit_array.00500
                0x10006c90        0x4 CMakeFiles/AnassPad.dir/C_/Users/anass/.pico-sdk/sdk/2.0.0/src/rp2_common/pico_runtime_init/runtime_init.c.obj
                0x10006c90                __pre_init_runtime_init_clocks
 .preinit_array.00600
                0x10006c94        0x4 CMakeFiles/AnassPad.dir/C_/Users/anass/.pico-sdk/sdk/2.0.0/src/rp2_common/pico_runtime_init/runtime_init.c.obj
                0x10006c94                __pre_init_runtime_init_post_clock_resets
 .preinit_array.00700
                0x10006c98        0x4 CMakeFiles/AnassPad.dir/C_/Users/anass/.pico-sdk/sdk/2.0.0/src/rp2_common/pico_runtime_init/runtime_init.c.obj
                0x10006c98                __pre_init_runtime_init_rp2040_gpio_ie_disable
 .preinit_array.01000
                0x10006c9c        0x4 CMakeFiles/AnassPad.dir/C_/Users/anass/.pico-sdk/sdk/2.0.0/src/rp2_common/pico_runtime_init/runtime_init.c.obj
                0x10006c9c                __pre_init_runtime_init_spin_locks_reset
 .preinit_array.01100
                0x10006ca0        0x4 CMakeFiles/AnassPad.dir/C_/Users/anass/.pico-sdk/sdk/2.0.0/src/common/pico_sync/mutex.c.obj
                0x10006ca0                __pre_init_runtime_init_mutex
 .preinit_array.10080
                0x10006ca4        0x4 CMakeFiles/AnassPad.dir/C_/Users/anass/.pico-sdk/sdk/2.0.0/src/rp2_common/pico_runtime_init/runtime_init.c.obj
                0x10006ca4                __pre_init_runtime_init_install_ram_vector_table
 .preinit_array.11000
                0x10006ca8        0x4 CMakeFiles/AnassPad.dir/C_/Users/anass/.pico-sdk/sdk/2.0.0/src/common/pico_time/time.c.obj
                0x10006ca8                __pre_init_runtime_init_default_alarm_pool
 .preinit_array.YYYYY
                0x10006cac        0x4 CMakeFiles/AnassPad.dir/C_/Users/anass/.pico-sdk/sdk/2.0.0/src/rp2_common/pico_runtime/runtime.c.obj
                0x10006cac                __pre_init_first_per_core_initializer
 .preinit_array.ZZZZZ.01200
                0x10006cb0        0x4 CMakeFiles/AnassPad.dir/C_/Users/anass/.pico-sdk/sdk/2.0.0/src/rp2_common/hardware_irq/irq.c.obj
                0x10006cb0                __pre_init_runtime_init_per_core_irq_priorities
 *(.preinit_array)
                0x10006cb4                        PROVIDE (__preinit_array_end = .)
                0x10006cb4                        . = ALIGN (0x4)
                0x10006cb4                        PROVIDE (__init_array_start = .)
 *(SORT_BY_NAME(.init_array.*))
 *(.init_array)
 .init_array    0x10006cb4        0x4 C:/Users/anass/.pico-sdk/toolchain/13_2_Rel1/bin/../lib/gcc/arm-none-eabi/13.2.1/thumb/v6-m/nofp/crtbegin.o
 .init_array    0x10006cb8        0x4 CMakeFiles/AnassPad.dir/C_/Users/anass/.pico-sdk/sdk/2.0.0/src/rp2_common/pico_unique_id/unique_id.c.obj
                0x10006cbc                        PROVIDE (__init_array_end = .)
                0x10006cbc                        . = ALIGN (0x4)
                [!provide]                        PROVIDE (__fini_array_start = .)
 *(SORT_BY_NAME(.fini_array.*))
 *(.fini_array)
                [!provide]                        PROVIDE (__fini_array_end = .)
 *(.eh_frame*)
 .eh_frame      0x10006cbc        0x0 C:/Users/anass/.pico-sdk/toolchain/13_2_Rel1/bin/../lib/gcc/arm-none-eabi/13.2.1/thumb/v6-m/nofp/crtbegin.o
                0x10006cbc                        . = ALIGN (0x4)

.glue_7         0x10006cbc        0x0
 .glue_7        0x10006cbc        0x0 linker stubs

.glue_7t        0x10006cbc        0x0
 .glue_7t       0x10006cbc        0x0 linker stubs

.vfp11_veneer   0x10006cbc        0x0
 .vfp11_veneer  0x10006cbc        0x0 linker stubs

.v4_bx          0x10006cbc        0x0
 .v4_bx         0x10006cbc        0x0 linker stubs

.iplt           0x10006cbc        0x0
 .iplt          0x10006cbc        0x0 C:/Users/anass/.pico-sdk/toolchain/13_2_Rel1/bin/../lib/gcc/arm-none-eabi/13.2.1/thumb/v6-m/nofp/crtbegin.o

.rodata         0x10006cc0      0x70c
 *(EXCLUDE_FILE(*libm.a: *libc.a:*lib_a-mem*.o *libgcc.a:) .rodata*)
 .rodata.init_keys_config.str1.4
                0x10006cc0      0x224 CMakeFiles/AnassPad.dir/AnassPad.c.obj
                                 0x22 (size before relaxing)
 .rodata.main.str1.4
                0x10006ee4       0x9a CMakeFiles/AnassPad.dir/AnassPad.c.obj
 .rodata        0x10006ee4       0x40 CMakeFiles/AnassPad.dir/AnassPad.c.obj
 .rodata.panic.str1.4
                0x10006f24       0x12 CMakeFiles/AnassPad.dir/C_/Users/anass/.pico-sdk/sdk/2.0.0/src/rp2_common/pico_platform_panic/panic.c.obj
 .rodata.spin_lock_claim_unused.str1.4
                0x10006f24       0x1b CMakeFiles/AnassPad.dir/C_/Users/anass/.pico-sdk/sdk/2.0.0/src/rp2_common/hardware_sync/sync.c.obj
 .rodata.user_irq_claim_unused.str1.4
                0x10006f24       0x1b CMakeFiles/AnassPad.dir/C_/Users/anass/.pico-sdk/sdk/2.0.0/src/rp2_common/hardware_irq/irq.c.obj
 .rodata.timer_hardware_alarm_claim.str1.4
                0x10006f24       0x22 CMakeFiles/AnassPad.dir/C_/Users/anass/.pico-sdk/sdk/2.0.0/src/rp2_common/hardware_timer/timer.c.obj
 .rodata.hard_assertion_failure.str1.4
                0x10006f24        0xc CMakeFiles/AnassPad.dir/C_/Users/anass/.pico-sdk/sdk/2.0.0/src/rp2_common/pico_runtime/runtime.c.obj
 .rodata.str1.4
                0x10006f24       0x34 CMakeFiles/AnassPad.dir/C_/Users/anass/.pico-sdk/sdk/2.0.0/src/rp2_common/pico_standard_binary_info/standard_binary_info.c.obj
 .rodata.__bi_84
                0x10006f24        0xc CMakeFiles/AnassPad.dir/C_/Users/anass/.pico-sdk/sdk/2.0.0/src/rp2_common/pico_standard_binary_info/standard_binary_info.c.obj
 .rodata.__bi_60
                0x10006f30        0xc CMakeFiles/AnassPad.dir/C_/Users/anass/.pico-sdk/sdk/2.0.0/src/rp2_common/pico_standard_binary_info/standard_binary_info.c.obj
 .rodata.__bi_54
                0x10006f3c        0xc CMakeFiles/AnassPad.dir/C_/Users/anass/.pico-sdk/sdk/2.0.0/src/rp2_common/pico_standard_binary_info/standard_binary_info.c.obj
 .rodata.__bi_48
                0x10006f48        0xc CMakeFiles/AnassPad.dir/C_/Users/anass/.pico-sdk/sdk/2.0.0/src/rp2_common/pico_standard_binary_info/standard_binary_info.c.obj
 .rodata.__bi_42
                0x10006f54        0xc CMakeFiles/AnassPad.dir/C_/Users/anass/.pico-sdk/sdk/2.0.0/src/rp2_common/pico_standard_binary_info/standard_binary_info.c.obj
 .rodata.__bi_34
                0x10006f60        0xc CMakeFiles/AnassPad.dir/C_/Users/anass/.pico-sdk/sdk/2.0.0/src/rp2_common/pico_standard_binary_info/standard_binary_info.c.obj
 .rodata.__bi_26
                0x10006f6c        0xc CMakeFiles/AnassPad.dir/C_/Users/anass/.pico-sdk/sdk/2.0.0/src/rp2_common/pico_standard_binary_info/standard_binary_info.c.obj
 .rodata._ftoa.str1.4
                0x10006f78       0x15 CMakeFiles/AnassPad.dir/C_/Users/anass/.pico-sdk/sdk/2.0.0/src/rp2_common/pico_printf/printf.c.obj
 .rodata._vsnprintf
                0x10006f78      0x19c CMakeFiles/AnassPad.dir/C_/Users/anass/.pico-sdk/sdk/2.0.0/src/rp2_common/pico_printf/printf.c.obj
 *fill*         0x10007114        0x4 
 .rodata.pow10.0
                0x10007118       0x50 CMakeFiles/AnassPad.dir/C_/Users/anass/.pico-sdk/sdk/2.0.0/src/rp2_common/pico_printf/printf.c.obj
 .rodata.crlf_str.0
                0x10007168        0x2 CMakeFiles/AnassPad.dir/C_/Users/anass/.pico-sdk/sdk/2.0.0/src/rp2_common/pico_stdio/stdio.c.obj
 *fill*         0x1000716a        0x2 
 .rodata._resetd_driver
                0x1000716c       0x20 CMakeFiles/AnassPad.dir/C_/Users/anass/.pico-sdk/sdk/2.0.0/src/rp2_common/pico_stdio_usb/reset_interface.c.obj
 .rodata.desc_ms_os_20
                0x1000718c       0xa6 CMakeFiles/AnassPad.dir/C_/Users/anass/.pico-sdk/sdk/2.0.0/src/rp2_common/pico_stdio_usb/reset_interface.c.obj
 *fill*         0x10007232        0x2 
 .rodata.desc_bos
                0x10007234       0x21 CMakeFiles/AnassPad.dir/C_/Users/anass/.pico-sdk/sdk/2.0.0/src/rp2_common/pico_stdio_usb/reset_interface.c.obj
                0x10007234                desc_bos
 .rodata.str1.4
                0x10007255       0x13 CMakeFiles/AnassPad.dir/C_/Users/anass/.pico-sdk/sdk/2.0.0/src/rp2_common/pico_stdio_usb/stdio_usb.c.obj
 *fill*         0x10007255        0x3 
 .rodata.__bi_197.0
                0x10007258        0xc CMakeFiles/AnassPad.dir/C_/Users/anass/.pico-sdk/sdk/2.0.0/src/rp2_common/pico_stdio_usb/stdio_usb.c.obj
 .rodata.str1.4
                0x10007264       0x2a CMakeFiles/AnassPad.dir/C_/Users/anass/.pico-sdk/sdk/2.0.0/src/rp2_common/pico_stdio_usb/stdio_usb_descriptors.c.obj
 .rodata.usbd_desc_str
                0x10007264       0x18 CMakeFiles/AnassPad.dir/C_/Users/anass/.pico-sdk/sdk/2.0.0/src/rp2_common/pico_stdio_usb/stdio_usb_descriptors.c.obj
 .rodata.usbd_desc_cfg
                0x1000727c       0x54 CMakeFiles/AnassPad.dir/C_/Users/anass/.pico-sdk/sdk/2.0.0/src/rp2_common/pico_stdio_usb/stdio_usb_descriptors.c.obj
 .rodata.usbd_desc_device
                0x100072d0       0x12 CMakeFiles/AnassPad.dir/C_/Users/anass/.pico-sdk/sdk/2.0.0/src/rp2_common/pico_stdio_usb/stdio_usb_descriptors.c.obj
 .rodata.str1.4
                0x100072e2       0x14 CMakeFiles/AnassPad.dir/C_/Users/anass/.pico-sdk/sdk/2.0.0/lib/tinyusb/src/portable/raspberrypi/rp2040/dcd_rp2040.c.obj
 .rodata.str1.4
                0x100072e2       0x48 CMakeFiles/AnassPad.dir/C_/Users/anass/.pico-sdk/sdk/2.0.0/lib/tinyusb/src/portable/raspberrypi/rp2040/rp2040_usb.c.obj
 *fill*         0x100072e2        0x2 
 .rodata.tud_task_ext
                0x100072e4       0x8c CMakeFiles/AnassPad.dir/C_/Users/anass/.pico-sdk/sdk/2.0.0/lib/tinyusb/src/device/usbd.c.obj
 .rodata        0x10007370       0x1c CMakeFiles/AnassPad.dir/C_/Users/anass/.pico-sdk/sdk/2.0.0/lib/tinyusb/src/device/usbd.c.obj
 .rodata._usbd_driver
                0x1000738c       0x40 CMakeFiles/AnassPad.dir/C_/Users/anass/.pico-sdk/sdk/2.0.0/lib/tinyusb/src/device/usbd.c.obj
                0x100073cc                        . = ALIGN (0x4)
 *(SORT_BY_ALIGNMENT(SORT_BY_NAME(.flashdata*)))
                0x100073cc                        . = ALIGN (0x4)

.ARM.extab
 *(.ARM.extab* .gnu.linkonce.armextab.*)
                0x100073cc                        __exidx_start = .

.ARM.exidx
 *(.ARM.exidx* .gnu.linkonce.armexidx.*)
                0x100073cc                        __exidx_end = .
                0x100073cc                        . = ALIGN (0x4)
                0x100073cc                        __binary_info_start = .

.binary_info    0x100073cc       0x20
 *(.binary_info.keep.*)
 .binary_info.keep.__bi_ptr84
                0x100073cc        0x4 CMakeFiles/AnassPad.dir/C_/Users/anass/.pico-sdk/sdk/2.0.0/src/rp2_common/pico_standard_binary_info/standard_binary_info.c.obj
 .binary_info.keep.__bi_ptr60
                0x100073d0        0x4 CMakeFiles/AnassPad.dir/C_/Users/anass/.pico-sdk/sdk/2.0.0/src/rp2_common/pico_standard_binary_info/standard_binary_info.c.obj
 .binary_info.keep.__bi_ptr54
                0x100073d4        0x4 CMakeFiles/AnassPad.dir/C_/Users/anass/.pico-sdk/sdk/2.0.0/src/rp2_common/pico_standard_binary_info/standard_binary_info.c.obj
 .binary_info.keep.__bi_ptr48
                0x100073d8        0x4 CMakeFiles/AnassPad.dir/C_/Users/anass/.pico-sdk/sdk/2.0.0/src/rp2_common/pico_standard_binary_info/standard_binary_info.c.obj
 .binary_info.keep.__bi_ptr42
                0x100073dc        0x4 CMakeFiles/AnassPad.dir/C_/Users/anass/.pico-sdk/sdk/2.0.0/src/rp2_common/pico_standard_binary_info/standard_binary_info.c.obj
 .binary_info.keep.__bi_ptr34
                0x100073e0        0x4 CMakeFiles/AnassPad.dir/C_/Users/anass/.pico-sdk/sdk/2.0.0/src/rp2_common/pico_standard_binary_info/standard_binary_info.c.obj
 .binary_info.keep.__bi_ptr26
                0x100073e4        0x4 CMakeFiles/AnassPad.dir/C_/Users/anass/.pico-sdk/sdk/2.0.0/src/rp2_common/pico_standard_binary_info/standard_binary_info.c.obj
 *(.binary_info.*)
 .binary_info.__bi_ptr197
                0x100073e8        0x4 CMakeFiles/AnassPad.dir/C_/Users/anass/.pico-sdk/sdk/2.0.0/src/rp2_common/pico_stdio_usb/stdio_usb.c.obj
                0x100073ec                        __binary_info_end = .

.rel.dyn        0x100073ec        0x0
 .rel.iplt      0x100073ec        0x0 C:/Users/anass/.pico-sdk/toolchain/13_2_Rel1/bin/../lib/gcc/arm-none-eabi/13.2.1/thumb/v6-m/nofp/crtbegin.o
                0x100073ec                        . = ALIGN (0x4)

.ram_vector_table
                0x20000000       0xc0
 *(.ram_vector_table)
 .ram_vector_table
                0x20000000       0xc0 CMakeFiles/AnassPad.dir/C_/Users/anass/.pico-sdk/sdk/2.0.0/src/rp2_common/pico_runtime_init/runtime_init.c.obj
                0x20000000                ram_vector_table

.uninitialized_data
                0x200000c0        0x0
                0x200000c0                        . = ALIGN (0x4)
 *(.uninitialized_data*)

.data           0x200000c0      0xfa0 load address 0x100073ec
                0x200000c0                        __data_start__ = .
 *(vtable)
 *(.time_critical*)
 .time_critical.mutex_try_enter
                0x200000c0       0x40 CMakeFiles/AnassPad.dir/C_/Users/anass/.pico-sdk/sdk/2.0.0/src/common/pico_sync/mutex.c.obj
                0x200000c0                mutex_try_enter
 .time_critical.mutex_try_enter_block_until
                0x20000100       0x9c CMakeFiles/AnassPad.dir/C_/Users/anass/.pico-sdk/sdk/2.0.0/src/common/pico_sync/mutex.c.obj
                0x20000100                mutex_try_enter_block_until
 .time_critical.mutex_enter_timeout_ms
                0x2000019c       0x90 CMakeFiles/AnassPad.dir/C_/Users/anass/.pico-sdk/sdk/2.0.0/src/common/pico_sync/mutex.c.obj
                0x2000019c                mutex_enter_timeout_ms
 .time_critical.mutex_exit
                0x2000022c       0x28 CMakeFiles/AnassPad.dir/C_/Users/anass/.pico-sdk/sdk/2.0.0/src/common/pico_sync/mutex.c.obj
                0x2000022c                mutex_exit
 .time_critical.flash_init_boot2_copyout
                0x20000254       0x30 CMakeFiles/AnassPad.dir/C_/Users/anass/.pico-sdk/sdk/2.0.0/src/rp2_common/hardware_flash/flash.c.obj
 .time_critical.flash_enable_xip_via_boot2
                0x20000284        0xc CMakeFiles/AnassPad.dir/C_/Users/anass/.pico-sdk/sdk/2.0.0/src/rp2_common/hardware_flash/flash.c.obj
 .time_critical.flash_cs_force
                0x20000290       0x38 CMakeFiles/AnassPad.dir/C_/Users/anass/.pico-sdk/sdk/2.0.0/src/rp2_common/hardware_flash/flash.c.obj
 .time_critical.flash_do_cmd
                0x200002c8       0xc0 CMakeFiles/AnassPad.dir/C_/Users/anass/.pico-sdk/sdk/2.0.0/src/rp2_common/hardware_flash/flash.c.obj
                0x200002c8                flash_do_cmd
 .time_critical.reset_non_control_endpoints
                0x20000388       0x68 CMakeFiles/AnassPad.dir/C_/Users/anass/.pico-sdk/sdk/2.0.0/lib/tinyusb/src/portable/raspberrypi/rp2040/dcd_rp2040.c.obj
 .time_critical.hw_handle_buff_status
                0x200003f0       0xb0 CMakeFiles/AnassPad.dir/C_/Users/anass/.pico-sdk/sdk/2.0.0/lib/tinyusb/src/portable/raspberrypi/rp2040/dcd_rp2040.c.obj
 .time_critical.dcd_rp2040_irq
                0x200004a0      0x578 CMakeFiles/AnassPad.dir/C_/Users/anass/.pico-sdk/sdk/2.0.0/lib/tinyusb/src/portable/raspberrypi/rp2040/dcd_rp2040.c.obj
 .time_critical.prepare_ep_buffer
                0x20000a18       0xe0 CMakeFiles/AnassPad.dir/C_/Users/anass/.pico-sdk/sdk/2.0.0/lib/tinyusb/src/portable/raspberrypi/rp2040/rp2040_usb.c.obj
 .time_critical.sync_ep_buffer
                0x20000af8       0xa8 CMakeFiles/AnassPad.dir/C_/Users/anass/.pico-sdk/sdk/2.0.0/lib/tinyusb/src/portable/raspberrypi/rp2040/rp2040_usb.c.obj
 .time_critical._hw_endpoint_xfer_sync
                0x20000ba0       0x28 CMakeFiles/AnassPad.dir/C_/Users/anass/.pico-sdk/sdk/2.0.0/lib/tinyusb/src/portable/raspberrypi/rp2040/rp2040_usb.c.obj
 .time_critical.e15_is_bulkin_ep
                0x20000bc8       0x28 CMakeFiles/AnassPad.dir/C_/Users/anass/.pico-sdk/sdk/2.0.0/lib/tinyusb/src/portable/raspberrypi/rp2040/rp2040_usb.c.obj
 .time_critical.e15_is_critical_frame_period
                0x20000bf0       0x34 CMakeFiles/AnassPad.dir/C_/Users/anass/.pico-sdk/sdk/2.0.0/lib/tinyusb/src/portable/raspberrypi/rp2040/rp2040_usb.c.obj
 .time_critical.hw_endpoint_reset_transfer
                0x20000c24        0xc CMakeFiles/AnassPad.dir/C_/Users/anass/.pico-sdk/sdk/2.0.0/lib/tinyusb/src/portable/raspberrypi/rp2040/rp2040_usb.c.obj
                0x20000c24                hw_endpoint_reset_transfer
 .time_critical._hw_endpoint_buffer_control_update32
                0x20000c30       0x50 CMakeFiles/AnassPad.dir/C_/Users/anass/.pico-sdk/sdk/2.0.0/lib/tinyusb/src/portable/raspberrypi/rp2040/rp2040_usb.c.obj
                0x20000c30                _hw_endpoint_buffer_control_update32
 .time_critical.hw_endpoint_start_next_buffer
                0x20000c80       0x6c CMakeFiles/AnassPad.dir/C_/Users/anass/.pico-sdk/sdk/2.0.0/lib/tinyusb/src/portable/raspberrypi/rp2040/rp2040_usb.c.obj
                0x20000c80                hw_endpoint_start_next_buffer
 .time_critical.hw_endpoint_xfer_continue
                0x20000cec       0x40 CMakeFiles/AnassPad.dir/C_/Users/anass/.pico-sdk/sdk/2.0.0/lib/tinyusb/src/portable/raspberrypi/rp2040/rp2040_usb.c.obj
                0x20000cec                hw_endpoint_xfer_continue
 .time_critical.tinyusb
                0x20000d2c      0x1e4 CMakeFiles/AnassPad.dir/C_/Users/anass/.pico-sdk/sdk/2.0.0/lib/tinyusb/src/device/usbd.c.obj
                0x20000d2c                dcd_event_handler
 *(.text*)
 .text          0x20000f10        0x4 C:/Users/anass/.pico-sdk/toolchain/13_2_Rel1/bin/../lib/gcc/arm-none-eabi/13.2.1/thumb/v6-m/nofp\libgcc.a(_dvmd_tls.o)
                0x20000f10                __aeabi_idiv0
                0x20000f10                __aeabi_ldiv0
 *fill*         0x20000f14        0x4 
 .text.__stub   0x20000f18       0x80 linker stubs
                0x20000f98                        . = ALIGN (0x4)
 *(.rodata*)
                0x20000f98                        . = ALIGN (0x4)
 *(.data*)
 .data.striped_spin_lock_num
                0x20000f98        0x1 CMakeFiles/AnassPad.dir/C_/Users/anass/.pico-sdk/sdk/2.0.0/src/rp2_common/hardware_sync/sync.c.obj
 *fill*         0x20000f99        0x3 
 .data          0x20000f9c       0x48 CMakeFiles/AnassPad.dir/C_/Users/anass/.pico-sdk/sdk/2.0.0/src/rp2_common/hardware_irq/irq_handler_chain.S.obj
                0x20000f9c                irq_handler_chain_slots
                0x20000fcc                irq_handler_chain_first_slot
                0x20000fd6                irq_handler_chain_remove_tail
 .data.default_alarm_pool
                0x20000fe4       0x18 CMakeFiles/AnassPad.dir/C_/Users/anass/.pico-sdk/sdk/2.0.0/src/common/pico_time/time.c.obj
 *fill*         0x20000ffc        0x4 
 .data.aeabi_bits_funcs
                0x20001000       0x10 CMakeFiles/AnassPad.dir/C_/Users/anass/.pico-sdk/sdk/2.0.0/src/rp2_common/pico_bit_ops/bit_ops_aeabi.S.obj
                0x20001000                aeabi_bits_funcs
                0x20001010                aeabi_bits_funcs_end
 .data.aeabi_mem_funcs
                0x20001010       0x10 CMakeFiles/AnassPad.dir/C_/Users/anass/.pico-sdk/sdk/2.0.0/src/rp2_common/pico_mem_ops/mem_ops_aeabi.S.obj
                0x20001010                aeabi_mem_funcs
                0x20001020                aeabi_mem_funcs_end
 .data.stdio_usb
                0x20001020       0x18 CMakeFiles/AnassPad.dir/C_/Users/anass/.pico-sdk/sdk/2.0.0/src/rp2_common/pico_stdio_usb/stdio_usb.c.obj
                0x20001020                stdio_usb
 .data._usbd_qdef
                0x20001038       0x1c CMakeFiles/AnassPad.dir/C_/Users/anass/.pico-sdk/sdk/2.0.0/lib/tinyusb/src/device/usbd.c.obj
                0x20001038                _usbd_qdef
 .data._usbd_rhport
                0x20001054        0x1 CMakeFiles/AnassPad.dir/C_/Users/anass/.pico-sdk/sdk/2.0.0/lib/tinyusb/src/device/usbd.c.obj
                0x20001058                        . = ALIGN (0x4)
 *fill*         0x20001055        0x3 
 *(.after_data.*)
                0x20001058                        . = ALIGN (0x4)
                0x20001058                        PROVIDE (__mutex_array_start = .)
 *(SORT_BY_NAME(.mutex_array.*))
 *(.mutex_array)
 .mutex_array   0x20001058        0x8 CMakeFiles/AnassPad.dir/C_/Users/anass/.pico-sdk/sdk/2.0.0/src/rp2_common/pico_stdio/stdio.c.obj
                0x20001060                        PROVIDE (__mutex_array_end = .)
                0x20001060                        . = ALIGN (0x4)
 *(.jcr)
                0x20001060                        . = ALIGN (0x4)

.tm_clone_table
                0x20001060        0x0 load address 0x1000838c
 .tm_clone_table
                0x20001060        0x0 C:/Users/anass/.pico-sdk/toolchain/13_2_Rel1/bin/../lib/gcc/arm-none-eabi/13.2.1/thumb/v6-m/nofp/crtbegin.o
 .tm_clone_table
                0x20001060        0x0 C:/Users/anass/.pico-sdk/toolchain/13_2_Rel1/bin/../lib/gcc/arm-none-eabi/13.2.1/thumb/v6-m/nofp/crtend.o

.igot.plt       0x20001060        0x0 load address 0x1000838c
 .igot.plt      0x20001060        0x0 C:/Users/anass/.pico-sdk/toolchain/13_2_Rel1/bin/../lib/gcc/arm-none-eabi/13.2.1/thumb/v6-m/nofp/crtbegin.o

.tdata          0x20001060        0x0 load address 0x1000838c
                0x20001060                        . = ALIGN (0x4)
 *(.tdata .tdata.* .gnu.linkonce.td.*)
                0x20001060                        __tdata_end = .
                0x20001060                        PROVIDE (__data_end__ = .)
                0x100073ec                        __etext = LOADADDR (.data)

.tbss           0x20001060        0x0 load address 0x1000838c
                0x20001060                        . = ALIGN (0x4)
                0x20001060                        __bss_start__ = .
                0x20001060                        __tls_base = .
 *(.tbss .tbss.* .gnu.linkonce.tb.*)
 *(.tcommon)
                0x20001060                        __tls_end = .

.bss            0x20001060     0x10c4 load address 0x1000838c
                0x20001060                        . = ALIGN (0x4)
                0x20001060                        __tbss_end = .
 *(SORT_BY_ALIGNMENT(SORT_BY_NAME(.bss*)))
 .bss._vendord_itf
                0x20001060      0x2bc CMakeFiles/AnassPad.dir/C_/Users/anass/.pico-sdk/sdk/2.0.0/lib/tinyusb/src/class/vendor/vendor_device.c.obj
 *fill*         0x2000131c        0x4 
 .bss.default_alarm_pool_entries
                0x20001320      0x180 CMakeFiles/AnassPad.dir/C_/Users/anass/.pico-sdk/sdk/2.0.0/src/common/pico_time/time.c.obj
 .bss.last_avail_time.1
                0x200014a0        0x8 CMakeFiles/AnassPad.dir/C_/Users/anass/.pico-sdk/sdk/2.0.0/src/rp2_common/pico_stdio_usb/stdio_usb.c.obj
 .bss.sd_table  0x200014a8      0x100 CMakeFiles/AnassPad.dir/C_/Users/anass/.pico-sdk/sdk/2.0.0/src/rp2_common/pico_double/double_init_rom_rp2040.c.obj
                0x200014a8                sd_table
 .bss.sf_table  0x200015a8      0x100 CMakeFiles/AnassPad.dir/C_/Users/anass/.pico-sdk/sdk/2.0.0/src/rp2_common/pico_float/float_init_rom_rp2040.c.obj
                0x200015a8                sf_table
 .bss.sma_buffer_key1
                0x200016a8        0x8 CMakeFiles/AnassPad.dir/AnassPad.c.obj
                0x200016a8                sma_buffer_key1
 .bss.sma_buffer_key2
                0x200016b0        0x8 CMakeFiles/AnassPad.dir/AnassPad.c.obj
                0x200016b0                sma_buffer_key2
 .bss._app_driver
                0x200016b8        0x4 CMakeFiles/AnassPad.dir/C_/Users/anass/.pico-sdk/sdk/2.0.0/lib/tinyusb/src/device/usbd.c.obj
 .bss._cdcd_fifo_cfg
                0x200016bc        0x1 CMakeFiles/AnassPad.dir/C_/Users/anass/.pico-sdk/sdk/2.0.0/lib/tinyusb/src/class/cdc/cdc_device.c.obj
 *fill*         0x200016bd        0x3 
 .bss._cdcd_itf
                0x200016c0      0x2c8 CMakeFiles/AnassPad.dir/C_/Users/anass/.pico-sdk/sdk/2.0.0/lib/tinyusb/src/class/cdc/cdc_device.c.obj
 .bss._ctrl_xfer
                0x20001988       0x14 CMakeFiles/AnassPad.dir/C_/Users/anass/.pico-sdk/sdk/2.0.0/lib/tinyusb/src/device/usbd_control.c.obj
 .bss._ubsd_mutexdef
                0x2000199c        0x8 CMakeFiles/AnassPad.dir/C_/Users/anass/.pico-sdk/sdk/2.0.0/lib/tinyusb/src/device/usbd.c.obj
 .bss._usbd_ctrl_buf
                0x200019a4       0x40 CMakeFiles/AnassPad.dir/C_/Users/anass/.pico-sdk/sdk/2.0.0/lib/tinyusb/src/device/usbd_control.c.obj
 .bss._usbd_dev
                0x200019e4       0x54 CMakeFiles/AnassPad.dir/C_/Users/anass/.pico-sdk/sdk/2.0.0/lib/tinyusb/src/device/usbd.c.obj
 .bss._usbd_mutex
                0x20001a38        0x4 CMakeFiles/AnassPad.dir/C_/Users/anass/.pico-sdk/sdk/2.0.0/lib/tinyusb/src/device/usbd.c.obj
 .bss._usbd_q   0x20001a3c        0x4 CMakeFiles/AnassPad.dir/C_/Users/anass/.pico-sdk/sdk/2.0.0/lib/tinyusb/src/device/usbd.c.obj
 .bss._usbd_qdef_buf
                0x20001a40       0xc0 CMakeFiles/AnassPad.dir/C_/Users/anass/.pico-sdk/sdk/2.0.0/lib/tinyusb/src/device/usbd.c.obj
                0x20001a40                _usbd_qdef_buf
 .bss.boot2_copyout
                0x20001b00      0x100 CMakeFiles/AnassPad.dir/C_/Users/anass/.pico-sdk/sdk/2.0.0/src/rp2_common/hardware_flash/flash.c.obj
 .bss.chars_available_callback
                0x20001c00        0x4 CMakeFiles/AnassPad.dir/C_/Users/anass/.pico-sdk/sdk/2.0.0/src/rp2_common/pico_stdio_usb/stdio_usb.c.obj
 .bss.chars_available_param
                0x20001c04        0x4 CMakeFiles/AnassPad.dir/C_/Users/anass/.pico-sdk/sdk/2.0.0/src/rp2_common/pico_stdio_usb/stdio_usb.c.obj
 .bss.claimed   0x20001c08        0x4 CMakeFiles/AnassPad.dir/C_/Users/anass/.pico-sdk/sdk/2.0.0/src/rp2_common/hardware_sync/sync.c.obj
 .bss.claimed   0x20001c0c        0x1 CMakeFiles/AnassPad.dir/C_/Users/anass/.pico-sdk/sdk/2.0.0/src/rp2_common/hardware_timer/timer.c.obj
 *fill*         0x20001c0d        0x3 
 .bss.configured_freq
                0x20001c10       0x28 CMakeFiles/AnassPad.dir/C_/Users/anass/.pico-sdk/sdk/2.0.0/src/rp2_common/hardware_clocks/clocks.c.obj
 .bss.desc_str.0
                0x20001c38       0x28 CMakeFiles/AnassPad.dir/C_/Users/anass/.pico-sdk/sdk/2.0.0/src/rp2_common/pico_stdio_usb/stdio_usb_descriptors.c.obj
 .bss.drivers   0x20001c60        0x4 CMakeFiles/AnassPad.dir/C_/Users/anass/.pico-sdk/sdk/2.0.0/src/rp2_common/pico_stdio/stdio.c.obj
 .bss.e15_last_sof
                0x20001c64        0x4 CMakeFiles/AnassPad.dir/C_/Users/anass/.pico-sdk/sdk/2.0.0/lib/tinyusb/src/portable/raspberrypi/rp2040/rp2040_usb.c.obj
                0x20001c64                e15_last_sof
 .bss.filter    0x20001c68        0x4 CMakeFiles/AnassPad.dir/C_/Users/anass/.pico-sdk/sdk/2.0.0/src/rp2_common/pico_stdio/stdio.c.obj
 .bss.hw_endpoints
                0x20001c6c      0x400 CMakeFiles/AnassPad.dir/C_/Users/anass/.pico-sdk/sdk/2.0.0/lib/tinyusb/src/portable/raspberrypi/rp2040/dcd_rp2040.c.obj
 .bss.keyConfigs
                0x2000206c       0x40 CMakeFiles/AnassPad.dir/AnassPad.c.obj
                0x2000206c                keyConfigs
 .bss.lazy_vsnprintf
                0x200020ac        0x4 CMakeFiles/AnassPad.dir/C_/Users/anass/.pico-sdk/sdk/2.0.0/src/rp2_common/pico_printf/printf.c.obj
 .bss.load_value
                0x200020b0        0x4 CMakeFiles/AnassPad.dir/C_/Users/anass/.pico-sdk/sdk/2.0.0/src/rp2_common/hardware_watchdog/watchdog.c.obj
 .bss.next_buffer_ptr
                0x200020b4        0x4 CMakeFiles/AnassPad.dir/C_/Users/anass/.pico-sdk/sdk/2.0.0/lib/tinyusb/src/portable/raspberrypi/rp2040/dcd_rp2040.c.obj
 .bss.object.0  0x200020b8       0x18 C:/Users/anass/.pico-sdk/toolchain/13_2_Rel1/bin/../lib/gcc/arm-none-eabi/13.2.1/thumb/v6-m/nofp/crtbegin.o
 .bss.one_shot_timer_crit_sec
                0x200020d0        0x8 CMakeFiles/AnassPad.dir/C_/Users/anass/.pico-sdk/sdk/2.0.0/src/rp2_common/pico_stdio_usb/stdio_usb.c.obj
 .bss.pools     0x200020d8       0x10 CMakeFiles/AnassPad.dir/C_/Users/anass/.pico-sdk/sdk/2.0.0/src/common/pico_time/time.c.obj
 .bss.retrieved_id
                0x200020e8        0x8 CMakeFiles/AnassPad.dir/C_/Users/anass/.pico-sdk/sdk/2.0.0/src/rp2_common/pico_unique_id/unique_id.c.obj
 .bss.sf_clz_func
                0x200020f0        0x4 CMakeFiles/AnassPad.dir/C_/Users/anass/.pico-sdk/sdk/2.0.0/src/rp2_common/pico_double/double_init_rom_rp2040.c.obj
                0x200020f0                sf_clz_func
 .bss.sleep_notifier
                0x200020f4        0x4 CMakeFiles/AnassPad.dir/C_/Users/anass/.pico-sdk/sdk/2.0.0/src/common/pico_time/time.c.obj
 .bss.sma_sum_key1
                0x200020f8        0x4 CMakeFiles/AnassPad.dir/AnassPad.c.obj
                0x200020f8                sma_sum_key1
 .bss.sma_sum_key2
                0x200020fc        0x4 CMakeFiles/AnassPad.dir/AnassPad.c.obj
                0x200020fc                sma_sum_key2
 .bss.stdio_usb_mutex
                0x20002100        0x8 CMakeFiles/AnassPad.dir/C_/Users/anass/.pico-sdk/sdk/2.0.0/src/rp2_common/pico_stdio_usb/stdio_usb.c.obj
 .bss.usbd_serial_str
                0x20002108       0x11 CMakeFiles/AnassPad.dir/C_/Users/anass/.pico-sdk/sdk/2.0.0/src/rp2_common/pico_stdio_usb/stdio_usb_descriptors.c.obj
 .bss._app_driver_count
                0x20002119        0x1 CMakeFiles/AnassPad.dir/C_/Users/anass/.pico-sdk/sdk/2.0.0/lib/tinyusb/src/device/usbd.c.obj
 .bss._sof_enable
                0x2000211a        0x1 CMakeFiles/AnassPad.dir/C_/Users/anass/.pico-sdk/sdk/2.0.0/lib/tinyusb/src/portable/raspberrypi/rp2040/dcd_rp2040.c.obj
 .bss._usbd_queued_setup
                0x2000211b        0x1 CMakeFiles/AnassPad.dir/C_/Users/anass/.pico-sdk/sdk/2.0.0/lib/tinyusb/src/device/usbd.c.obj
 .bss.boot2_copyout_valid
                0x2000211c        0x1 CMakeFiles/AnassPad.dir/C_/Users/anass/.pico-sdk/sdk/2.0.0/src/rp2_common/hardware_flash/flash.c.obj
 .bss.irq_handler_chain_free_slot_head
                0x2000211d        0x1 CMakeFiles/AnassPad.dir/C_/Users/anass/.pico-sdk/sdk/2.0.0/src/rp2_common/hardware_irq/irq.c.obj
 .bss.itf_num   0x2000211e        0x1 CMakeFiles/AnassPad.dir/C_/Users/anass/.pico-sdk/sdk/2.0.0/src/rp2_common/pico_stdio_usb/reset_interface.c.obj
 .bss.low_priority_irq_num
                0x2000211f        0x1 CMakeFiles/AnassPad.dir/C_/Users/anass/.pico-sdk/sdk/2.0.0/src/rp2_common/pico_stdio_usb/stdio_usb.c.obj
 .bss.one_shot_timer_pending
                0x20002120        0x1 CMakeFiles/AnassPad.dir/C_/Users/anass/.pico-sdk/sdk/2.0.0/src/rp2_common/pico_stdio_usb/stdio_usb.c.obj
 .bss.sma_index_key1
                0x20002121        0x1 CMakeFiles/AnassPad.dir/AnassPad.c.obj
                0x20002121                sma_index_key1
 .bss.sma_index_key2
                0x20002122        0x1 CMakeFiles/AnassPad.dir/AnassPad.c.obj
                0x20002122                sma_index_key2
 .bss.user_irq_claimed
                0x20002123        0x1 CMakeFiles/AnassPad.dir/C_/Users/anass/.pico-sdk/sdk/2.0.0/src/rp2_common/hardware_irq/irq.c.obj
 *(COMMON)
                0x20002124                        . = ALIGN (0x4)
                0x20002124                        __bss_end__ = .

.heap           0x20002124    0x3dedc load address 0x1000838c
                0x20002124                        __end__ = .
                0x20002124                        end = __end__
 *(.heap*)
 .heap          0x20002124      0x800 CMakeFiles/AnassPad.dir/C_/Users/anass/.pico-sdk/sdk/2.0.0/src/rp2_common/pico_crt0/crt0.S.obj
                0x20040000                        . = (ORIGIN (RAM) + LENGTH (RAM))
 *fill*         0x20002924    0x3d6dc 
                0x20040000                        __HeapLimit = .

.scratch_x      0x20040000        0x0 load address 0x1000838c
                0x20040000                        __scratch_x_start__ = .
 *(.scratch_x.*)
                0x20040000                        . = ALIGN (0x4)
                0x20040000                        __scratch_x_end__ = .
                0x1000838c                        __scratch_x_source__ = LOADADDR (.scratch_x)

.scratch_y      0x20041000        0x0 load address 0x1000838c
                0x20041000                        __scratch_y_start__ = .
 *(.scratch_y.*)
                0x20041000                        . = ALIGN (0x4)
                0x20041000                        __scratch_y_end__ = .
                0x1000838c                        __scratch_y_source__ = LOADADDR (.scratch_y)

.stack1_dummy
 *(.stack1*)

.stack_dummy    0x20041000      0x800
 *(.stack*)
 .stack         0x20041000      0x800 CMakeFiles/AnassPad.dir/C_/Users/anass/.pico-sdk/sdk/2.0.0/src/rp2_common/pico_crt0/crt0.S.obj

.flash_end      0x1000838c        0x0
 *(.embedded_end_block*)
                0x1000838c                        PROVIDE (__flash_binary_end = .)
                0x20040000                        __StackLimit = (ORIGIN (RAM) + LENGTH (RAM))
                0x20041000                        __StackOneTop = (ORIGIN (SCRATCH_X) + LENGTH (SCRATCH_X))
                0x20042000                        __StackTop = (ORIGIN (SCRATCH_Y) + LENGTH (SCRATCH_Y))
                0x20041000                        __StackOneBottom = (__StackOneTop - SIZEOF (.stack1_dummy))
                0x20041800                        __StackBottom = (__StackTop - SIZEOF (.stack_dummy))
                0x20042000                        PROVIDE (__stack = __StackTop)
                [!provide]                        PROVIDE (__heap_start = __end__)
                [!provide]                        PROVIDE (__heap_end = __HeapLimit)
                [!provide]                        PROVIDE (__tls_align = MAX (ALIGNOF (.tdata), ALIGNOF (.tbss)))
                [!provide]                        PROVIDE (__tls_size_align = (((__tls_size + __tls_align) - 0x1) & ~ ((__tls_align - 0x1))))
                [!provide]                        PROVIDE (__arm32_tls_tcb_offset = MAX (0x8, __tls_align))
                [!provide]                        PROVIDE (_end = __end__)
                [!provide]                        PROVIDE (__llvm_libc_heap_limit = __HeapLimit)
                0x00000001                        ASSERT ((__StackLimit >= __HeapLimit), region RAM overflowed)
                0x00000001                        ASSERT (((__binary_info_header_end - __logical_binary_start) <= 0x100), Binary info must be in first 256 bytes of the binary)
LOAD CMakeFiles/AnassPad.dir/AnassPad.c.obj
LOAD CMakeFiles/AnassPad.dir/C_/Users/anass/.pico-sdk/sdk/2.0.0/src/rp2_common/pico_stdlib/stdlib.c.obj
LOAD CMakeFiles/AnassPad.dir/C_/Users/anass/.pico-sdk/sdk/2.0.0/src/rp2_common/hardware_gpio/gpio.c.obj
LOAD CMakeFiles/AnassPad.dir/C_/Users/anass/.pico-sdk/sdk/2.0.0/src/rp2040/pico_platform/platform.c.obj
LOAD CMakeFiles/AnassPad.dir/C_/Users/anass/.pico-sdk/sdk/2.0.0/src/rp2_common/pico_platform_panic/panic.c.obj
LOAD CMakeFiles/AnassPad.dir/C_/Users/anass/.pico-sdk/sdk/2.0.0/src/common/hardware_claim/claim.c.obj
LOAD CMakeFiles/AnassPad.dir/C_/Users/anass/.pico-sdk/sdk/2.0.0/src/rp2_common/hardware_sync/sync.c.obj
LOAD CMakeFiles/AnassPad.dir/C_/Users/anass/.pico-sdk/sdk/2.0.0/src/rp2_common/hardware_sync_spin_lock/sync_spin_lock.c.obj
LOAD CMakeFiles/AnassPad.dir/C_/Users/anass/.pico-sdk/sdk/2.0.0/src/rp2_common/hardware_irq/irq.c.obj
LOAD CMakeFiles/AnassPad.dir/C_/Users/anass/.pico-sdk/sdk/2.0.0/src/rp2_common/hardware_irq/irq_handler_chain.S.obj
LOAD CMakeFiles/AnassPad.dir/C_/Users/anass/.pico-sdk/sdk/2.0.0/src/common/pico_sync/sem.c.obj
LOAD CMakeFiles/AnassPad.dir/C_/Users/anass/.pico-sdk/sdk/2.0.0/src/common/pico_sync/lock_core.c.obj
LOAD CMakeFiles/AnassPad.dir/C_/Users/anass/.pico-sdk/sdk/2.0.0/src/common/pico_sync/mutex.c.obj
LOAD CMakeFiles/AnassPad.dir/C_/Users/anass/.pico-sdk/sdk/2.0.0/src/common/pico_sync/critical_section.c.obj
LOAD CMakeFiles/AnassPad.dir/C_/Users/anass/.pico-sdk/sdk/2.0.0/src/common/pico_time/time.c.obj
LOAD CMakeFiles/AnassPad.dir/C_/Users/anass/.pico-sdk/sdk/2.0.0/src/common/pico_time/timeout_helper.c.obj
LOAD CMakeFiles/AnassPad.dir/C_/Users/anass/.pico-sdk/sdk/2.0.0/src/rp2_common/hardware_timer/timer.c.obj
LOAD CMakeFiles/AnassPad.dir/C_/Users/anass/.pico-sdk/sdk/2.0.0/src/common/pico_util/datetime.c.obj
LOAD CMakeFiles/AnassPad.dir/C_/Users/anass/.pico-sdk/sdk/2.0.0/src/common/pico_util/pheap.c.obj
LOAD CMakeFiles/AnassPad.dir/C_/Users/anass/.pico-sdk/sdk/2.0.0/src/common/pico_util/queue.c.obj
LOAD CMakeFiles/AnassPad.dir/C_/Users/anass/.pico-sdk/sdk/2.0.0/src/rp2_common/hardware_uart/uart.c.obj
LOAD CMakeFiles/AnassPad.dir/C_/Users/anass/.pico-sdk/sdk/2.0.0/src/rp2_common/hardware_clocks/clocks.c.obj
LOAD CMakeFiles/AnassPad.dir/C_/Users/anass/.pico-sdk/sdk/2.0.0/src/rp2_common/hardware_pll/pll.c.obj
LOAD CMakeFiles/AnassPad.dir/C_/Users/anass/.pico-sdk/sdk/2.0.0/src/rp2_common/hardware_vreg/vreg.c.obj
LOAD CMakeFiles/AnassPad.dir/C_/Users/anass/.pico-sdk/sdk/2.0.0/src/rp2_common/hardware_watchdog/watchdog.c.obj
LOAD CMakeFiles/AnassPad.dir/C_/Users/anass/.pico-sdk/sdk/2.0.0/src/rp2_common/hardware_ticks/ticks.c.obj
LOAD CMakeFiles/AnassPad.dir/C_/Users/anass/.pico-sdk/sdk/2.0.0/src/rp2_common/hardware_xosc/xosc.c.obj
LOAD CMakeFiles/AnassPad.dir/C_/Users/anass/.pico-sdk/sdk/2.0.0/src/rp2_common/hardware_divider/divider.S.obj
LOAD CMakeFiles/AnassPad.dir/C_/Users/anass/.pico-sdk/sdk/2.0.0/src/rp2_common/pico_runtime/runtime.c.obj
LOAD CMakeFiles/AnassPad.dir/C_/Users/anass/.pico-sdk/sdk/2.0.0/src/rp2_common/pico_runtime_init/runtime_init.c.obj
LOAD CMakeFiles/AnassPad.dir/C_/Users/anass/.pico-sdk/sdk/2.0.0/src/rp2_common/pico_runtime_init/runtime_init_clocks.c.obj
LOAD CMakeFiles/AnassPad.dir/C_/Users/anass/.pico-sdk/sdk/2.0.0/src/rp2_common/pico_runtime_init/runtime_init_stack_guard.c.obj
LOAD CMakeFiles/AnassPad.dir/C_/Users/anass/.pico-sdk/sdk/2.0.0/src/rp2_common/pico_bit_ops/bit_ops_aeabi.S.obj
LOAD CMakeFiles/AnassPad.dir/C_/Users/anass/.pico-sdk/sdk/2.0.0/src/rp2_common/pico_bootrom/bootrom.c.obj
LOAD CMakeFiles/AnassPad.dir/C_/Users/anass/.pico-sdk/sdk/2.0.0/src/rp2_common/pico_bootrom/bootrom_lock.c.obj
LOAD CMakeFiles/AnassPad.dir/C_/Users/anass/.pico-sdk/sdk/2.0.0/src/rp2_common/hardware_boot_lock/boot_lock.c.obj
LOAD CMakeFiles/AnassPad.dir/C_/Users/anass/.pico-sdk/sdk/2.0.0/src/rp2_common/pico_divider/divider_hardware.S.obj
LOAD CMakeFiles/AnassPad.dir/C_/Users/anass/.pico-sdk/sdk/2.0.0/src/rp2_common/pico_double/double_aeabi_rp2040.S.obj
LOAD CMakeFiles/AnassPad.dir/C_/Users/anass/.pico-sdk/sdk/2.0.0/src/rp2_common/pico_double/double_init_rom_rp2040.c.obj
LOAD CMakeFiles/AnassPad.dir/C_/Users/anass/.pico-sdk/sdk/2.0.0/src/rp2_common/pico_double/double_math.c.obj
LOAD CMakeFiles/AnassPad.dir/C_/Users/anass/.pico-sdk/sdk/2.0.0/src/rp2_common/pico_double/double_v1_rom_shim_rp2040.S.obj
LOAD CMakeFiles/AnassPad.dir/C_/Users/anass/.pico-sdk/sdk/2.0.0/src/rp2_common/pico_int64_ops/pico_int64_ops_aeabi.S.obj
LOAD CMakeFiles/AnassPad.dir/C_/Users/anass/.pico-sdk/sdk/2.0.0/src/rp2_common/pico_float/float_aeabi_rp2040.S.obj
LOAD CMakeFiles/AnassPad.dir/C_/Users/anass/.pico-sdk/sdk/2.0.0/src/rp2_common/pico_float/float_init_rom_rp2040.c.obj
LOAD CMakeFiles/AnassPad.dir/C_/Users/anass/.pico-sdk/sdk/2.0.0/src/rp2_common/pico_float/float_math.c.obj
LOAD CMakeFiles/AnassPad.dir/C_/Users/anass/.pico-sdk/sdk/2.0.0/src/rp2_common/pico_float/float_v1_rom_shim_rp2040.S.obj
LOAD CMakeFiles/AnassPad.dir/C_/Users/anass/.pico-sdk/sdk/2.0.0/src/rp2_common/pico_malloc/malloc.c.obj
LOAD CMakeFiles/AnassPad.dir/C_/Users/anass/.pico-sdk/sdk/2.0.0/src/rp2_common/pico_mem_ops/mem_ops_aeabi.S.obj
LOAD CMakeFiles/AnassPad.dir/C_/Users/anass/.pico-sdk/sdk/2.0.0/src/rp2_common/pico_atomic/atomic.c.obj
LOAD CMakeFiles/AnassPad.dir/C_/Users/anass/.pico-sdk/sdk/2.0.0/src/rp2_common/pico_cxx_options/new_delete.cpp.obj
LOAD CMakeFiles/AnassPad.dir/C_/Users/anass/.pico-sdk/sdk/2.0.0/src/rp2_common/pico_standard_binary_info/standard_binary_info.c.obj
LOAD CMakeFiles/AnassPad.dir/C_/Users/anass/.pico-sdk/sdk/2.0.0/src/rp2_common/pico_printf/printf.c.obj
LOAD CMakeFiles/AnassPad.dir/C_/Users/anass/.pico-sdk/sdk/2.0.0/src/rp2_common/pico_crt0/crt0.S.obj
LOAD CMakeFiles/AnassPad.dir/C_/Users/anass/.pico-sdk/sdk/2.0.0/src/rp2_common/pico_clib_interface/newlib_interface.c.obj
LOAD CMakeFiles/AnassPad.dir/C_/Users/anass/.pico-sdk/sdk/2.0.0/src/rp2_common/pico_stdio/stdio.c.obj